Building ComparatorChallenges.FormulaHitting
⚠ [1199/1199] Built ComparatorChallenges.FormulaHitting (1.9s)
warning: ComparatorChallenges/FormulaHitting.lean:57:8: declaration uses `sorry`
Build completed successfully (1199 jobs).
Exporting #[Quot, Quot.mk, Quot.lift, Quot.ind, OAI.NCHitting.universal_hitting, propext, Quot.sound, Classical.choice, Nat.add, Nat.sub, Nat.mul, Nat.pow, Nat.gcd, Nat.div, Nat.mod, Nat.beq, Nat.ble, Nat.land, Nat.lor, Nat.xor, Nat.shiftLeft, Nat.shiftRight, String.ofList, Char.ofNat, List, eagerReduce, Nat, String, String.mk, Char, optParam, autoParam, semiOutParam, outParam] from ComparatorChallenges.FormulaHitting
Building OAI.Algebra.FormulaHitting.Hitting
✔ [1498/1516] Built Mathlib.Data.List.GetD (1.2s)
✔ [1499/1516] Built Mathlib.Order.GameAdd (1.8s)
✔ [1500/1516] Built Mathlib.Data.Finset.Finsupp (1.8s)
✔ [1502/1517] Built Mathlib.Data.List.ToFinsupp (2.4s)
✔ [1504/1517] Built Mathlib.Data.Nat.Factorial.DoubleFactorial (2.5s)
✔ [1506/1517] Built Mathlib.Data.DFinsupp.WellFounded (2.7s)
✔ [1507/1607] Built Mathlib.RingTheory.MvPowerSeries.Order (4.8s)
✔ [1659/1674] Built Mathlib.Data.Finsupp.Interval (2.3s)
✔ [1662/1674] Built Mathlib.Data.Finsupp.WellFounded (1.9s)
✔ [1664/1693] Built Mathlib.Topology.Instances.ENat (2.6s)
✔ [1684/1694] Built Mathlib.Data.Nat.Choose.Multinomial (4.5s)
✔ [1685/1696] Built Mathlib.RingTheory.MvPowerSeries.LexOrder (2.5s)
✔ [1687/1712] Built Mathlib.Topology.Algebra.TopologicallyNilpotent (2.4s)
✔ [1720/1734] Built Mathlib.RingTheory.MvPowerSeries.Trunc (6.1s)
✔ [1722/1839] Built Mathlib.Algebra.MvPolynomial.Coeff (3.3s)
✔ [1959/1976] Built Mathlib.RingTheory.MvPowerSeries.NoZeroDivisors (3.5s)
✔ [1960/1996] Built OAI.Algebra.FormulaHitting.NumeratorRows (2.9s)
✔ [1976/1998] Built Mathlib.RingTheory.MvPowerSeries.PiTopology (3.7s)
✔ [1978/1998] Built Mathlib.RingTheory.MvPowerSeries.Inverse (3.5s)
✔ [1979/1999] Built OAI.Algebra.FormulaHitting.Minors (2.8s)
✔ [1980/1999] Built Mathlib.RingTheory.PowerSeries.Basic (8.1s)
✔ [1981/1999] Built Mathlib.RingTheory.MvPowerSeries.LinearTopology (3.5s)
✔ [1982/1999] Built Mathlib.RingTheory.MvPowerSeries.Evaluation (3.9s)
✔ [1983/1999] Built OAI.Algebra.FormulaHitting.MinorFactor (2.0s)
✔ [1984/1999] Built Mathlib.RingTheory.MvPowerSeries.Derivative (3.2s)
✔ [1985/2003] Built OAI.Algebra.FormulaHitting.DimensionBound (2.1s)
✔ [1986/2021] Built Mathlib.RingTheory.PowerSeries.Trunc (4.0s)
✔ [2056/2082] Built OAI.Algebra.FormulaHitting.Model (3.1s)
✔ [2057/2083] Built Mathlib.RingTheory.PowerSeries.Order (4.5s)
✔ [2059/2083] Built Mathlib.RingTheory.Polynomial.Wronskian (3.2s)
✔ [2060/2083] Built OAI.Algebra.FormulaHitting.Formula (3.9s)
✔ [2061/2083] Built Mathlib.RingTheory.PowerSeries.PiTopology (3.0s)
✔ [2062/2083] Built Mathlib.RingTheory.PowerSeries.NoZeroDivisors (2.7s)
✔ [2063/2083] Built Mathlib.RingTheory.MvPowerSeries.Substitution (9.0s)
✔ [2064/2088] Built OAI.Algebra.FormulaHitting.Evaluation (2.3s)
✔ [2065/2089] Built Mathlib.LinearAlgebra.TensorProduct.Pi (4.1s)
✔ [2069/2090] Built Mathlib.RingTheory.PowerSeries.Evaluation (2.9s)
✔ [2070/2090] Built OAI.Algebra.FormulaHitting.Representation (3.2s)
✔ [2072/2100] Built Mathlib.Data.Nat.Size (832ms)
✔ [2081/2100] Built Mathlib.LinearAlgebra.LinearIndependent.BaseChange (2.8s)
✔ [2082/2100] Built Mathlib.RingTheory.PowerSeries.Inverse (3.7s)
✔ [2083/2100] Built OAI.Algebra.FormulaHitting.Generator (2.3s)
✔ [2084/2100] Built OAI.Algebra.FormulaHitting.RationalTransfer (2.7s)
✔ [2085/2100] Built Mathlib.RingTheory.PowerSeries.Substitution (8.0s)
✔ [2086/2100] Built Mathlib.RingTheory.PowerSeries.Derivative (2.9s)
✔ [2087/2100] Built OAI.Algebra.FormulaHitting.Wronskian (3.1s)
✔ [2088/2100] Built OAI.Algebra.FormulaHitting.Series (3.4s)
✔ [2089/2100] Built OAI.Algebra.FormulaHitting.Independence (3.5s)
✔ [2090/2100] Built OAI.Algebra.FormulaHitting.FormulaSeries (2.5s)
✔ [2091/2100] Built OAI.Algebra.FormulaHitting.OrderBasis (3.3s)
✔ [2092/2100] Built OAI.Algebra.FormulaHitting.System (4.8s)
✔ [2093/2100] Built OAI.Algebra.FormulaHitting.JetMatrix (3.6s)
✔ [2094/2100] Built OAI.Algebra.FormulaHitting.WordIndependence (4.6s)
✔ [2095/2100] Built OAI.Algebra.FormulaHitting.WronskianBound (2.0s)
✔ [2096/2100] Built OAI.Algebra.FormulaHitting.ScaledDerivatives (8.8s)
✔ [2097/2100] Built OAI.Algebra.FormulaHitting.SystemOutput (2.2s)
✔ [2098/2100] Built OAI.Algebra.FormulaHitting.SeriesFaithfulness (1.9s)
✔ [2099/2100] Built OAI.Algebra.FormulaHitting.Multiplicity (2.7s)
✔ [2100/2100] Built OAI.Algebra.FormulaHitting.Hitting (1.0s)
Build completed successfully (2100 jobs).
Exporting #[Quot, Quot.mk, Quot.lift, Quot.ind, OAI.NCHitting.universal_hitting, propext, Quot.sound, Classical.choice, Nat.add, Nat.sub, Nat.mul, Nat.pow, Nat.gcd, Nat.div, Nat.mod, Nat.beq, Nat.ble, Nat.land, Nat.lor, Nat.xor, Nat.shiftLeft, Nat.shiftRight, String.ofList, Char.ofNat, List, eagerReduce, Nat, String, String.mk, Char, optParam, autoParam, semiOutParam, outParam] from OAI.Algebra.FormulaHitting.Hitting
Running Lean default kernel on solution.
Lean default kernel accepts the solution
Your solution is okay!
