Building ComparatorChallenges.SecondKahnKalai
✔ [1964/1974] Built Mathlib.Combinatorics.SimpleGraph.Init (835ms)
✔ [1965/1974] Built Mathlib.Data.FunLike.Fintype (1.2s)
✔ [1966/1974] Built Mathlib.Data.Sym.Card (2.2s)
✔ [1967/1974] Built Mathlib.Combinatorics.SimpleGraph.Basic (4.5s)
✔ [1968/1974] Built Mathlib.Combinatorics.SimpleGraph.Dart (1.5s)
✔ [1969/1974] Built Mathlib.Combinatorics.SimpleGraph.Maps (3.5s)
✔ [1970/1974] Built Mathlib.Combinatorics.SimpleGraph.Finite (3.4s)
✔ [1971/1974] Built Mathlib.Combinatorics.SimpleGraph.DeleteEdges (1.5s)
✔ [1972/1974] Built Mathlib.Combinatorics.SimpleGraph.Subgraph (4.6s)
✔ [1973/1974] Built Mathlib.Combinatorics.SimpleGraph.Copy (3.2s)
⚠ [1974/1974] Built ComparatorChallenges.SecondKahnKalai (1.8s)
warning: ComparatorChallenges/SecondKahnKalai.lean:65:8: declaration uses `sorry`
Build completed successfully (1974 jobs).
Exporting #[Quot, Quot.mk, Quot.lift, Quot.ind, OAI.LeanBlast.SecondKahnKalai.secondKahnKalaiBounds, propext, Quot.sound, Classical.choice, Nat.add, Nat.sub, Nat.mul, Nat.pow, Nat.gcd, Nat.div, Nat.mod, Nat.beq, Nat.ble, Nat.land, Nat.lor, Nat.xor, Nat.shiftLeft, Nat.shiftRight, String.ofList, Char.ofNat, List, eagerReduce, Nat, String, String.mk, Char, optParam, autoParam, semiOutParam, outParam] from ComparatorChallenges.SecondKahnKalai
Building OAI.Combinatorics.GraphThreshold.Main
✔ [1974/1984] Built Mathlib.Tactic.Algebra.AlgebraNF (2.2s)
✔ [1976/1985] Built Mathlib.Tactic.AddGroup (2.2s)
✔ [1977/1987] Built OAI.Combinatorics.GraphThreshold.Model (2.8s)
✔ [1978/1987] Built Mathlib.Tactic.ArithMult.Init (602ms)
✔ [1980/1987] Built Mathlib.Tactic.Assume (750ms)
✔ [1981/1987] Built Mathlib.Algebra.Group.Action.Pointwise.Finset (3.3s)
✔ [1982/2005] Built Mathlib.Tactic.ArithMult (695ms)
✔ [1983/2005] Built Mathlib.Tactic.CancelDenoms (887ms)
✔ [1988/2009] Built Mathlib.Tactic.Cases (1.4s)
✔ [1989/2009] Built OAI.Combinatorics.GraphThreshold.Statement (1.0s)
✔ [1990/2009] Built Mathlib.Combinatorics.Quiver.Basic (1.3s)
✔ [1991/2009] Built Mathlib.Combinatorics.Quiver.Prefunctor (1.2s)
✔ [1992/2031] Built OAI.Combinatorics.GraphThreshold.GraphEncoding (2.6s)
✔ [1995/2032] Built Mathlib.Tactic.CategoryTheory.Coherence.Normalize (4.3s)
✔ [1996/2069] Built Mathlib.Tactic.CategoryTheory.Coherence.PureCoherence (3.4s)
✔ [1998/2070] Built Mathlib.Combinatorics.Quiver.Push (961ms)
✔ [1999/2072] Built Mathlib.Tactic.Change (929ms)
✔ [2000/2072] Built Mathlib.CategoryTheory.Category.Basic (3.3s)
✔ [2001/2072] Built Mathlib.Combinatorics.Quiver.Path (2.1s)
✔ [2002/2072] Built Mathlib.Tactic.Clean (836ms)
✔ [2003/2072] Built Mathlib.Tactic.CategoryTheory.CheckCompositions (1.3s)
✔ [2004/2072] Built Mathlib.Tactic.CategoryTheory.Coherence.Basic (1.5s)
✔ [2005/2078] Built Mathlib.Tactic.CategoryTheory.Slice (1.2s)
✔ [2006/2078] Built Mathlib.Topology.Algebra.Group.Order (3.1s)
✔ [2007/2078] Built Mathlib.Combinatorics.Quiver.Symmetric (1.4s)
✔ [2008/2078] Built Mathlib.CategoryTheory.Functor.Basic (1.7s)
✔ [2009/2078] Built Mathlib.Data.Stream.Defs (1.3s)
✔ [2010/2163] Built Mathlib.Tactic.ENatToNat (1.4s)
✔ [2083/2165] Built Mathlib.Tactic.CategoryTheory.Reassoc (1.7s)
✔ [2084/2165] Built Mathlib.Tactic.ComputeAsymptotics.Lemmas (1.7s)
✔ [2087/2166] Built Mathlib.Data.Stream.Init (3.0s)
✔ [2089/2166] Built Mathlib.Order.CompleteLattice.Group (1.3s)
✔ [2090/2166] Built Mathlib.Analysis.Normed.Group.FunctionSeries (2.6s)
✔ [2092/2166] Built Mathlib.Topology.Algebra.Indicator (1.2s)
✔ [2093/2166] Built Mathlib.CategoryTheory.NatTrans (1.4s)
✔ [2094/2170] Built Mathlib.CategoryTheory.Iso (4.2s)
✔ [2096/2170] Built Mathlib.Topology.Bornology.BoundedOperation (3.0s)
✔ [2097/2170] Built Mathlib.Data.Seq.Computation (4.7s)
✔ [2098/2170] Built Mathlib.CategoryTheory.ObjectProperty.Basic (2.4s)
✔ [2099/2170] Built Mathlib.Tactic.CategoryTheory.CancelIso (1.7s)
✔ [2102/2170] Built Mathlib.Tactic.CategoryTheory.IsoReassoc (1.2s)
✔ [2103/2170] Built Mathlib.CategoryTheory.Functor.Category (5.5s)
✔ [2105/2170] Built Mathlib.Topology.MetricSpace.PiNat (7.7s)
✔ [2106/2171] Built Mathlib.CategoryTheory.ObjectProperty.ClosedUnderIsomorphisms (1.6s)
✔ [2107/2171] Built Mathlib.Data.Seq.Defs (3.1s)
✔ [2109/2171] Built Mathlib.Algebra.Module.MinimalAxioms (802ms)
✔ [2111/2171] Built Mathlib.Topology.UniformSpace.CompactConvergence (3.7s)
✔ [2112/2171] Built Mathlib.CategoryTheory.Functor.Trifunctor (4.2s)
✔ [2113/2172] Built Mathlib.CategoryTheory.NatIso (4.6s)
✔ [2114/2172] Built Mathlib.Data.Seq.Basic (4.9s)
✔ [2115/2180] Built Mathlib.CategoryTheory.Functor.FullyFaithful (3.6s)
✔ [2121/2180] Built Mathlib.Analysis.SpecialFunctions.Pow.Asymptotics (4.5s)
✔ [2122/2181] Built Mathlib.CategoryTheory.InducedCategory (1.8s)
✔ [2124/2181] Built Mathlib.Tactic.ComputeAsymptotics.Multiseries.Majorized (2.6s)
✔ [2125/2181] Built Mathlib.Topology.ContinuousMap.Algebra (10s)
✔ [2128/2185] Built Mathlib.CategoryTheory.Bicategory.Basic (6.9s)
✔ [2130/2192] Built Mathlib.CategoryTheory.ObjectProperty.FullSubcategory (1.7s)
✔ [2134/2192] Built Mathlib.Tactic.CategoryTheory.BicategoricalComp (1.6s)
✔ [2135/2193] Built Mathlib.CategoryTheory.EssentialImage (1.9s)
✔ [2139/2193] Built Mathlib.CategoryTheory.ConcreteCategory.Basic (2.0s)
✔ [2141/2197] Built Mathlib.CategoryTheory.Whiskering (10s)
✔ [2143/2197] Built Mathlib.Tactic.CategoryTheory.Elementwise (2.1s)
✔ [2144/2197] Built Mathlib.Topology.ContinuousMap.Bounded.Basic (7.1s)
✔ [2146/2213] Built Mathlib.Tactic.CategoryTheory.Bicategory.Datatypes (4.1s)
✔ [2147/2213] Built Mathlib.CategoryTheory.Functor.ReflectsIso.Basic (1.3s)
✔ [2169/2228] Built Mathlib.CategoryTheory.Elementwise (1.1s)
✔ [2206/2254] Built Mathlib.Topology.ContinuousMap.Star (3.4s)
✔ [2207/2258] Built Mathlib.Tactic.CategoryTheory.Bicategory.PureCoherence (4.4s)
✔ [2208/2258] Built Mathlib.Tactic.CategoryTheory.Bicategory.Normalize (5.0s)
✔ [2209/2261] Built Mathlib.Topology.NoetherianSpace (2.1s)
✔ [2210/2261] Built Mathlib.Dynamics.FixedPoints.Topology (1.4s)
✔ [2211/2261] Built Mathlib.CategoryTheory.Equivalence (9.0s)
✔ [2213/2264] Built Mathlib.Topology.QuasiSeparated (2.2s)
✔ [2214/2264] Built Mathlib.Topology.MetricSpace.Contracting (3.3s)
✔ [2215/2264] Built Mathlib.Tactic.CategoryTheory.Bicategory.Basic (4.0s)
✔ [2216/2281] Built Mathlib.Tactic.ComputeAsymptotics.Multiseries.Monomial.Predicates (1.8s)
✔ [2229/2281] Built Mathlib.Topology.ContinuousMap.Bounded.Normed (10s)
✔ [2231/2281] Built Mathlib.Tactic.DeriveCountable (2.9s)
✔ [2232/2283] Built Mathlib.Topology.Sets.Compacts (5.7s)
✔ [2235/2286] Built Mathlib.Control.Traversable.Lemmas (1.1s)
✔ [2236/2287] Built Mathlib.CategoryTheory.Opposites (9.8s)
✔ [2237/2287] Built Mathlib.Tactic.DeriveEncodable (3.4s)
✔ [2238/2287] Built Mathlib.Topology.ContinuousMap.Bounded.Star (3.1s)
✔ [2239/2287] Built Mathlib.LinearAlgebra.Matrix.Determinant.Bird.Defs (2.2s)
✔ [2240/2287] Built Mathlib.CategoryTheory.Functor.Const (2.2s)
✔ [2241/2287] Built Mathlib.Tactic.DeriveTraversable (3.6s)
✔ [2242/2288] Built Mathlib.CategoryTheory.EqToHom (3.6s)
✔ [2243/2288] Built Mathlib.Tactic.DuplicateDecls (1.8s)
✔ [2244/2288] Built Mathlib.LinearAlgebra.Matrix.Echelon.Basic (1.4s)
✔ [2245/2288] Built Mathlib.Tactic.Determinant.Bird.Meta (3.7s)
✔ [2246/2288] Built Mathlib.CategoryTheory.Bicategory.Functor.Prelax (2.5s)
✔ [2247/2449] Built Mathlib.CategoryTheory.Bicategory.Strict.Basic (1.0s)
✔ [2403/2450] Built Mathlib.Tactic.Echelon.Core (1.2s)
✔ [2404/2450] Built Mathlib.Topology.ContinuousMap.Compact (6.3s)
✔ [2405/2452] Built Mathlib.Tactic.Determinant.Bird.Cert (3.1s)
✔ [2406/2452] Built Mathlib.Tactic.Echelon.Parsing (1.7s)
✔ [2407/2453] Built Mathlib.LinearAlgebra.Matrix.Echelon.Pivot (2.3s)
✔ [2408/2453] Built Mathlib.Tactic.Echelon.Rat (1.4s)
✔ [2409/2453] Built Mathlib.CategoryTheory.Products.Basic (5.8s)
✔ [2410/2456] Built Mathlib.Tactic.Eval (516ms)
✔ [2411/2456] Built Mathlib.LinearAlgebra.Matrix.Echelon.Decomposition (1.7s)
✔ [2412/2456] Built Mathlib.Topology.MetricSpace.UniformConvergence (6.3s)
✔ [2413/2458] Built Mathlib.Tactic.Explode.Datatypes (927ms)
✔ [2414/2458] Built Mathlib.NumberTheory.Zsqrtd.Basic (7.6s)
✔ [2415/2458] Built Mathlib.CategoryTheory.Pi.Basic (7.2s)
✔ [2416/2459] Built Mathlib.Tactic.Echelon.Cert (1.0s)
✔ [2417/2459] Built Mathlib.Tactic.Ext (787ms)
✔ [2418/2460] Built Mathlib.Tactic.Explode.Pretty (613ms)
✔ [2419/2460] Built Mathlib.Tactic.FindSyntax (1.1s)
✔ [2420/2460] Built Mathlib.Tactic.Echelon.Zsqrtd (2.0s)
✔ [2421/2460] Built Mathlib.Tactic.ComputeAsymptotics.Multiseries.Corecursion (5.5s)
✔ [2422/2461] Built Mathlib.Tactic.GCongr.CoreAttrs (654ms)
✔ [2423/2461] Built Mathlib.Tactic.Echelon.Bareiss (2.4s)
✔ [2424/2461] Built Mathlib.CategoryTheory.Discrete.Basic (4.1s)
✔ [2425/2462] Built Mathlib.Tactic.Generalize (615ms)
✔ [2426/2462] Built Mathlib.CategoryTheory.Monoidal.Category (12s)
✔ [2427/2462] Built Mathlib.Tactic.Explode (1.2s)
✔ [2428/2462] Built Mathlib.Tactic.Have (1.1s)
✔ [2429/2463] Built Mathlib.CategoryTheory.Products.Unitor (1.5s)
✔ [2430/2465] Built Mathlib.Tactic.CategoryTheory.MonoidalComp (2.4s)
✔ [2431/2465] Built Mathlib.Tactic.ITauto (4.8s)
✔ [2432/2465] Built Mathlib.Tactic.Inclusion.Core.ToSet (1.9s)
✔ [2433/2469] Built Mathlib.Tactic.Inclusion.Core.Types (1.0s)
✔ [2434/2470] Built Mathlib.Tactic.ComputeAsymptotics.Multiseries.Defs (7.5s)
✔ [2435/2470] Built Mathlib.Tactic.Inclusion.Core.Expr (1.4s)
✔ [2436/2470] Built Mathlib.Tactic.Inclusion.Core.DiscrTreeExt (1.2s)
✔ [2437/2471] Built Mathlib.Tactic.CategoryTheory.Monoidal.Datatypes (4.3s)
✔ [2438/2471] Built Mathlib.Tactic.ComputeAsymptotics.Multiseries.Trimming (2.6s)
✔ [2439/2471] Built Mathlib.Tactic.Inclusion.Core.Extensions (1.3s)
✔ [2440/2475] Built Mathlib.Tactic.ComputeAsymptotics.Multiseries.Basis (2.9s)
✔ [2441/2475] Built Mathlib.Tactic.Inclusion.Extension.Core.Init (699ms)
✔ [2442/2475] Built Mathlib.Tactic.CategoryTheory.Monoidal.PureCoherence (4.2s)
✔ [2443/2475] Built Mathlib.CategoryTheory.Comma.Basic (13s)
✔ [2444/2475] Built Mathlib.Tactic.Inclusion.Core.Inclusion (3.8s)
✔ [2445/2475] Built Mathlib.Tactic.CategoryTheory.Monoidal.Normalize (5.1s)
✔ [2446/2475] Built Mathlib.Tactic.ComputeAsymptotics.Multiseries.Basic (4.7s)
✔ [2447/2475] Built Mathlib.Tactic.ComputeAsymptotics.Multiseries.Monomial.Basic (4.7s)
✔ [2448/2475] Built Mathlib.Tactic.Inclusion.ExtensionAPI.Basic (1.5s)
✔ [2449/2479] Built Mathlib.Tactic.Inclusion.Core.Core (1.1s)
✔ [2450/2480] Built Mathlib.CategoryTheory.Comma.Arrow (5.3s)
✔ [2451/2480] Built Mathlib.Tactic.Inclusion.Core.Elab (1.3s)
✔ [2452/2480] Built Mathlib.Tactic.Inclusion.ExtensionAPI.Attr (3.3s)
✔ [2453/2480] Built Mathlib.Data.Dyadic (1.6s)
✔ [2454/2482] Built Mathlib.Tactic.CategoryTheory.Monoidal.Basic (4.2s)
✔ [2455/2483] Built Mathlib.Tactic.Inclusion.Extension.Core.Core (983ms)
✔ [2456/2486] Built Mathlib.CategoryTheory.CommSq (2.8s)
✔ [2457/2486] Built Batteries.Lean.HashMap (551ms)
✔ [2458/2487] Built Mathlib.Tactic.Linarith.NNRealPreprocessor (1.8s)
✔ [2459/2488] Built Mathlib.CategoryTheory.MorphismProperty.Basic (3.9s)
✔ [2460/2488] Built Mathlib.Tactic.Linter.CommandRanges (577ms)
✔ [2461/2489] Built Mathlib.Tactic.Linarith.Oracle.FourierMotzkin (1.9s)
✔ [2462/2489] Built Mathlib.Tactic.LinearCombinationPrime (2.6s)
✔ [2463/2492] Built Mathlib.Tactic.Linter.DeprecatedModule (512ms)
✔ [2464/2494] Built Mathlib.CategoryTheory.Groupoid (2.3s)
✔ [2465/2495] Built Mathlib.Tactic.Linter.FindDeprecations (1.5s)
✔ [2466/2495] Built Mathlib.Tactic.Linter.TextBased.UnicodeLinter (1.7s)
✔ [2467/2496] Built Mathlib.Tactic.Measurability.Init (771ms)
✔ [2468/2498] Built Mathlib.CategoryTheory.EpiMono (2.4s)
✔ [2469/2498] Built Mathlib.Tactic.Inclusion.Extension.Interval (17s)
✔ [2470/2498] Built Mathlib.Tactic.ModCases (1.8s)
✔ [2471/2499] Built Mathlib.Tactic.Linter.ValidatePRTitle (1.6s)
✔ [2472/2499] Built Mathlib.Tactic.Measurability (1.1s)
✔ [2473/2499] Built Mathlib.Tactic.Monotonicity.Basic (1.1s)
✔ [2474/2499] Built Mathlib.Tactic.Inclusion.Extension.IntervalDyadicReal.Init (1.3s)
✔ [2475/2499] Built Mathlib.Tactic.Monotonicity.Lemmas (1.1s)
✔ [2476/2501] Built Mathlib.Tactic.Linter.TextBased (3.1s)
✔ [2477/2501] Built Mathlib.Tactic.MoveAdd (1.9s)
✔ [2478/2501] Built Mathlib.CategoryTheory.Types.Basic (2.8s)
✔ [2479/2502] Built Mathlib.Tactic.Inclusion.Extension.IntervalDyadicReal.Hypotheses (1.4s)
✔ [2480/2502] Built Mathlib.Tactic.Inclusion.Extension.IntervalDyadicReal.BinarySplit (1.2s)
✔ [2481/2503] Built Mathlib.Tactic.Monotonicity (791ms)
✔ [2483/2503] Built Mathlib.CategoryTheory.Functor.Hom (1.4s)
✔ [2485/2503] Built Mathlib.Tactic.Inclusion.Extension.IntervalDyadicReal.Basic (2.1s)
✔ [2486/2504] Built Mathlib.LinearAlgebra.Matrix.Determinant.Bird.Correctness (2.8s)
✔ [2487/2505] Built Mathlib.CategoryTheory.Category.Cat (4.2s)
✔ [2489/2511] Built Mathlib.Tactic.Inclusion.Extension.IntervalDyadicReal.Rational (1.7s)
✔ [2491/2512] Built Mathlib.Tactic.NormDet (2.0s)
✔ [2538/2554] Built Mathlib.Tactic.Inclusion.Extension.IntervalDyadicReal.Tactic (1.1s)
✔ [2539/2554] Built Mathlib.Tactic.CategoryTheory.ToApp (1.9s)
✔ [2540/2554] Built Mathlib.Tactic.NormNum.IsCoprime (1.9s)
✔ [2541/2554] Built Mathlib.Tactic.NormNum.Irrational (4.6s)
✔ [2542/2558] Built Mathlib.Tactic.NormNum.IsSquare (4.0s)
✔ [2544/2558] Built Mathlib.Data.Int.Range (1.1s)
✔ [2545/2561] Built Mathlib.CategoryTheory.Bicategory.Functor.Oplax (5.7s)
✔ [2547/2562] Built Mathlib.Algebra.Field.ZMod (1.7s)
✔ [2548/2563] Built Mathlib.CategoryTheory.Bicategory.Functor.Lax (6.1s)
✔ [2550/2564] Built Mathlib.NumberTheory.MulChar.Basic (4.8s)
✔ [2552/2661] Built Mathlib.Data.ZMod.ValMinAbs (2.3s)
✔ [2648/2661] Built Mathlib.CategoryTheory.Yoneda (15s)
✔ [2649/2663] Built Mathlib.NumberTheory.LegendreSymbol.ZModChar (2.8s)
✔ [2650/2663] Built Mathlib.Data.Nat.Factorization.PrimePow (2.1s)
✔ [2651/2665] Built Mathlib.Data.PNat.Prime (2.9s)
✔ [2652/2666] Built Mathlib.FieldTheory.Finite.Basic (7.6s)
✔ [2653/2667] Built Mathlib.CategoryTheory.Bicategory.Functor.Pseudofunctor (10s)
✔ [2654/2667] Built Mathlib.FieldTheory.RatFunc.Defs (2.4s)
✔ [2655/2667] Built Mathlib.NumberTheory.LegendreSymbol.QuadraticChar.Basic (2.7s)
✔ [2656/2667] Built Mathlib.CategoryTheory.Adjunction.Basic (10s)
✔ [2657/2667] Built Mathlib.Algebra.Order.Ring.IsNonarchimedean (2.5s)
✔ [2658/2667] Built Mathlib.Data.Int.WithZero (1.6s)
✔ [2659/2667] Built Mathlib.CategoryTheory.Adjunction.FullyFaithful (3.2s)
✔ [2660/2673] Built Mathlib.NumberTheory.LegendreSymbol.Basic (3.6s)
✔ [2664/2673] Built Mathlib.RingTheory.LocalRing.MaximalIdeal.Defs (1.3s)
✔ [2665/2673] Built Mathlib.CategoryTheory.Bicategory.Free (8.0s)
✔ [2666/2678] Built Mathlib.RingTheory.Spectrum.Maximal.Defs (1.3s)
✔ [2667/2681] Built Mathlib.Tactic.CategoryTheory.BicategoryCoherence (2.1s)
✔ [2671/2686] Built Mathlib.RingTheory.LocalRing.MaximalIdeal.Basic (2.1s)
✔ [2674/2691] Built Mathlib.RingTheory.Ideal.Quotient.Nilpotent (2.7s)
✔ [2677/2691] Built Mathlib.RingTheory.Ideal.MinimalPrime.Basic (3.7s)
✔ [2678/2693] Built Mathlib.RingTheory.Localization.NumDen (3.7s)
✔ [2679/2693] Built Mathlib.RingTheory.Spectrum.Prime.Basic (4.9s)
✔ [2680/2693] Built Mathlib.FieldTheory.RatFunc.Basic (19s)
✔ [2681/2694] Built Mathlib.RingTheory.KrullDimension.Basic (2.3s)
✔ [2682/2697] Built Mathlib.RingTheory.Ideal.Quotient.PowTransition (3.4s)
✔ [2683/2697] Built Mathlib.Data.SetLike.Fintype (1.1s)
✔ [2684/2697] Built Mathlib.Order.Filter.Subsingleton (1.2s)
✔ [2685/2697] Built Mathlib.CategoryTheory.Monoidal.Functor (21s)
✔ [2686/2698] Built Mathlib.RingTheory.Artinian.Defs (1.2s)
✔ [2687/2708] Built Mathlib.Order.Filter.EventuallyConst (2.1s)
✔ [2694/2709] Built Mathlib.RingTheory.Jacobson.Semiprimary (2.1s)
✔ [2695/2709] Built Mathlib.CategoryTheory.Monoidal.Free.Basic (5.4s)
✔ [2696/2709] Built Mathlib.RingTheory.Spectrum.Maximal.Basic (1.6s)
✔ [2697/2709] Built Mathlib.RingTheory.Localization.AtPrime.Basic (19s)
✔ [2698/2709] Built Mathlib.RingTheory.LocalRing.RingHom.Basic (2.6s)
✔ [2699/2709] Built Mathlib.Tactic.CategoryTheory.Coherence (3.6s)
✔ [2700/2709] Built Mathlib.RingTheory.Localization.LocalizationLocalization (4.5s)
✔ [2701/2715] Built Mathlib.RingTheory.AdicCompletion.Basic (15s)
✔ [2702/2715] Built Mathlib.RingTheory.Artinian.Module (6.8s)
✔ [2703/2716] Built Mathlib.Algebra.GroupWithZero.Submonoid.Instances (1.9s)
✔ [2704/2719] Built Mathlib.RingTheory.Ideal.GoingUp (5.8s)
✔ [2705/2719] Built Mathlib.Algebra.Order.GroupWithZero.WithZero (1.6s)
✔ [2706/2719] Built Mathlib.RingTheory.FiniteLength (2.9s)
✔ [2707/2719] Built Mathlib.RingTheory.IntegralClosure.IntegrallyClosed (5.1s)
✔ [2708/2722] Built Mathlib.RingTheory.Bezout (2.9s)
✔ [2709/2726] Built Mathlib.Algebra.GroupWithZero.Range (3.8s)
✔ [2710/2726] Built Mathlib.RingTheory.Polynomial.RationalRoot (3.6s)
✔ [2711/2726] Built Mathlib.GroupTheory.PGroup (3.0s)
✔ [2712/2726] Built Mathlib.Algebra.Order.GroupWithZero.Range (3.2s)
✔ [2713/2726] Built Mathlib.RingTheory.Length (4.5s)
✔ [2714/2728] Built Mathlib.GroupTheory.Rank (1.8s)
✔ [2715/2729] Built Mathlib.RingTheory.DedekindDomain.Basic (2.0s)
✔ [2716/2731] Built Mathlib.RingTheory.Coprime.Ideal (2.3s)
✔ [2719/2731] Built Mathlib.RingTheory.Finiteness.Nakayama (3.3s)
✔ [2720/2735] Built Mathlib.GroupTheory.Torsion (4.0s)
✔ [2721/2735] Built Mathlib.RingTheory.ReesAlgebra (2.5s)
✔ [2722/2735] Built Mathlib.GroupTheory.Sylow (7.9s)
✔ [2723/2737] Built Mathlib.RingTheory.LocalRing.ResidueField.Defs (1.0s)
✔ [2724/2737] Built Mathlib.RingTheory.Nakayama (3.8s)
✔ [2725/2737] Built Mathlib.Algebra.Module.ZMod (3.0s)
✔ [2726/2737] Built Mathlib.RingTheory.Filtration (5.2s)
✔ [2727/2738] Built Mathlib.RingTheory.Jacobson.Polynomial (2.2s)
✔ [2728/2739] Built Mathlib.RingTheory.Valuation.Basic (15s)
✔ [2729/2739] Built Mathlib.RingTheory.LocalRing.ResidueField.Basic (5.4s)
✔ [2730/2739] Built Mathlib.Algebra.Order.Ring.Idempotent (3.8s)
✔ [2731/2740] Built Mathlib.RingTheory.Valuation.PrimeMultiplicity (2.4s)
✔ [2732/2740] Built Mathlib.RingTheory.Jacobson.Ring (8.7s)
✔ [2733/2741] Built Mathlib.RingTheory.Valuation.Integers (7.4s)
✔ [2734/2741] Built Mathlib.Algebra.Module.Torsion.Basic (11s)
✔ [2735/2741] Built Mathlib.RingTheory.Ideal.MinimalPrime.Localization (2.8s)
✔ [2736/2749] Built Mathlib.Order.Heyting.Hom (3.7s)
✔ [2739/2750] Built Mathlib.RingTheory.Localization.AsSubring (3.2s)
✔ [2741/2752] Built Mathlib.RingTheory.Valuation.ValuationRing (5.8s)
✔ [2743/2753] Built Mathlib.RingTheory.SurjectiveOnStalks (5.9s)
✔ [2744/2753] Built Mathlib.RingTheory.Ideal.Cotangent (8.3s)
✔ [2745/2753] Built Mathlib.Topology.Sets.OpenCover (2.4s)
✔ [2746/2756] Built Mathlib.RingTheory.DiscreteValuationRing.Basic (4.9s)
✔ [2747/2758] Built Mathlib.Order.BooleanSubalgebra (8.7s)
✔ [2748/2758] Built Mathlib.Topology.Spectral.Hom (2.0s)
✔ [2749/2762] Built Mathlib.Topology.Sober (2.5s)
✔ [2750/2764] Built Mathlib.Topology.LocalAtTarget (3.4s)
✔ [2751/2764] Built Mathlib.Topology.KrullDimension (2.4s)
✔ [2752/2764] Built Mathlib.Order.Ideal (4.0s)
✔ [2753/2764] Built Mathlib.RingTheory.LocalRing.ResidueField.Ideal (9.0s)
✔ [2754/2769] Built Mathlib.RingTheory.Localization.Submodule (3.2s)
✔ [2755/2769] Built Mathlib.Topology.Spectral.Prespectral (2.4s)
✔ [2756/2769] Built Mathlib.RingTheory.LocalProperties.Submodule (3.7s)
✔ [2757/2769] Built Mathlib.CategoryTheory.ConcreteCategory.Forget (2.2s)
✔ [2758/2771] Built Mathlib.RingTheory.Spectrum.Prime.RingHom (3.6s)
✔ [2759/2771] Built Mathlib.Topology.Spectral.Basic (1.3s)
✔ [2760/2771] Built Mathlib.CategoryTheory.Endomorphism (2.5s)
✔ [2761/2772] Built Mathlib.Topology.Constructible (3.4s)
✔ [2762/2774] Built Mathlib.CategoryTheory.Category.ULift (2.7s)
✔ [2763/2777] Built Mathlib.RingTheory.Spectrum.Maximal.Localization (5.3s)
✔ [2764/2777] Built Mathlib.Algebra.Category.MonCat.Basic (6.2s)
✔ [2765/2777] Built Mathlib.CategoryTheory.IsomorphismClasses (1.2s)
✔ [2766/2777] Built Mathlib.CategoryTheory.Category.Preorder (1.9s)
✔ [2767/2778] Built Mathlib.CategoryTheory.Thin (1.2s)
✔ [2768/2778] Built Mathlib.CategoryTheory.Skeletal (4.7s)
✔ [2769/2781] Built Mathlib.CategoryTheory.Balanced (1.3s)
✔ [2770/2785] Built Mathlib.Algebra.Category.Grp.Basic (8.5s)
✔ [2771/2785] Built Mathlib.RingTheory.Spectrum.Prime.Topology (10s)
✔ [2772/2785] Built Mathlib.CategoryTheory.EssentiallySmall (2.5s)
✔ [2773/2785] Built Mathlib.CategoryTheory.Retract (2.6s)
✔ [2774/2787] Built Mathlib.RingTheory.KrullDimension.Zero (2.8s)
✔ [2775/2792] Built Mathlib.CategoryTheory.LiftingProperties.Basic (2.2s)
✔ [2778/2792] Built Mathlib.CategoryTheory.Limits.Cones (21s)
✔ [2779/2792] Built Mathlib.CategoryTheory.LiftingProperties.Adjunction (2.4s)
✔ [2781/2793] Built Mathlib.Algebra.Category.Ring.Basic (6.5s)
✔ [2783/2799] Built Mathlib.RingTheory.DiscreteValuationRing.TFAE (3.8s)
✔ [2785/2800] Built Mathlib.CategoryTheory.Limits.Shapes.StrongEpi (1.6s)
✔ [2788/2800] Built Mathlib.CategoryTheory.PUnit (1.6s)
✔ [2789/2807] Built Mathlib.CategoryTheory.PEmpty (1.2s)
✔ [2790/2823] Built Mathlib.CategoryTheory.Functor.EpiMono (2.3s)
✔ [2791/2823] Built Mathlib.CategoryTheory.Limits.Shapes.BinaryProducts.WalkingPair (1.9s)
✔ [2792/2827] Built Mathlib.Algebra.Category.Ring.Instances (2.1s)
✔ [2793/2836] Built Mathlib.Algebra.Category.MonCat.ForgetCorepresentable (1.8s)
✔ [2794/2836] Built Mathlib.CategoryTheory.ConcreteCategory.ReflectsIso (1.7s)
✔ [2795/2836] Built Mathlib.CategoryTheory.FinCategory.Basic (1.6s)
✔ [2796/2839] Built Mathlib.CategoryTheory.MorphismProperty.Factorization (3.7s)
✔ [2797/2840] Built Mathlib.CategoryTheory.Limits.Types.ColimitType (2.6s)
✔ [2798/2848] Built Mathlib.CategoryTheory.FinCategory.AsType (1.7s)
✔ [2799/2848] Built Mathlib.CategoryTheory.Limits.IsLimit (8.9s)
✔ [2800/2848] Built Mathlib.Algebra.Ring.TransferInstance (2.7s)
✔ [2801/2848] Built Mathlib.CategoryTheory.Functor.Currying (5.6s)
✔ [2802/2848] Built Mathlib.CategoryTheory.Limits.Shapes.IsTerminal (4.6s)
✔ [2803/2859] Built Mathlib.Algebra.Ring.Shrink (1.2s)
✔ [2804/2861] Built Mathlib.CategoryTheory.ShrinkYoneda (6.8s)
✔ [2805/2862] Built Mathlib.RingTheory.FreeRing (2.0s)
✔ [2806/2862] Built Mathlib.CategoryTheory.Category.Cat.AsSmall (1.4s)
✔ [2807/2864] Built Mathlib.CategoryTheory.IsConnected (2.4s)
✔ [2808/2870] Built Mathlib.RingTheory.FreeCommRing (3.8s)
✔ [2809/2871] Built Mathlib.CategoryTheory.ObjectProperty.CompleteLattice (1.7s)
✔ [2810/2872] Built Mathlib.CategoryTheory.Limits.HasLimits (10s)
✔ [2811/2872] Built Mathlib.CategoryTheory.ObjectProperty.Equivalence (1.7s)
✔ [2812/2872] Built Mathlib.CategoryTheory.ObjectProperty.Opposite (1.0s)
✔ [2813/2872] Built Mathlib.CategoryTheory.Limits.Types.Limits (2.4s)
✔ [2814/2872] Built Mathlib.CategoryTheory.Limits.Shapes.Terminal (3.3s)
✔ [2815/2872] Built Mathlib.CategoryTheory.Limits.Shapes.BinaryProducts.BinaryFan (4.9s)
✔ [2816/2872] Built Mathlib.CategoryTheory.Limits.Preserves.Basic (4.3s)
✔ [2817/2872] Built Mathlib.CategoryTheory.Limits.Shapes.WidePullbacks (8.5s)
✔ [2818/2872] Built Mathlib.CategoryTheory.ObjectProperty.Small (2.6s)
✔ [2819/2872] Built Mathlib.Algebra.Category.Ring.Colimits (5.7s)
✔ [2820/2872] Built Mathlib.CategoryTheory.Limits.Shapes.ZeroObjects (1.9s)
✔ [2821/2872] Built Mathlib.CategoryTheory.Comma.StructuredArrow.Basic (23s)
✔ [2822/2872] Built Mathlib.CategoryTheory.Limits.Preserves.Shapes.Terminal (2.0s)
✔ [2823/2875] Built Mathlib.CategoryTheory.Limits.Preserves.Limits (2.4s)
✔ [2824/2875] Built Mathlib.CategoryTheory.Limits.Shapes.Products (14s)
✔ [2825/2875] Built Mathlib.CategoryTheory.Limits.Creates (5.3s)
✔ [2826/2875] Built Mathlib.CategoryTheory.Limits.Shapes.Pullback.Cospan (5.2s)
✔ [2827/2875] Built Mathlib.CategoryTheory.Functor.TwoSquare (2.8s)
✔ [2828/2875] Built Mathlib.CategoryTheory.HomCongr (1.4s)
✔ [2829/2875] Built Mathlib.CategoryTheory.Elements (9.5s)
✔ [2830/2875] Built Mathlib.CategoryTheory.Limits.FunctorCategory.Basic (7.6s)
✔ [2831/2879] Built Mathlib.CategoryTheory.Adjunction.Limits (4.6s)
✔ [2832/2879] Built Mathlib.CategoryTheory.Limits.Shapes.Pullback.PullbackCone (4.4s)
✔ [2833/2879] Built Mathlib.Algebra.Category.MonCat.Limits (6.7s)
✔ [2834/2891] Built Mathlib.CategoryTheory.EffectiveEpi.Basic (2.7s)
✔ [2835/2891] Built Mathlib.CategoryTheory.Monad.Basic (5.8s)
✔ [2836/2892] Built Mathlib.CategoryTheory.Adjunction.Mates (7.3s)
✔ [2837/2895] Built Mathlib.CategoryTheory.MorphismProperty.Composition (3.1s)
✔ [2838/2900] Built Mathlib.RingTheory.ChainOfDivisors (3.3s)
✔ [2839/2901] Built Mathlib.Algebra.Ring.Subsemiring.Pointwise (2.3s)
✔ [2840/2901] Built Mathlib.CategoryTheory.Monad.Algebra (5.2s)
✔ [2841/2903] Built Mathlib.RingTheory.Valuation.ExtendToLocalization (2.0s)
✔ [2842/2904] Built Mathlib.Algebra.Ring.Subring.Pointwise (2.2s)
✔ [2843/2904] Built Mathlib.Algebra.Algebra.TransferInstance (1.9s)
✔ [2844/2904] Built Mathlib.Algebra.Field.TransferInstance (1.8s)
✔ [2845/2905] Built Mathlib.RingTheory.FractionalIdeal.Basic (5.9s)
✔ [2846/2905] Built Mathlib.CategoryTheory.Comma.Over.Basic (30s)
✔ [2847/2905] Built Mathlib.Algebra.Algebra.Subalgebra.Pointwise (2.4s)
✔ [2848/2905] Built Mathlib.Algebra.Order.Hom.Units (963ms)
✔ [2849/2905] Built Mathlib.Algebra.CharZero.AddMonoidHom (869ms)
✔ [2850/2910] Built Mathlib.Algebra.Category.Ring.Adjunctions (7.5s)
✔ [2851/2910] Built Mathlib.LinearAlgebra.BilinearForm.Basic (2.8s)
✔ [2852/2910] Built Mathlib.CategoryTheory.Limits.Shapes.BinaryProducts.BinaryProducts (9.8s)
✔ [2853/2910] Built Mathlib.RingTheory.FractionalIdeal.Operations (11s)
✔ [2854/2910] Built Mathlib.CategoryTheory.Grothendieck (11s)
✔ [2855/2910] Built Mathlib.CategoryTheory.Monad.Products (3.5s)
✔ [2856/2910] Built Mathlib.LinearAlgebra.BilinearForm.Hom (5.5s)
✔ [2857/2910] Built Mathlib.CategoryTheory.Limits.Types.Products (3.6s)
✔ [2858/2910] Built Mathlib.LinearAlgebra.FreeModule.PID (7.5s)
✔ [2859/2910] Built Mathlib.CategoryTheory.Limits.Shapes.StrictInitial (2.1s)
✔ [2860/2911] Built Mathlib.CategoryTheory.Limits.Shapes.Pullback.HasPullback (6.9s)
✔ [2861/2911] Built Mathlib.RingTheory.FractionalIdeal.Inverse (3.4s)
✔ [2862/2911] Built Mathlib.CategoryTheory.Limits.Shapes.Grothendieck (4.8s)
✔ [2863/2912] Built Mathlib.LinearAlgebra.BilinearForm.Properties (6.3s)
✔ [2865/2912] Built Mathlib.CategoryTheory.Limits.Shapes.Pullback.Iso (2.7s)
✔ [2866/2913] Built Mathlib.CategoryTheory.Limits.Shapes.Pullback.Pasting (6.7s)
✔ [2868/2914] Built Mathlib.CategoryTheory.Limits.Shapes.Equalizers (10s)
✔ [2869/2914] Built Mathlib.LinearAlgebra.BilinearForm.DualLattice (4.4s)
✔ [2870/2916] Built Mathlib.RingTheory.DedekindDomain.Ideal.Basic (6.2s)
✔ [2872/2916] Built Mathlib.CategoryTheory.Limits.Shapes.Pullback.Mono (4.0s)
✔ [2873/2916] Built Mathlib.CategoryTheory.Limits.Connected (2.7s)
✔ [2875/2916] Built Mathlib.CategoryTheory.Limits.Shapes.FiniteLimits (2.1s)
✔ [2877/2917] Built Mathlib.CategoryTheory.Comma.Over.Pullback (8.1s)
✔ [2878/2917] Built Mathlib.CategoryTheory.Limits.Shapes.Pullback.Assoc (8.3s)
✔ [2879/2919] Built Mathlib.CategoryTheory.Limits.Opposites (5.2s)
✔ [2882/2923] Built Mathlib.CategoryTheory.Limits.Shapes.Images (8.5s)
✔ [2884/2923] Built Mathlib.CategoryTheory.Filtered.Basic (4.6s)
✔ [2885/2923] Built Mathlib.CategoryTheory.Limits.Types.Images (1.6s)
✔ [2889/2930] Built Mathlib.CategoryTheory.Filtered.Connected (1.2s)
✔ [2897/2934] Built Mathlib.CategoryTheory.Limits.Shapes.ZeroMorphisms (5.0s)
✔ [2899/2934] Built Mathlib.FieldTheory.Minpoly.Finite (2.8s)
✔ [2900/2936] Built Mathlib.CategoryTheory.Limits.Shapes.Opposites.Pullbacks (6.2s)
✔ [2901/2936] Built Mathlib.CategoryTheory.Limits.Preserves.Shapes.Zero (1.9s)
✔ [2902/2936] Built Mathlib.GroupTheory.Perm.ViaEmbedding (1.1s)
✔ [2904/2936] Built Mathlib.RingTheory.DedekindDomain.Ideal.Lemmas (17s)
✔ [2905/2936] Built Mathlib.GroupTheory.Solvable (3.0s)
✔ [2907/2938] Built Mathlib.CategoryTheory.Limits.Shapes.Pullback.IsPullback.Defs (3.5s)
✔ [2908/2940] Built Mathlib.CategoryTheory.Limits.Shapes.Opposites.Equalizers (4.4s)
✔ [2909/2940] Built Mathlib.Data.Multiset.Fintype (3.4s)
✔ [2911/2963] Built Mathlib.CategoryTheory.Limits.Shapes.RegularMono (4.8s)
✔ [2934/2970] Built Mathlib.RingTheory.Polynomial.SeparableDegree (2.5s)
✔ [2935/2973] Built Mathlib.CategoryTheory.Limits.Shapes.Kernels (11s)
✔ [2936/2973] Built Mathlib.FieldTheory.IsAlgClosed.AlgebraicClosure (6.3s)
✔ [2937/2973] Built Mathlib.FieldTheory.Normal.Basic (10s)
✔ [2938/2974] Built Mathlib.CategoryTheory.ConcreteCategory.Elementwise (1.5s)
✔ [2939/2974] Built Mathlib.RingTheory.Polynomial.GaussLemma (3.9s)
✔ [2940/2974] Built Mathlib.Algebra.CharP.IntermediateField (2.2s)
✔ [2941/2975] Built Mathlib.CategoryTheory.Limits.Types.Colimits (2.8s)
✔ [2942/2977] Built Mathlib.CategoryTheory.Preadditive.Basic (5.0s)
✔ [2943/2977] Built Mathlib.LinearAlgebra.Matrix.Charpoly.Minpoly (2.8s)
✔ [2944/2977] Built Mathlib.CategoryTheory.Limits.Preserves.Ulift (1.4s)
✔ [2945/2977] Built Mathlib.CategoryTheory.Limits.Types.Filtered (3.5s)
✔ [2946/2977] Built Mathlib.Data.Nat.Factorial.SuperFactorial (2.5s)
✔ [2947/2977] Built Mathlib.FieldTheory.Normal.Closure (8.0s)
✔ [2948/2977] Built Mathlib.FieldTheory.Minpoly.IsIntegrallyClosed (5.6s)
✔ [2949/2977] Built Mathlib.Algebra.Category.Grp.Preadditive (2.1s)
✔ [2950/2980] Built Mathlib.CategoryTheory.Limits.Yoneda (2.9s)
✔ [2951/2980] Built Mathlib.RingTheory.Polynomial.Pochhammer (3.5s)
✔ [2952/2980] Built Mathlib.Algebra.Category.Grp.ForgetCorepresentable (2.1s)
✔ [2953/2980] Built Mathlib.FieldTheory.AlgebraicClosure (4.2s)
✔ [2954/2980] Built Mathlib.FieldTheory.Minpoly.MinpolyDiv (3.4s)
✔ [2955/2980] Built Mathlib.CategoryTheory.Limits.ConcreteCategory.Basic (2.5s)
✔ [2956/2980] Built Mathlib.CategoryTheory.Limits.Preserves.Shapes.Pullbacks (5.0s)
✔ [2957/2980] Built Mathlib.LinearAlgebra.Basis.Bilinear (2.2s)
✔ [2958/2982] Built Mathlib.LinearAlgebra.Vandermonde (5.5s)
✔ [2959/2982] Built Mathlib.FieldTheory.SeparableDegree (16s)
✔ [2960/2982] Built Mathlib.RingTheory.AlgebraicIndependent.AlgebraicClosure (4.3s)
✔ [2961/2983] Built Mathlib.CategoryTheory.Limits.Final (12s)
✔ [2962/2983] Built Mathlib.CategoryTheory.Limits.Constructions.BinaryProducts (2.9s)
✔ [2963/2988] Built Mathlib.LinearAlgebra.TensorProduct.Finiteness (2.5s)
✔ [2964/2988] Built Mathlib.Algebra.Category.Grp.Limits (10s)
✔ [2965/2988] Built Mathlib.RingTheory.Finiteness.Prod (1.9s)
✔ [2966/2988] Built Mathlib.CategoryTheory.Limits.Shapes.Pullback.IsPullback.Basic (8.5s)
✔ [2967/2988] Built Mathlib.FieldTheory.SeparableClosure (13s)
✔ [2968/2988] Built Mathlib.LinearAlgebra.Contraction (11s)
✔ [2969/2989] Built Mathlib.RingTheory.TensorProduct.Free (3.1s)
✔ [2970/2993] Built Mathlib.LinearAlgebra.Matrix.SesquilinearForm (19s)
✔ [2971/2993] Built Mathlib.CategoryTheory.Limits.Shapes.KernelPair (2.2s)
✔ [2972/2993] Built Mathlib.RingTheory.Int.Basic (2.1s)
✔ [2973/2993] Built Mathlib.LinearAlgebra.Trace (8.3s)
✔ [2974/2993] Built Mathlib.RingTheory.ZMod (1.9s)
✔ [2975/2995] Built Mathlib.LinearAlgebra.Matrix.BilinearForm (9.5s)
✔ [2976/2995] Built Mathlib.Data.ZMod.QuotientRing (3.0s)
✔ [2977/2995] Built Mathlib.FieldTheory.Galois.Basic (16s)
✔ [2978/2995] Built Mathlib.RingTheory.Trace.Defs (3.6s)
✔ [2979/2996] Built Mathlib.Algebra.Category.Ring.Limits (22s)
✔ [2980/2996] Built Mathlib.CategoryTheory.Limits.Shapes.Diagonal (11s)
✔ [2981/2996] Built Mathlib.Topology.Algebra.LinearTopology (3.0s)
✔ [2982/2996] Built Mathlib.RingTheory.Ideal.Quotient.HasFiniteQuotients.Basic (2.6s)
✔ [2983/2996] Built Mathlib.FieldTheory.IsSepClosed (4.3s)
✔ [2984/2998] Built Mathlib.RingTheory.Valuation.ValuativeRel.Basic (16s)
✔ [2985/3001] Built Mathlib.CategoryTheory.MorphismProperty.Limits (7.8s)
✔ [2986/3001] Built Mathlib.Algebra.Category.Ring.Constructions (11s)
✔ [2987/3001] Built Mathlib.RingTheory.Valuation.ValuationSubring (11s)
✔ [2988/3002] Built Mathlib.Topology.Algebra.UniformFilterBasis (2.4s)
✔ [2989/3002] Built Mathlib.Topology.Algebra.Nonarchimedean.Basic (2.9s)
✔ [2990/3009] Built Mathlib.RingTheory.RingHomProperties (4.7s)
✔ [2991/3009] Built Mathlib.Topology.Algebra.WithZeroTopology (2.6s)
✔ [2995/3015] Built Mathlib.Topology.Algebra.Nonarchimedean.Bases (3.6s)
✔ [2997/3015] Built Mathlib.FieldTheory.PurelyInseparable.Basic (9.7s)
✔ [2998/3015] Built Mathlib.Algebra.Order.Group.Cyclic (2.2s)
✔ [2999/3015] Built Mathlib.RingTheory.Ideal.Oka (2.2s)
✔ [3000/3015] Built Mathlib.RingTheory.Valuation.IsTrivialOn (2.7s)
✔ [3001/3015] Built Mathlib.RingTheory.LocalProperties.Basic (5.7s)
✔ [3002/3021] Built Mathlib.RingTheory.PrincipalIdealDomainOfPrime (2.3s)
✔ [3003/3021] Built Mathlib.Topology.Algebra.Valued.ValuationTopology (8.2s)
✔ [3004/3024] Built Mathlib.RingTheory.LocalProperties.IntegrallyClosed (4.6s)
✔ [3005/3024] Built Mathlib.RingTheory.UniqueFactorizationDomain.Nat (1.7s)
✔ [3006/3024] Built Mathlib.RingTheory.Trace.Basic (8.0s)
✔ [3007/3024] Built Mathlib.RingTheory.Valuation.Discrete.Basic (8.0s)
✔ [3008/3024] Built Mathlib.RingTheory.DedekindDomain.Dvr (3.3s)
✔ [3009/3024] Built Mathlib.Topology.Algebra.ValuativeRel.ValuativeTopology (7.6s)
✔ [3010/3029] Built Mathlib.Data.Nat.Squarefree (4.8s)
✔ [3011/3029] Built Mathlib.RingTheory.RootsOfUnity.PrimitiveRoots (7.1s)
✔ [3012/3029] Built Mathlib.RingTheory.DedekindDomain.IntegralClosure (4.6s)
✔ [3013/3031] Built Mathlib.RingTheory.Polynomial.Eisenstein.Criterion (3.2s)
✔ [3014/3031] Built Mathlib.RingTheory.RootsOfUnity.Complex (3.6s)
✔ [3015/3031] Built Mathlib.Topology.Algebra.Valued.ValuedField (17s)
✔ [3016/3035] Built Mathlib.NumberTheory.ArithmeticFunction.Defs (6.4s)
✔ [3017/3035] Built Mathlib.RingTheory.Polynomial.Eisenstein.Basic (3.3s)
✔ [3018/3036] Built Mathlib.FieldTheory.KrullTopology (4.1s)
✔ [3019/3036] Built Mathlib.NumberTheory.NumberField.Basic (8.5s)
✔ [3020/3036] Built Mathlib.NumberTheory.ArithmeticFunction.Zeta (3.5s)
✔ [3021/3038] Built Mathlib.Topology.Algebra.Group.ClosedSubgroup (3.2s)
✔ [3022/3038] Built Mathlib.Algebra.GCDMonoid.IntegrallyClosed (2.5s)
✔ [3023/3038] Built Mathlib.FieldTheory.Galois.GaloisClosure (8.6s)
✔ [3024/3038] Built Mathlib.RingTheory.Adjoin.PowerBasis (5.9s)
✔ [3025/3038] Built Mathlib.NumberTheory.ArithmeticFunction.Misc (6.2s)
✔ [3026/3038] Built Mathlib.RingTheory.Norm.Basic (5.8s)
✔ [3027/3038] Built Mathlib.RingTheory.RootsOfUnity.Minpoly (5.4s)
✔ [3028/3043] Built Mathlib.NumberTheory.ArithmeticFunction.Moebius (4.9s)
✔ [3033/3043] Built Mathlib.Topology.Algebra.Valued.WithVal (18s)
✔ [3034/3043] Built Mathlib.FieldTheory.Galois.Infinite (12s)
✔ [3035/3046] Built Mathlib.NumberTheory.Padics.PadicVal.Basic (6.7s)
✔ [3036/3055] Built Mathlib.RingTheory.Norm.Transitivity (11s)
✔ [3040/3057] Built Mathlib.Analysis.Normed.Module.Ray (4.9s)
✔ [3041/3060] Built Mathlib.FieldTheory.Galois.Abelian (5.9s)
✔ [3042/3060] Built Mathlib.Algebra.Algebra.ZMod (3.6s)
✔ [3043/3066] Built Mathlib.Data.ZMod.Units (3.1s)
✔ [3044/3067] Built Mathlib.Analysis.Convex.StrictConvexSpace (5.3s)
✔ [3045/3067] Built Mathlib.Algebra.CharP.CharAndCard (3.3s)
✔ [3046/3067] Built Mathlib.FieldTheory.Finite.GaloisField (6.7s)
✔ [3047/3067] Built Mathlib.Tactic.NormNum.ModEq (3.5s)
✔ [3048/3071] Built Mathlib.NumberTheory.MulChar.Lemmas (6.4s)
✔ [3049/3072] Built Mathlib.Analysis.Convex.Uniform (5.0s)
✔ [3050/3073] Built Mathlib.FieldTheory.Finite.Trace (3.4s)
✔ [3051/3073] Built Mathlib.Data.Nat.DvdSequence (2.2s)
✔ [3052/3074] Built Mathlib.Tactic.NormNum.NatLog (2.7s)
✔ [3053/3074] Built Mathlib.Tactic.NormNum.NatSqrt (2.3s)
✔ [3054/3075] Built Mathlib.Analysis.InnerProductSpace.Convex (2.0s)
✔ [3055/3076] Built Mathlib.Data.Nat.Fib.Basic (4.2s)
✔ [3056/3076] Built Mathlib.Tactic.NormNum.Parity (2.9s)
✔ [3057/3077] Built Mathlib.RingTheory.DedekindDomain.AdicValuation (26s)
✔ [3058/3077] Built Mathlib.Tactic.NormNum.Ordinal (4.5s)
✔ [3059/3078] Built Mathlib.Tactic.NormNum.PowMod (1.7s)
✔ [3060/3078] Built Mathlib.Analysis.Complex.Arg (2.5s)
✔ [3061/3079] Built Mathlib.Tactic.NormNum.NatFib (2.2s)
✔ [3062/3080] Built Mathlib.Tactic.NormNum.Prime (2.7s)
✔ [3063/3082] Built Mathlib.Tactic.NormNum.RealSqrt (3.9s)
✔ [3064/3082] Built Mathlib.Tactic.PNatToNat (2.9s)
✔ [3065/3083] Built Mathlib.Tactic.NormRank (3.9s)
✔ [3066/3083] Built Mathlib.Tactic.Polyrith (1.1s)
✔ [3067/3086] Built Mathlib.FieldTheory.RatFunc.AsPolynomial (7.1s)
✔ [3068/3086] Built Mathlib.Tactic.ProdAssoc (1.7s)
✔ [3069/3087] Built Mathlib.Tactic.Recall (1.6s)
✔ [3070/3088] Built Mathlib.Tactic.Polynomial.Basic (3.4s)
✔ [3071/3088] Built Mathlib.Tactic.ReduceModChar.Ext (972ms)
✔ [3072/3088] Built Mathlib.Tactic.Relation.Symm (771ms)
✔ [3073/3091] Built Mathlib.Tactic.Replace (793ms)
✔ [3074/3091] Built Mathlib.Tactic.Ring.NamePolyVars (2.0s)
✔ [3075/3093] Built Mathlib.Tactic.ReduceModChar (4.9s)
✔ [3076/3094] Built Mathlib.RingTheory.Polynomial.Cyclotomic.Basic (6.4s)
✔ [3077/3094] Built Mathlib.Tactic.Sat.FromLRAT (4.6s)
✔ [3078/3095] Built Mathlib.Tactic.Simproc.Divisors (2.9s)
✔ [3079/3096] Built Mathlib.Tactic.Simproc.Factors (3.2s)
✔ [3080/3097] Built Mathlib.Tactic.Simproc.FinsetInterval (5.3s)
✔ [3081/3097] Built Mathlib.Tactic.Simproc.VecPerm (4.5s)
✔ [3082/3101] Built Mathlib.Tactic.TypeCheck (608ms)
✔ [3085/3103] Built Mathlib.Tactic.StacksAttribute (831ms)
✔ [3086/3107] Built Mathlib.RingTheory.MvPowerSeries.Basic (13s)
✔ [3088/3107] Built Mathlib.Tactic.Widget.GCongr (946ms)
✔ [3089/3110] Built Mathlib.RingTheory.Polynomial.Cyclotomic.Roots (7.4s)
✔ [3090/3110] Built Mathlib.Tactic.Widget.CommDiag (1.8s)
✔ [3091/3110] Built Mathlib.Tactic.WithoutCDot (1.0s)
✔ [3092/3110] Built Mathlib.Tactic.Ring.NamePowerVars (1.8s)
✔ [3093/3110] Built Mathlib.RingTheory.Polynomial.Cyclotomic.Expand (4.5s)
✔ [3094/3113] Built Mathlib.RingTheory.Polynomial.Cyclotomic.Eval (7.3s)
✔ [3095/3114] Built Mathlib.Data.Int.Log (4.6s)
✔ [3096/3116] Built OAI.Combinatorics.GraphThreshold.EmbeddingExtension (2.7s)
✔ [3097/3116] Built Mathlib.Tactic.Widget.StringDiagram (11s)
✔ [3098/3118] Built OAI.Combinatorics.GraphThreshold.Basic (4.1s)
✔ [3099/3119] Built OAI.Combinatorics.GraphThreshold.GraphContainment (3.9s)
✔ [3100/3119] Built Mathlib.Analysis.SpecialFunctions.Log.Base (6.6s)
✔ [3101/3119] Built OAI.Combinatorics.GraphThreshold.GraphSupport (3.8s)
✔ [3102/3119] Built OAI.Combinatorics.GraphThreshold.FiniteProbability (4.3s)
✔ [3168/3189] Built OAI.Combinatorics.GraphThreshold.ProbabilityTree (3.2s)
✔ [3170/3191] Built Mathlib.NumberTheory.Cyclotomic.Basic (18s)
✔ [3171/3191] Built Mathlib.Analysis.Calculus.Deriv.CompMul (2.3s)
✔ [3173/3201] Built OAI.Combinatorics.GraphThreshold.GraphExpectedCopies (2.9s)
✔ [3182/3207] Built Mathlib.Analysis.Calculus.Deriv.Inv (4.2s)
✔ [3184/3207] Built Mathlib.Analysis.Calculus.Deriv.Shift (2.0s)
✔ [3185/3207] Built Mathlib.NumberTheory.Cyclotomic.PrimitiveRoots (8.1s)
✔ [3186/3207] Built Mathlib.Analysis.Calculus.FDeriv.Affine (4.2s)
✔ [3187/3209] Built Mathlib.Analysis.Calculus.Deriv.ZPow (4.7s)
✔ [3188/3211] Built Mathlib.NumberTheory.LegendreSymbol.AddCharacter (4.8s)
✔ [3189/3211] Built Mathlib.Analysis.Calculus.FDeriv.OfCompLeft (4.9s)
✔ [3190/3213] Built Mathlib.Analysis.Calculus.LogDeriv (5.9s)
✔ [3191/3214] Built Mathlib.Topology.OpenPartialHomeomorph.IsImage (3.1s)
✔ [3192/3214] Built Mathlib.NumberTheory.GaussSum (6.3s)
✔ [3193/3218] Built Mathlib.Analysis.Calculus.Deriv.Inverse (3.8s)
✔ [3194/3218] Built Mathlib.NumberTheory.LegendreSymbol.QuadraticChar.GaussSum (3.6s)
✔ [3195/3218] Built Mathlib.Analysis.Calculus.ContDiff.Defs (25s)
✔ [3196/3219] Built Mathlib.Topology.MetricSpace.CauSeqFilter (2.5s)
✔ [3197/3219] Built Mathlib.Analysis.Calculus.ContDiff.FaaDiBruno (25s)
✔ [3198/3219] Built Mathlib.NumberTheory.LegendreSymbol.QuadraticReciprocity (4.0s)
✔ [3199/3219] Built Mathlib.Analysis.Normed.Algebra.Exponential (8.4s)
✔ [3200/3219] Built Mathlib.Analysis.Calculus.ContDiff.RCLike (4.6s)
✔ [3201/3229] Built Mathlib.Analysis.Calculus.LocalExtr.Basic (3.0s)
✔ [3202/3229] Built Mathlib.Topology.ExtendFrom (1.8s)
✔ [3203/3233] Built Mathlib.NumberTheory.LegendreSymbol.JacobiSymbol (6.7s)
✔ [3204/3233] Built Mathlib.Topology.Order.ExtendFrom (3.1s)
✔ [3205/3233] Built Mathlib.Analysis.SpecialFunctions.Exponential (8.3s)
✔ [3206/3233] Built Mathlib.Tactic.NormNum.LegendreSymbol (4.2s)
✔ [3207/3234] Built OAI.Combinatorics.GraphThreshold.BernoulliCoupling (4.4s)
✔ [3208/3240] Built Mathlib.Topology.Order.Rolle (2.0s)
✔ [3209/3240] Built Mathlib.Analysis.Calculus.ContDiff.Basic (16s)
✔ [3210/3240] Built Mathlib.Algebra.Order.Field.GeomSum (1.8s)
✔ [3211/3240] Built Mathlib.Tactic (2.1s)
✔ [3212/3240] Built Mathlib.Algebra.Order.Floor.Semifield (2.9s)
✔ [3213/3240] Built Mathlib.Order.Interval.Set.Monotone (1.9s)
✔ [3214/3240] Built Mathlib.Analysis.Calculus.LocalExtr.Rolle (2.4s)
✔ [3215/3240] Built OAI.Combinatorics.GraphThreshold.ProbabilityTreeFacts (4.4s)
✔ [3216/3244] Built OAI.Combinatorics.GraphThreshold.AdaptiveTrials (4.7s)
✔ [3217/3244] Built OAI.Combinatorics.GraphThreshold.CopyOrbits (5.3s)
✔ [3218/3244] Built OAI.Combinatorics.GraphThreshold.CapacityIteration (5.1s)
✔ [3219/3244] Built OAI.Combinatorics.GraphThreshold.GraphProbability (6.2s)
✔ [3220/3246] Built Mathlib.Analysis.Calculus.Deriv.MeanValue (5.7s)
✔ [3221/3246] Built Mathlib.Analysis.Calculus.ContDiff.Comp (13s)
✔ [3222/3246] Built OAI.Combinatorics.GraphThreshold.ProbabilityTreePaths (3.4s)
✔ [3223/3246] Built OAI.Combinatorics.GraphThreshold.Resampling (2.7s)
✔ [3224/3246] Built OAI.Combinatorics.GraphThreshold.GraphCopies (3.4s)
✔ [3226/3251] Built OAI.Combinatorics.GraphThreshold.BernoulliUnion (3.8s)
✔ [3227/3251] Built OAI.Combinatorics.GraphThreshold.Thresholds (3.3s)
✔ [3228/3251] Built OAI.Combinatorics.GraphThreshold.SpreadCounting (3.7s)
✔ [3229/3251] Built Mathlib.Analysis.Calculus.ContDiff.Deriv (3.8s)
✔ [3230/3251] Built OAI.Combinatorics.GraphThreshold.ResamplingEvents (3.4s)
✔ [3231/3251] Built OAI.Combinatorics.GraphThreshold.ProbabilityTreeTrim (4.2s)
✔ [3232/3251] Built OAI.Combinatorics.GraphThreshold.BernoulliMonotonicity (3.4s)
✔ [3233/3251] Built OAI.Combinatorics.GraphThreshold.ResamplingDensity (2.5s)
✔ [3234/3251] Built OAI.Combinatorics.GraphThreshold.ThresholdBounds (3.3s)
✔ [3235/3251] Built OAI.Combinatorics.GraphThreshold.TreeReductionData (3.5s)
✔ [3236/3251] Built Mathlib.Analysis.Calculus.IteratedDeriv.Defs (4.6s)
✔ [3237/3251] Built OAI.Combinatorics.GraphThreshold.TreeReduction (3.4s)
✔ [3238/3251] Built Mathlib.Analysis.Calculus.ContDiff.Operations (22s)
✔ [3239/3251] Built Mathlib.Analysis.Complex.RealDeriv (3.1s)
✔ [3240/3251] Built Mathlib.Analysis.Calculus.IteratedDeriv.Lemmas (14s)
✔ [3241/3251] Built Mathlib.Analysis.SpecialFunctions.ExpDeriv (3.5s)
✔ [3242/3251] Built Mathlib.Analysis.SpecialFunctions.Log.Deriv (8.2s)
✔ [3243/3251] Built Mathlib.Analysis.Complex.ExponentialBounds (2.7s)
✔ [3244/3251] Built OAI.Combinatorics.GraphThreshold.LocalFailureNumerics (3.1s)
✔ [3245/3251] Built OAI.Combinatorics.GraphThreshold.Predecessor (4.6s)
✔ [3246/3251] Built OAI.Combinatorics.GraphThreshold.LocalFailure (4.6s)
✔ [3247/3251] Built OAI.Combinatorics.GraphThreshold.OutsideChangeOfMeasure (4.7s)
✔ [3248/3251] Built OAI.Combinatorics.GraphThreshold.GraphHierarchy (4.5s)
✔ [3249/3251] Built OAI.Combinatorics.GraphThreshold.TreePotential (4.0s)
✔ [3250/3251] Built OAI.Combinatorics.GraphThreshold.TreeCovering (4.2s)
✔ [3251/3251] Built OAI.Combinatorics.GraphThreshold.Main (3.5s)
Build completed successfully (3251 jobs).
Exporting #[Quot, Quot.mk, Quot.lift, Quot.ind, OAI.LeanBlast.SecondKahnKalai.secondKahnKalaiBounds, propext, Quot.sound, Classical.choice, Nat.add, Nat.sub, Nat.mul, Nat.pow, Nat.gcd, Nat.div, Nat.mod, Nat.beq, Nat.ble, Nat.land, Nat.lor, Nat.xor, Nat.shiftLeft, Nat.shiftRight, String.ofList, Char.ofNat, List, eagerReduce, Nat, String, String.mk, Char, optParam, autoParam, semiOutParam, outParam] from OAI.Combinatorics.GraphThreshold.Main
Running Lean default kernel on solution.
Lean default kernel accepts the solution
Your solution is okay!
