Building ComparatorChallenges.Dixmier
⚠ [2062/2062] Built ComparatorChallenges.Dixmier (3.3s)
warning: ComparatorChallenges/Dixmier.lean:44:8: declaration uses `sorry`
Build completed successfully (2062 jobs).
Exporting #[Quot, Quot.mk, Quot.lift, Quot.ind, OAI.Dixmier.main_theorem_all_universes, propext, Quot.sound, Classical.choice, Nat.add, Nat.sub, Nat.mul, Nat.pow, Nat.gcd, Nat.div, Nat.mod, Nat.beq, Nat.ble, Nat.land, Nat.lor, Nat.xor, Nat.shiftLeft, Nat.shiftRight, String.ofList, Char.ofNat, List, eagerReduce, Nat, String, String.mk, Char, optParam, autoParam, semiOutParam, outParam] from ComparatorChallenges.Dixmier
Building OAI.Analysis.Unitarizability.UniverseTransport
✔ [2530/2549] Built Mathlib.Topology.Category.TopCat.Basic (2.9s)
✔ [2532/2558] Built OAI.Analysis.Unitarizability.SparseMask (3.2s)
✔ [2543/2558] Built Mathlib.Topology.Category.TopCat.Adjunctions (1.7s)
✔ [2544/2560] Built Mathlib.Analysis.LocallyConvex.Barrelled (4.1s)
✔ [2545/2562] Built OAI.Analysis.Unitarizability.Model (3.5s)
✔ [2547/2562] Built Mathlib.Analysis.Normed.Operator.BanachSteinhaus (3.4s)
✔ [2548/2564] Built Mathlib.Topology.Category.TopCat.Limits.Basic (4.1s)
✔ [2549/2564] Built Mathlib.Analysis.Convex.TotallyBounded (2.6s)
✔ [2550/2564] Built Mathlib.Analysis.LocallyConvex.Polar (4.4s)
✔ [2552/2564] Built Mathlib.Topology.Category.TopCat.Limits.Konig (2.6s)
✔ [2554/2575] Built Mathlib.Analysis.Normed.Module.Bases (7.6s)
✔ [2563/2577] Built Mathlib.Analysis.LocallyConvex.AbsConvex (4.0s)
✔ [2565/2580] Built Mathlib.CategoryTheory.CofilteredSystem (3.6s)
✔ [2567/2582] Built Mathlib.Combinatorics.Hall.Basic (2.7s)
✔ [2568/2582] Built Mathlib.Analysis.Normed.Operator.Completeness (3.7s)
✔ [2570/2638] Built Mathlib.Analysis.Normed.Module.Dual (3.7s)
✔ [2625/2707] Built OAI.Analysis.Unitarizability.EndpointAssignment (3.0s)
✔ [2740/2755] Built Mathlib.Analysis.SpecialFunctions.Trigonometric.Series (4.1s)
✔ [2741/2755] Built Mathlib.Analysis.LocallyConvex.WeakDual (5.0s)
✔ [2742/2755] Built Mathlib.Analysis.Normed.Lp.lpSpace (25s)
✔ [2743/2756] Built OAI.Analysis.Unitarizability.SphereNet (4.1s)
✔ [2744/2762] Built OAI.Analysis.Unitarizability.FiniteSigns (3.8s)
✔ [2745/2762] Built OAI.Analysis.Unitarizability.KernelEnergy (3.2s)
✔ [2751/2763] Built OAI.Analysis.Unitarizability.NetOperator (5.2s)
✔ [2752/2763] Built OAI.Analysis.Unitarizability.FiniteSynthesis (7.1s)
✔ [2753/2783] Built Mathlib.Analysis.Normed.Module.WeakDual (9.5s)
✔ [2798/2818] Built OAI.Analysis.Unitarizability.Parameters (3.7s)
✔ [2799/2818] Built OAI.Analysis.Unitarizability.Cocycle (1.9s)
✔ [2800/2818] Built Mathlib.Analysis.InnerProductSpace.l2Space (11s)
✔ [2801/2818] Built OAI.Analysis.Unitarizability.FrameParameters (4.3s)
✔ [2803/2825] Built OAI.Analysis.Unitarizability.SignMatrix (7.6s)
✔ [2804/2825] Built OAI.Analysis.Unitarizability.SparseSplitting (6.5s)
✔ [2805/2825] Built OAI.Analysis.Unitarizability.ComplexFrames (6.3s)
✔ [2807/2825] Built Mathlib.Analysis.Normed.Lp.lpHolder (15s)
✔ [2808/2825] Built OAI.Analysis.Unitarizability.InvariantProjection (6.8s)
✔ [2809/2825] Built OAI.Analysis.Unitarizability.KernelObstruction (16s)
✔ [2810/2825] Built OAI.Analysis.Unitarizability.Regular (8.4s)
✔ [2811/2825] Built OAI.Analysis.Unitarizability.Triangular (5.1s)
✔ [2812/2825] Built OAI.Analysis.Unitarizability.HilbertSum (7.1s)
✔ [2813/2825] Built OAI.Analysis.Unitarizability.Unitarizer (4.0s)
✔ [2814/2825] Built OAI.Analysis.Unitarizability.Average (7.4s)
✔ [2815/2825] Built OAI.Analysis.Unitarizability.Masked (6.5s)
✔ [2816/2825] Built OAI.Analysis.Unitarizability.FrameSelection (22s)
✔ [2817/2825] Built OAI.Analysis.Unitarizability.CompactMean (4.6s)
✔ [2818/2825] Built OAI.Analysis.Unitarizability.VectorMean (4.3s)
✔ [2819/2825] Built OAI.Analysis.Unitarizability.MaskAlgebra (4.4s)
✔ [2820/2825] Built OAI.Analysis.Unitarizability.SumObstruction (11s)
✔ [2821/2825] Built OAI.Analysis.Unitarizability.Frames (4.5s)
✔ [2822/2825] Built OAI.Analysis.Unitarizability.Contracting (4.6s)
✔ [2823/2825] Built OAI.Analysis.Unitarizability.LocalBounds (3.1s)
✔ [2824/2825] Built OAI.Analysis.Unitarizability.Main (5.1s)
✔ [2825/2825] Built OAI.Analysis.Unitarizability.UniverseTransport (3.7s)
Build completed successfully (2825 jobs).
Exporting #[Quot, Quot.mk, Quot.lift, Quot.ind, OAI.Dixmier.main_theorem_all_universes, propext, Quot.sound, Classical.choice, Nat.add, Nat.sub, Nat.mul, Nat.pow, Nat.gcd, Nat.div, Nat.mod, Nat.beq, Nat.ble, Nat.land, Nat.lor, Nat.xor, Nat.shiftLeft, Nat.shiftRight, String.ofList, Char.ofNat, List, eagerReduce, Nat, String, String.mk, Char, optParam, autoParam, semiOutParam, outParam] from OAI.Analysis.Unitarizability.UniverseTransport
Running Lean default kernel on solution.
Lean default kernel accepts the solution
Your solution is okay!
