Building ComparatorChallenges.GrahamSpherical
✔ [1019/1033] Built Mathlib.Algebra.Order.Ring.NNRat (1.4s)
✔ [1020/1053] Built Mathlib.Data.Rat.Cast.Lemmas (1.8s)
✔ [1040/1053] Built Mathlib.Algebra.Order.Group.Pointwise.Bounds (2.1s)
✔ [1041/1061] Built Mathlib.Order.ConditionallyCompleteLattice.Group (1.4s)
✔ [1045/1062] Built Mathlib.Algebra.Order.Floor.Semiring (3.7s)
✔ [1046/1062] Built Mathlib.Tactic.Finiteness (1.4s)
✔ [1047/1062] Built Mathlib.Data.Finset.Density (4.1s)
✔ [1048/1070] Built Mathlib.Order.Interval.Set.OrdConnectedComponent (1.6s)
✔ [1056/1086] Built Mathlib.Algebra.BigOperators.Field (1.7s)
✔ [1069/1086] Built Mathlib.Algebra.Order.Group.Pointwise.CompleteLattice (5.6s)
✔ [1070/1086] Built Mathlib.Order.Filter.Lift (2.9s)
✔ [1071/1112] Built Mathlib.Order.OrdContinuous (2.4s)
✔ [1097/1114] Built Mathlib.Order.Filter.SmallSets (1.9s)
✔ [1099/1117] Built Mathlib.Order.Interval.Set.Pi (4.3s)
✔ [1100/1117] Built Mathlib.Order.Filter.Curry (1.3s)
✔ [1101/1117] Built Mathlib.Algebra.Order.Floor.Ring (7.0s)
✔ [1102/1139] Built Mathlib.Tactic.Continuity (754ms)
✔ [1105/1140] Built Mathlib.Util.DelabNonCanonical (612ms)
✔ [1106/1143] Built Mathlib.Data.Set.Constructions (1.9s)
✔ [1107/1143] Built Mathlib.Topology.Defs.Basic (1.9s)
✔ [1108/1143] Built Mathlib.Algebra.Order.Round (3.3s)
✔ [1109/1143] Built Mathlib.Order.Filter.Interval (3.5s)
✔ [1110/1143] Built Mathlib.Order.Filter.AtTopBot.Prod (1.9s)
✔ [1111/1164] Built Mathlib.Topology.ContinuousMap.Defs (1.1s)
✔ [1126/1164] Built Mathlib.Order.Filter.AtTopBot.Finite (2.3s)
✔ [1129/1164] Built Mathlib.Topology.Defs.Filter (2.2s)
✔ [1132/1170] Built Mathlib.Order.Filter.AtTopBot.CountablyGenerated (1.7s)
✔ [1134/1176] Built Mathlib.Topology.Bornology.Basic (2.0s)
✔ [1137/1176] Built Mathlib.Topology.Basic (2.1s)
✔ [1138/1177] Built Mathlib.Order.SetAccumulate (1.6s)
✔ [1139/1177] Built Mathlib.Order.ZornAtoms (1.5s)
✔ [1140/1177] Built Mathlib.Topology.Defs.Induced (1.1s)
✔ [1141/1177] Built Mathlib.Data.Rat.Floor (4.7s)
✔ [1142/1177] Built Mathlib.Tactic.TautoSet (1.1s)
✔ [1143/1184] Built Mathlib.Topology.WithTopology (1.6s)
✔ [1146/1186] Built Mathlib.Topology.Closure (2.9s)
✔ [1147/1192] Built Mathlib.Order.Filter.Ultrafilter.Defs (2.7s)
✔ [1148/1192] Built Mathlib.Order.UpperLower.Fibration (1.4s)
✔ [1149/1192] Built Mathlib.Topology.Defs.Ultrafilter (1.8s)
✔ [1150/1194] Built Mathlib.Algebra.Order.Archimedean.Basic (5.3s)
✔ [1151/1194] Built Mathlib.Topology.Neighborhoods (2.8s)
✔ [1152/1194] Built Mathlib.Order.UpperLower.CompleteLattice (4.2s)
✔ [1153/1194] Built Mathlib.Order.Filter.Ultrafilter.Basic (1.5s)
✔ [1154/1194] Built Mathlib.Topology.NhdsSet (1.8s)
✔ [1155/1195] Built Mathlib.Topology.ClusterPt (2.5s)
✔ [1156/1197] Built Mathlib.Algebra.Order.Archimedean.Real.Basic (3.2s)
✔ [1158/1201] Built Mathlib.Order.UpperLower.Principal (2.2s)
✔ [1159/1201] Built Mathlib.Order.Filter.CountableInter (2.7s)
✔ [1162/1201] Built Mathlib.Topology.Continuous (1.8s)
✔ [1163/1201] Built Mathlib.Data.Set.Functor (1.9s)
✔ [1164/1201] Built Mathlib.Data.Set.BoolIndicator (1.1s)
✔ [1165/1201] Built Mathlib.Order.UpperLower.Closure (3.2s)
✔ [1166/1208] Built Mathlib.Topology.Ultrafilter (1.0s)
✔ [1167/1208] Built Mathlib.Topology.Separation.SeparatedNhds (2.1s)
✔ [1169/1222] Built Mathlib.Data.Set.Subset (1.0s)
✔ [1183/1234] Built Mathlib.Order.SuccPred.Relation (1.9s)
✔ [1186/1234] Built Mathlib.Basic.NNReal.Defs (7.4s)
✔ [1187/1234] Built Mathlib.Basic.Rel.Separated (1.2s)
✔ [1188/1234] Built Mathlib.Topology.Order (4.2s)
✔ [1189/1234] Built Mathlib.Algebra.Order.Module.Field (2.4s)
✔ [1190/1236] Built Mathlib.Basic.Rel.Cover (979ms)
✔ [1191/1236] Built Mathlib.Basic.ENNReal.Basic (5.6s)
✔ [1193/1236] Built Mathlib.Topology.Maps.Basic (4.2s)
✔ [1194/1238] Built Mathlib.Topology.UniformSpace.Defs (4.3s)
✔ [1195/1239] Built Mathlib.Algebra.Algebra.Rat (1.5s)
✔ [1196/1239] Built Mathlib.Topology.Maps.OpenQuotient (1.5s)
✔ [1199/1266] Built Mathlib.Analysis.Normed.Group.Seminorm (7.6s)
✔ [1226/1266] Built Mathlib.Basic.ENNReal.Real (2.5s)
✔ [1227/1282] Built Mathlib.Topology.UniformSpace.OfFun (1.6s)
✔ [1237/1283] Built Mathlib.Algebra.BigOperators.Group.Finset.Indicator (1.3s)
✔ [1244/1295] Built Mathlib.Algebra.Order.Nonneg.Floor (1.4s)
✔ [1253/1295] Built Mathlib.Topology.Homeomorph.Defs (3.4s)
✔ [1255/1295] Built Mathlib.Algebra.Order.Module.Pointwise (2.0s)
✔ [1256/1295] Built Mathlib.Basic.ENNReal.Operations (5.3s)
✔ [1257/1295] Built Mathlib.Algebra.BigOperators.Expect (4.8s)
✔ [1258/1296] Built Mathlib.Basic.Real.Pointwise (2.4s)
✔ [1259/1323] Built Mathlib.Topology.Constructions.SumProd (7.6s)
✔ [1260/1323] Built Mathlib.Basic.NNReal.Basic (3.9s)
✔ [1269/1324] Built Mathlib.Topology.Bornology.Constructions (2.5s)
✔ [1270/1331] Built Mathlib.Basic.ENNReal.Inv (7.6s)
✔ [1271/1331] Built Mathlib.Data.EReal.Basic (7.6s)
✔ [1272/1337] Built Mathlib.Order.Filter.AtTopBot.Map (1.0s)
✔ [1273/1339] Built Mathlib.Order.Filter.AtTopBot.CompleteLattice (1.2s)
✔ [1274/1340] Built Mathlib.Order.Filter.AtTopBot.Monoid (1.8s)
✔ [1275/1340] Built Mathlib.Basic.ENNReal.Lemmas (1.3s)
✔ [1276/1340] Built Mathlib.Algebra.Group.EvenFunction (1.8s)
✔ [1277/1382] Built Mathlib.Logic.Encodable.Lattice (1.8s)
✔ [1318/1407] Built Mathlib.Order.Filter.AtTopBot.Finset (1.9s)
✔ [1340/1411] Built Mathlib.Topology.Constructions (7.2s)
✔ [1341/1411] Built Mathlib.Order.Filter.AtTopBot.Group (2.0s)
✔ [1342/1411] Built Mathlib.Order.Filter.NAry (1.8s)
✔ [1344/1411] Built Mathlib.Topology.Algebra.Monoid.Defs (2.1s)
✔ [1345/1412] Built Mathlib.Topology.GDelta.Basic (2.3s)
✔ [1346/1415] Built Mathlib.Topology.Algebra.Group.Defs (2.2s)
✔ [1347/1417] Built Mathlib.Topology.NhdsWithin (3.0s)
✔ [1349/1419] Built Mathlib.Topology.Baire.Lemmas (2.7s)
✔ [1350/1419] Built Mathlib.Topology.LocallyClosed (3.2s)
✔ [1352/1419] Built Mathlib.Order.Filter.IsBounded (4.7s)
✔ [1353/1449] Built Mathlib.Order.Filter.AtTopBot.BigOperators (1.9s)
✔ [1372/1449] Built Mathlib.Topology.ContinuousOn (4.5s)
✔ [1373/1449] Built Mathlib.Order.Filter.Pointwise (8.6s)
✔ [1374/1449] Built Mathlib.Order.Filter.AtTopBot.Ring (1.4s)
✔ [1375/1449] Built Mathlib.Topology.Inseparable (5.5s)
✔ [1376/1449] Built Mathlib.Topology.Bases (7.3s)
✔ [1377/1449] Built Mathlib.Topology.UniformSpace.Basic (6.8s)
✔ [1378/1449] Built Mathlib.Order.LiminfLimsup (8.6s)
✔ [1379/1449] Built Mathlib.Topology.Clopen (1.5s)
✔ [1380/1451] Built Mathlib.Topology.Piecewise (1.8s)
✔ [1381/1451] Built Mathlib.Topology.LocallyFinite (2.2s)
✔ [1382/1451] Built Mathlib.Topology.Order.LeftRight (2.6s)
✔ [1383/1451] Built Mathlib.Order.Filter.AtTopBot.Field (2.9s)
✔ [1384/1456] Built Mathlib.Topology.UniformSpace.DiscreteUniformity (2.1s)
✔ [1391/1459] Built Mathlib.Topology.Compactness.Compact (7.0s)
✔ [1393/1459] Built Mathlib.Topology.Compactness.LocallyFinite (1.3s)
✔ [1394/1460] Built Mathlib.Topology.EMetricSpace.Defs (6.6s)
✔ [1395/1460] Built Mathlib.Topology.Algebra.InfiniteSum.SummationFilter (4.6s)
✔ [1397/1471] Built Mathlib.Topology.UniformSpace.Compact (1.8s)
✔ [1408/1471] Built Mathlib.Topology.Compactness.LocallyCompact (1.0s)
✔ [1409/1471] Built Mathlib.Topology.MetricSpace.Pseudo.Defs (7.0s)
✔ [1410/1476] Built Mathlib.Topology.Algebra.ContinuousMonoidHom (7.5s)
✔ [1411/1476] Built Mathlib.Algebra.Order.Group.Pointwise.Interval (12s)
✔ [1412/1478] Built Mathlib.Topology.Separation.Basic (6.7s)
✔ [1414/1478] Built Mathlib.Topology.Compactness.SigmaCompact (2.6s)
✔ [1415/1478] Built Mathlib.Topology.MetricSpace.Defs (2.2s)
✔ [1416/1499] Built Mathlib.Topology.MetricSpace.Pseudo.Constructions (2.7s)
✔ [1434/1499] Built Mathlib.Topology.DiscreteSubset (5.4s)
✔ [1435/1500] Built Mathlib.Topology.Order.LocalExtr (4.3s)
✔ [1436/1519] Built Mathlib.Topology.Compactness.Lindelof (4.5s)
✔ [1444/1519] Built Mathlib.Data.Int.ConditionallyCompleteOrder (1.6s)
✔ [1445/1528] Built Mathlib.Topology.Irreducible (3.7s)
✔ [1446/1528] Built Mathlib.Topology.Order.Bornology (2.9s)
✔ [1447/1528] Built Mathlib.Algebra.Ring.Torsion (1.1s)
✔ [1448/1566] Built Mathlib.Data.EReal.Operations (9.1s)
✔ [1479/1568] Built Mathlib.Data.Int.Interval (3.3s)
✔ [1487/1568] Built Mathlib.Algebra.Algebra.IsSimpleRing (1.3s)
✔ [1488/1571] Built Mathlib.Topology.Separation.Hausdorff (3.7s)
✔ [1490/1571] Built Mathlib.Algebra.BigOperators.Balance (1.8s)
✔ [1491/1571] Built Mathlib.Algebra.Order.Module.Rat (1.5s)
✔ [1492/1571] Built Mathlib.Topology.Algebra.InfiniteSum.Defs (3.0s)
✔ [1493/1571] Built Mathlib.Basic.Complex.Basic (6.7s)
✔ [1495/1571] Built Mathlib.Topology.ContinuousMap.Basic (3.8s)
✔ [1496/1575] Built Mathlib.Topology.Order.OrderClosed (5.7s)
✔ [1497/1575] Built Mathlib.Algebra.Order.BigOperators.Expect (3.0s)
✔ [1498/1639] Built Mathlib.Topology.Algebra.Support (4.2s)
✔ [1565/1639] Built Mathlib.Topology.Connected.Basic (3.6s)
✔ [1567/1651] Built Mathlib.Algebra.Algebra.Subalgebra.Directed (3.4s)
✔ [1575/1651] Built Mathlib.Topology.Algebra.InfiniteSum.Basic (8.2s)
✔ [1576/1651] Built Mathlib.Algebra.Star.Pointwise (1.8s)
✔ [1577/1678] Built Mathlib.Algebra.Star.Center (1.6s)
✔ [1578/1678] Built Mathlib.Algebra.Star.Prod (1.6s)
✔ [1603/1678] Built Mathlib.Topology.Connected.Clopen (5.6s)
✔ [1604/1678] Built Mathlib.Topology.Order.Basic (9.7s)
✔ [1605/1679] Built Mathlib.Algebra.Star.MonoidHom (2.6s)
✔ [1606/1679] Built Mathlib.Topology.Connected.LocallyConnected (2.0s)
✔ [1607/1680] Built Mathlib.Algebra.Algebra.Spectrum.Basic (5.2s)
✔ [1608/1680] Built Mathlib.Topology.Instances.Discrete (1.4s)
✔ [1609/1680] Built Mathlib.Topology.Separation.Regular (4.2s)
✔ [1610/1680] Built Mathlib.Topology.Connected.TotallyDisconnected (2.5s)
✔ [1611/1680] Built Mathlib.Topology.Order.MonotoneConvergence (2.4s)
✔ [1612/1680] Built Mathlib.Topology.Order.T5 (2.6s)
✔ [1613/1680] Built Mathlib.Topology.Order.LeftRightNhds (5.8s)
✔ [1614/1680] Built Mathlib.Topology.DenseEmbedding (2.4s)
✔ [1615/1680] Built Mathlib.Algebra.Star.Unitary (6.9s)
✔ [1616/1680] Built Mathlib.Topology.UniformSpace.Separation (2.2s)
✔ [1617/1680] Built Mathlib.Topology.Order.Real (1.6s)
✔ [1618/1680] Built Mathlib.Topology.Order.MonotoneContinuity (2.3s)
✔ [1619/1680] Built Mathlib.Topology.Algebra.Order.Group (2.6s)
✔ [1620/1683] Built Mathlib.Topology.Order.IsLUB (4.5s)
✔ [1621/1683] Built Mathlib.Topology.Homeomorph.Lemmas (4.8s)
✔ [1622/1683] Built Mathlib.Algebra.Star.NonUnitalSubalgebra (21s)
✔ [1623/1684] Built Mathlib.Algebra.BigOperators.WithTop (1.6s)
✔ [1624/1684] Built Mathlib.Analysis.Normed.Group.Defs (4.5s)
✔ [1625/1684] Built Mathlib.Topology.Order.DenselyOrdered (3.1s)
✔ [1626/1684] Built Mathlib.Topology.Algebra.Constructions (2.9s)
✔ [1627/1684] Built Mathlib.Topology.Order.Monotone (3.9s)
✔ [1628/1684] Built Mathlib.Data.Rat.Encodable (1.1s)
✔ [1629/1688] Built Mathlib.Topology.Maps.Proper.Basic (2.4s)
✔ [1630/1688] Built Mathlib.Basic.ENNReal.BigOperators (2.2s)
✔ [1631/1688] Built Mathlib.Topology.Algebra.Star (1.4s)
✔ [1632/1688] Built Mathlib.Topology.MetricSpace.Pseudo.Lemmas (2.3s)
✔ [1633/1692] Built Mathlib.Topology.UniformSpace.Cauchy (5.3s)
✔ [1634/1695] Built Mathlib.Algebra.Star.Subalgebra (13s)
✔ [1635/1695] Built Mathlib.Topology.Algebra.ConstMulAction (9.1s)
✔ [1636/1695] Built Mathlib.Topology.Order.IntermediateValue (7.8s)
✔ [1637/1695] Built Mathlib.Topology.Defs.Sequences (1.2s)
✔ [1638/1695] Built Mathlib.Topology.Order.LiminfLimsup (5.5s)
✔ [1639/1695] Built Mathlib.Topology.UniformSpace.UniformEmbedding (4.8s)
✔ [1640/1696] Built Mathlib.Topology.UniformSpace.UniformConvergence (3.9s)
✔ [1641/1697] Built Mathlib.Topology.UniformSpace.CompleteSeparated (1.3s)
✔ [1642/1697] Built Mathlib.Topology.Order.Compact (4.2s)
✔ [1643/1701] Built Mathlib.Topology.UniformSpace.Pi (1.7s)
✔ [1644/1702] Built Mathlib.Topology.Algebra.MulAction (4.4s)
✔ [1645/1702] Built Mathlib.Topology.Coherent (1.8s)
✔ [1646/1702] Built Mathlib.Topology.UniformSpace.LocallyUniformConvergence (2.8s)
✔ [1647/1702] Built Mathlib.Topology.UniformSpace.Equiv (3.1s)
✔ [1648/1702] Built Mathlib.Topology.Metrizable.Basic (1.7s)
✔ [1649/1705] Built Mathlib.Topology.UniformSpace.UniformApproximation (2.3s)
✔ [1650/1720] Built Mathlib.Topology.Sequences (3.1s)
✔ [1666/1721] Built Mathlib.Topology.EMetricSpace.Basic (4.1s)
✔ [1667/1721] Built Mathlib.Data.FunLike.Ring (2.0s)
✔ [1668/1721] Built Mathlib.Topology.MetricSpace.Cauchy (2.6s)
✔ [1669/1727] Built Mathlib.Topology.EMetricSpace.Pi (2.4s)
✔ [1670/1727] Built Mathlib.Topology.UniformSpace.UniformConvergenceTopology (6.9s)
✔ [1671/1727] Built Mathlib.Topology.Algebra.Monoid (10s)
✔ [1672/1727] Built Mathlib.Topology.UniformSpace.Real (1.6s)
✔ [1675/1727] Built Mathlib.Topology.MetricSpace.Pseudo.Basic (3.2s)
✔ [1676/1727] Built Mathlib.Topology.EMetricSpace.Diam (2.5s)
✔ [1677/1727] Built Mathlib.Topology.MetricSpace.Pseudo.Pi (2.9s)
✔ [1678/1730] Built Mathlib.Topology.Algebra.Group.ZPow (1.8s)
✔ [1680/1730] Built Mathlib.Topology.UniformSpace.Equicontinuity (4.4s)
✔ [1681/1730] Built Mathlib.Topology.Algebra.Group.ContinuousInv (3.5s)
✔ [1682/1730] Built Mathlib.Topology.Algebra.GroupWithZero (2.8s)
✔ [1683/1730] Built Mathlib.Topology.MetricSpace.ProperSpace (2.0s)
✔ [1684/1734] Built Mathlib.Topology.EMetricSpace.Lipschitz (4.4s)
✔ [1685/1734] Built Mathlib.Topology.MetricSpace.Basic (2.8s)
✔ [1686/1734] Built Mathlib.Topology.MetricSpace.Pseudo.Real (1.9s)
✔ [1687/1734] Built Mathlib.Topology.UniformSpace.HeineCantor (1.0s)
✔ [1688/1738] Built Mathlib.Order.Interval.Set.ProjIcc (2.1s)
✔ [1689/1738] Built Mathlib.Topology.UniformSpace.AbstractCompletion (2.9s)
✔ [1690/1738] Built Mathlib.Topology.Bornology.Hom (1.4s)
✔ [1691/1738] Built Mathlib.Topology.Algebra.Group.Basic (4.1s)
✔ [1692/1738] Built Mathlib.Topology.Metrizable.Uniformity (2.8s)
✔ [1693/1739] Built Mathlib.Topology.EMetricSpace.MulOpposite (1.5s)
✔ [1694/1739] Built Mathlib.Topology.MetricSpace.Bounded (4.8s)
✔ [1695/1739] Built Mathlib.Topology.Algebra.Group.GroupTopology (2.5s)
✔ [1696/1739] Built Mathlib.Topology.UniformSpace.Completion (3.2s)
✔ [1698/1739] Built Mathlib.Topology.Algebra.Group.Subgroup (2.2s)
✔ [1699/1739] Built Mathlib.Topology.MetricSpace.Lipschitz (2.9s)
✔ [1700/1739] Built Mathlib.Topology.MetricSpace.Antilipschitz (2.7s)
✔ [1701/1740] Built Mathlib.Topology.Algebra.Group.Neighborhood (4.1s)
✔ [1702/1740] Built Mathlib.Topology.Instances.Int (1.7s)
✔ [1703/1740] Built Mathlib.Topology.Bornology.Real (1.5s)
✔ [1704/1740] Built Mathlib.Topology.Algebra.Group.ContinuousDiv (2.0s)
✔ [1705/1740] Built Mathlib.Topology.MetricSpace.Isometry (4.3s)
✔ [1706/1740] Built Mathlib.Analysis.Normed.Group.Basic (13s)
✔ [1707/1740] Built Mathlib.Topology.Algebra.Ring.Basic (4.4s)
✔ [1708/1740] Built Mathlib.Topology.MetricSpace.ProperSpace.Real (1.3s)
✔ [1709/1741] Built Mathlib.Topology.Algebra.Group.Pointwise (5.1s)
✔ [1710/1741] Built Mathlib.Topology.MetricSpace.IsometricSMul (5.6s)
✔ [1711/1741] Built Mathlib.Analysis.Normed.Group.Constructions (4.1s)
✔ [1712/1743] Built Mathlib.Topology.Algebra.IsUniformGroup.Defs (6.8s)
✔ [1713/1743] Built Mathlib.Analysis.Normed.Group.Subgroup (1.9s)
✔ [1714/1743] Built Mathlib.Analysis.Normed.Group.Real (1.6s)
✔ [1715/1743] Built Mathlib.Topology.Algebra.Group.Quotient (2.3s)
✔ [1716/1744] Built Mathlib.Topology.Algebra.Field (2.7s)
✔ [1717/1744] Built Mathlib.Topology.Algebra.UniformMulAction (2.7s)
✔ [1718/1744] Built Mathlib.Analysis.Normed.Group.Int (1.5s)
✔ [1719/1751] Built Mathlib.Topology.Algebra.IsUniformGroup.Constructions (1.9s)
✔ [1720/1751] Built Mathlib.Topology.Algebra.InfiniteSum.Group (4.7s)
✔ [1721/1751] Built Mathlib.Topology.Compactness.Bases (1.6s)
✔ [1722/1751] Built Mathlib.Topology.Algebra.Module.Basic (3.2s)
✔ [1723/1751] Built Mathlib.Topology.Algebra.Order.Field (3.8s)
✔ [1724/1751] Built Mathlib.Order.Copy (1.0s)
✔ [1725/1751] Built Mathlib.Topology.Algebra.InfiniteSum.NatInt (5.4s)
✔ [1726/1751] Built Mathlib.Topology.Algebra.IsUniformGroup.Basic (8.0s)
✔ [1727/1751] Built Mathlib.Topology.Algebra.Ring.Real (1.6s)
✔ [1728/1754] Built Mathlib.Topology.Sets.Opens (4.2s)
✔ [1729/1757] Built Mathlib.Topology.Algebra.InfiniteSum.Order (4.8s)
✔ [1730/1757] Built Mathlib.Topology.Algebra.InfiniteSum.Constructions (14s)
✔ [1731/1757] Built Mathlib.Algebra.Group.Subgroup.Order (1.9s)
✔ [1732/1759] Built Mathlib.Topology.Sets.Closeds (3.6s)
✔ [1733/1759] Built Mathlib.Topology.Algebra.Module.ContinuousLinearMap.Basic (14s)
✔ [1734/1762] Built Mathlib.Topology.Instances.Nat (1.5s)
✔ [1735/1762] Built Mathlib.Algebra.Order.GroupWithZero.Finset (1.4s)
✔ [1736/1762] Built Mathlib.GroupTheory.Archimedean (2.3s)
✔ [1737/1762] Built Mathlib.Topology.Algebra.InfiniteSum.Ring (2.6s)
✔ [1738/1762] Built Mathlib.Topology.Algebra.Module.ContinuousLinearMap.Restrict (2.0s)
✔ [1739/1762] Built Mathlib.Topology.MetricSpace.Dilation (3.4s)
✔ [1740/1767] Built Mathlib.Topology.Algebra.Order.Archimedean (2.4s)
✔ [1741/1767] Built Mathlib.Topology.Algebra.Module.ContinuousLinearMap.PiProd (4.0s)
✔ [1742/1767] Built Mathlib.Topology.Algebra.SeparationQuotient.Basic (5.2s)
✔ [1743/1767] Built Mathlib.Topology.Instances.NNReal.Lemmas (2.5s)
✔ [1744/1767] Built Mathlib.Algebra.Order.AddTorsor (1.5s)
✔ [1745/1768] Built Mathlib.Topology.Instances.Rat (2.5s)
✔ [1746/1768] Built Mathlib.Topology.MetricSpace.DilationEquiv (2.7s)
✔ [1747/1768] Built Mathlib.Analysis.Real.Sqrt (5.5s)
✔ [1748/1768] Built Mathlib.Topology.MetricSpace.Algebra (5.8s)
✔ [1749/1768] Built Mathlib.Topology.Instances.ENNReal.Lemmas (6.3s)
✔ [1751/1768] Built Mathlib.Analysis.Normed.Group.Rat (1.5s)
✔ [1752/1777] Built Mathlib.Basic.ENNReal.Action (1.7s)
✔ [1774/1813] Built Mathlib.Basic.Real.Star (1.5s)
✔ [1805/1830] Built Mathlib.Analysis.Complex.Norm (3.2s)
✔ [1806/1830] Built Mathlib.Tactic.LinearCombination.Lemmas (2.3s)
✔ [1807/1830] Built Mathlib.Tactic.Ring.Compare (2.7s)
✔ [1808/1831] Built Mathlib.Analysis.Normed.Group.Continuity (5.4s)
✔ [1809/1831] Built Mathlib.Analysis.Complex.Order (2.6s)
✔ [1810/1831] Built Mathlib.Basic.Complex.BigOperators (1.6s)
✔ [1811/1831] Built Mathlib.Tactic.LinearCombination (2.8s)
✔ [1812/1831] Built Mathlib.Analysis.Normed.Group.Bounded (2.7s)
✔ [1866/1891] Built Mathlib.Algebra.CharP.Invertible (1.6s)
✔ [1867/1892] Built Mathlib.Algebra.Order.Monoid.Submonoid (1.1s)
✔ [1868/1894] Built Mathlib.Algebra.Ring.Regular (984ms)
✔ [1869/1894] Built Mathlib.Topology.Algebra.Module.Equiv (20s)
✔ [1870/1895] Built Mathlib.Analysis.Normed.Group.Uniform (6.2s)
✔ [1871/1895] Built Mathlib.Topology.Algebra.Module.ContinuousLinearMap.RestrictScalars (2.4s)
✔ [1872/1895] Built Mathlib.Topology.Instances.RealVectorSpace (1.0s)
✔ [1873/1895] Built Mathlib.Algebra.Order.Interval.Set.Instances (2.6s)
✔ [1874/1895] Built Mathlib.Topology.Algebra.InfiniteSum.Module (3.1s)
✔ [1875/1895] Built Mathlib.Topology.Algebra.Module.Star (3.6s)
✔ [1876/1895] Built Mathlib.Topology.Algebra.Module.ClosedSubmodule (5.4s)
✔ [1877/1896] Built Mathlib.LinearAlgebra.Complex.Module (10s)
✔ [1878/1896] Built Mathlib.Algebra.QuadraticDiscriminant (2.7s)
✔ [1879/1896] Built Mathlib.Analysis.Normed.Group.Submodule (2.5s)
✔ [1880/1896] Built Mathlib.GroupTheory.GroupAction.Pointwise (1.8s)
✔ [1881/1897] Built Mathlib.Analysis.Normed.Group.Hom (7.1s)
✔ [1882/1899] Built Mathlib.Algebra.Ring.Action.Pointwise.Set (1.8s)
✔ [1883/1899] Built Mathlib.Algebra.Module.LinearMap.Prod (1.5s)
✔ [1884/1899] Built Mathlib.Topology.Algebra.Algebra (6.7s)
✔ [1885/1904] Built Mathlib.Algebra.Order.Module.Synonym (1.0s)
✔ [1886/1904] Built Mathlib.Topology.Algebra.Algebra.Equiv (4.2s)
✔ [1887/1905] Built Mathlib.LinearAlgebra.AffineSpace.Defs (756ms)
✔ [1888/1911] Built Mathlib.Algebra.Torsor.Basic (4.8s)
✔ [1889/1914] Built Mathlib.Algebra.Order.Algebra (2.6s)
✔ [1891/1916] Built Mathlib.Analysis.Normed.Ring.Basic (12s)
✔ [1892/1916] Built Mathlib.Algebra.Group.Submonoid.Units (4.7s)
✔ [1893/1916] Built Mathlib.LinearAlgebra.AffineSpace.AffineSubspace.Defs (7.1s)
✔ [1894/1916] Built Mathlib.Analysis.Normed.Ring.Finite (1.6s)
✔ [1895/1916] Built Mathlib.Analysis.Normed.Ring.Lemmas (4.7s)
✔ [1896/1918] Built Mathlib.LinearAlgebra.AffineSpace.AffineMap (13s)
✔ [1897/1918] Built Mathlib.Topology.Bornology.Absorbs (2.3s)
✔ [1898/1918] Built Mathlib.Analysis.Normed.Operator.LinearIsometry (23s)
✔ [1899/1918] Built Mathlib.Algebra.Ring.Subring.Units (1.5s)
✔ [1900/1918] Built Mathlib.Analysis.Normed.Field.Basic (4.8s)
✔ [1901/1927] Built Mathlib.Tactic.Bound (2.2s)
✔ [1904/1928] Built Mathlib.Analysis.Normed.MulAction (3.0s)
✔ [1905/1928] Built Mathlib.LinearAlgebra.Ray (6.3s)
✔ [1906/1928] Built Mathlib.Topology.MetricSpace.Equicontinuity (1.5s)
✔ [1907/1928] Built Mathlib.Topology.Algebra.UniformConvergence (5.8s)
✔ [1908/1929] Built Mathlib.Analysis.Normed.Field.Lemmas (4.1s)
✔ [1909/1929] Built Mathlib.Analysis.Normed.Operator.ContinuousLinearMap (3.4s)
✔ [1910/1929] Built Mathlib.LinearAlgebra.AffineSpace.AffineEquiv (11s)
✔ [1911/1932] Built Mathlib.Topology.Algebra.Equicontinuity (1.4s)
✔ [1912/1936] Built Mathlib.Topology.Algebra.FilterBasis (4.7s)
✔ [1913/1941] Built Mathlib.LinearAlgebra.AffineSpace.Midpoint (2.9s)
✔ [1914/1941] Built Mathlib.Tactic.ProxyType (2.7s)
✔ [1916/1944] Built Mathlib.Tactic.DeriveFintype (2.8s)
✔ [1918/1944] Built Mathlib.Analysis.Normed.Module.Basic (8.5s)
✔ [1919/1944] Built Mathlib.Analysis.Convex.Segment (7.5s)
✔ [1920/1948] Built Mathlib.Basic.Sign.Defs (3.8s)
✔ [1921/1948] Built Mathlib.LinearAlgebra.AffineSpace.AffineSubspace.Basic (10s)
✔ [1923/1950] Built Mathlib.Analysis.CStarAlgebra.Basic (4.8s)
✔ [1924/1950] Built Mathlib.Basic.Sign.Basic (2.7s)
✔ [1925/1950] Built Mathlib.Analysis.Convex.Star (3.7s)
✔ [1927/1950] Built Mathlib.LinearAlgebra.AffineSpace.Restrict (2.8s)
✔ [1928/1950] Built Mathlib.LinearAlgebra.AffineSpace.Pointwise (2.7s)
✔ [1929/1951] Built Mathlib.Analysis.Convex.Basic (7.0s)
✔ [1930/1951] Built Mathlib.LinearAlgebra.AffineSpace.Combination (9.0s)
✔ [1931/1951] Built Mathlib.Analysis.Convex.Strict (5.3s)
✔ [1932/1951] Built Mathlib.Geometry.Convex.ConvexSpace.Defs (12s)
✔ [1933/1954] Built Mathlib.Topology.Order.ProjIcc (1.8s)
✔ [1934/1954] Built Mathlib.Analysis.Convex.Hull (2.9s)
✔ [1935/1954] Built Mathlib.LinearAlgebra.AffineSpace.Centroid (2.0s)
✔ [1936/1954] Built Mathlib.Analysis.RCLike.Basic (19s)
✔ [1937/1958] Built Mathlib.Analysis.Convex.Function (11s)
✔ [1938/1958] Built Mathlib.Geometry.Convex.ConvexSpace.Barycenter (1.9s)
✔ [1939/1958] Built Mathlib.Topology.Hom.ContinuousEvalConst (1.6s)
✔ [1940/1958] Built Mathlib.Geometry.Convex.ConvexSpace.Topology (2.4s)
✔ [1941/1958] Built Mathlib.LinearAlgebra.AffineSpace.Independent (8.2s)
✔ [1942/1958] Built Mathlib.Topology.Hom.ContinuousEval (1.9s)
✔ [1943/1958] Built Mathlib.Analysis.LocallyConvex.Basic (4.8s)
✔ [1944/1958] Built Mathlib.Geometry.Convex.ConvexSpace.CompactSpaceStdSimplex (2.4s)
✔ [1945/1963] Built Mathlib.Topology.UnitInterval (6.4s)
✔ [1946/1963] Built Mathlib.Analysis.Complex.Basic (9.8s)
✔ [1947/1963] Built Mathlib.LinearAlgebra.AffineSpace.Basis (5.0s)
✔ [1948/1963] Built Mathlib.Topology.CompactOpen (4.9s)
✔ [1949/1964] Built Mathlib.Analysis.LocallyConvex.BalancedCoreHull (4.5s)
✔ [1950/1964] Built Mathlib.LinearAlgebra.AffineSpace.Simplex.Basic (8.9s)
✔ [1951/1967] Built Mathlib.Geometry.Convex.ConvexSpace.Prod (3.8s)
✔ [1952/1967] Built Mathlib.Geometry.Convex.ConvexSpace.AffineMap (2.4s)
✔ [1953/1968] Built Mathlib.Geometry.Convex.Set (6.2s)
✔ [1955/1971] Built Mathlib.Topology.Path (10s)
✔ [1956/1971] Built Mathlib.Geometry.Convex.Star (2.9s)
✔ [1957/1971] Built Mathlib.Topology.Algebra.Monoid.FunOnFinite (2.2s)
✔ [1958/1971] Built Mathlib.Analysis.Convex.Combination (12s)
✔ [1959/1972] Built Mathlib.Analysis.Normed.Module.Seminorm.Basic (20s)
✔ [1960/1979] Built Mathlib.Topology.Algebra.Group.Torsor (3.3s)
✔ [1961/1979] Built Mathlib.Topology.Connected.PathConnected (4.9s)
✔ [1962/1981] Built Mathlib.Analysis.Normed.Module.Seminorm.Norm (2.0s)
✔ [1963/1981] Built Mathlib.Tactic.Peel (2.1s)
✔ [1964/1981] Built Mathlib.Topology.Algebra.Affine (2.5s)
✔ [1965/1981] Built Mathlib.Topology.NhdsKer (1.7s)
✔ [1966/1982] Built Mathlib.Analysis.Convex.PathConnected (2.8s)
✔ [1968/1982] Built Mathlib.Geometry.Convex.ConvexSpace.PathConnectedSpaceStdSimplex (3.0s)
✔ [1969/1985] Built Mathlib.Topology.Compactness.NhdsKer (1.3s)
✔ [1970/1985] Built Mathlib.Algebra.Field.GeomSum (1.7s)
✔ [1971/1985] Built Mathlib.Topology.AlexandrovDiscrete (2.2s)
✔ [1972/1985] Built Mathlib.Analysis.LocallyConvex.Bounded (5.7s)
✔ [1973/1988] Built Mathlib.Algebra.BigOperators.Associated (2.2s)
✔ [1974/1988] Built Mathlib.Order.Filter.AtTopBot.Archimedean (2.6s)
✔ [1975/1990] Built Mathlib.Geometry.Convex.ConvexSpace.Module (13s)
✔ [1976/1990] Built Mathlib.Topology.Connected.LocallyPathConnected (2.6s)
✔ [1977/1990] Built Mathlib.Data.Nat.Factorial.BigOperators (2.0s)
✔ [1978/1995] Built Mathlib.Basic.Real.ENatENNReal (1.7s)
✔ [1979/1995] Built Mathlib.Data.Nat.Cast.Order.Field (1.5s)
✔ [1980/1995] Built Mathlib.Geometry.Convex.ConvexSpace.ModuleTopology (1.8s)
✔ [1981/1995] Built Mathlib.Analysis.Convex.StdSimplex (4.6s)
✔ [1982/1998] Built Mathlib.Data.EReal.Inv (5.6s)
✔ [1983/2001] Built Mathlib.Topology.Semicontinuity.Defs (6.1s)
✔ [1984/2001] Built Mathlib.Logic.Equiv.Embedding (1.1s)
✔ [1985/2001] Built Mathlib.Analysis.Asymptotics.Defs (2.5s)
✔ [1986/2001] Built Mathlib.Analysis.Convex.Topology (7.1s)
✔ [1987/2001] Built Mathlib.Data.Fintype.CardEmbedding (1.4s)
✔ [1988/2007] Built Mathlib.Topology.Algebra.MetricSpace.Lipschitz (2.6s)
✔ [1993/2008] Built Mathlib.Topology.Algebra.InfiniteSum.ENNReal (11s)
✔ [1994/2012] Built Mathlib.Topology.Algebra.Module.LocallyConvex (3.4s)
✔ [1995/2012] Built Mathlib.Analysis.Asymptotics.Basic (3.7s)
✔ [1996/2012] Built Mathlib.Topology.Algebra.InfiniteSum.Real (2.2s)
✔ [1997/2012] Built Mathlib.Topology.Algebra.SeparationQuotient.Section (2.2s)
✔ [1998/2012] Built Mathlib.Analysis.Asymptotics.Prod (2.2s)
✔ [1999/2012] Built Mathlib.Topology.Algebra.Module.Multilinear.Basic (9.1s)
✔ [2000/2012] Built Mathlib.Topology.Semicontinuity.Basic (8.7s)
✔ [2001/2013] Built Mathlib.Topology.Algebra.Module.UniformConvergence (3.0s)
✔ [2002/2013] Built Mathlib.Topology.Algebra.Module.Multilinear.Bounded (3.8s)
✔ [2003/2013] Built Mathlib.Topology.Instances.EReal.Lemmas (5.4s)
✔ [2004/2023] Built Mathlib.Analysis.Convex.Jensen (8.8s)
✔ [2005/2023] Built Mathlib.Analysis.LocallyConvex.WithSeminorms (17s)
✔ [2007/2026] Built Mathlib.Analysis.SpecificLimits.Basic (8.4s)
✔ [2008/2026] Built Mathlib.Analysis.Normed.Module.RCLike.Real (2.7s)
✔ [2009/2026] Built Mathlib.Topology.Algebra.Module.Spaces.UniformConvergenceCLM (14s)
✔ [2010/2029] Built Mathlib.Analysis.Normed.Module.Span (3.7s)
✔ [2011/2030] Built Mathlib.Topology.MetricSpace.HausdorffDistance (5.1s)
✔ [2012/2030] Built Mathlib.Analysis.InnerProductSpace.Defs (6.0s)
✔ [2013/2030] Built Mathlib.Algebra.BigOperators.Module (1.8s)
✔ [2014/2030] Built Mathlib.Algebra.Order.Field.Power (3.7s)
✔ [2015/2032] Built Mathlib.Topology.MetricSpace.Thickening (4.7s)
✔ [2016/2033] Built Mathlib.Analysis.Normed.Group.Pointwise (5.3s)
✔ [2017/2033] Built Mathlib.Algebra.Algebra.Unitization (11s)
✔ [2018/2033] Built Mathlib.Analysis.Normed.Module.Convex (4.7s)
✔ [2019/2033] Built Mathlib.Analysis.Asymptotics.Arith (4.7s)
✔ [2020/2033] Built Mathlib.Topology.Algebra.Module.Spaces.ContinuousLinearMap (19s)
✔ [2021/2033] Built Mathlib.Analysis.InnerProductSpace.Basic (11s)
✔ [2022/2033] Built Mathlib.Analysis.Normed.Group.InfiniteSum (2.0s)
✔ [2023/2033] Built Mathlib.Analysis.Asymptotics.Ring (2.9s)
✔ [2024/2040] Built Mathlib.Algebra.Algebra.Spectrum.Quasispectrum (7.7s)
✔ [2025/2041] Built Mathlib.Analysis.InnerProductSpace.Projection.Minimal (6.0s)
✔ [2026/2043] Built Mathlib.Logic.Equiv.PartialEquiv (4.7s)
✔ [2027/2044] Built Mathlib.Analysis.Normed.Operator.Basic (12s)
✔ [2028/2045] Built Mathlib.Topology.PartialHomeomorph.Defs (1.6s)
✔ [2029/2045] Built Mathlib.Analysis.Normed.Ring.InfiniteSum (5.0s)
✔ [2030/2047] Built Mathlib.Topology.Algebra.Module.Multilinear.Topology (13s)
✔ [2031/2047] Built Mathlib.Topology.Order.Lattice (2.5s)
✔ [2032/2047] Built Mathlib.Combinatorics.Enumerative.Stirling (1.9s)
✔ [2034/2050] Built Mathlib.Topology.PartialHomeomorph.Basic (2.0s)
✔ [2035/2054] Built Mathlib.Order.Filter.AtTopBot.ModEq (1.2s)
✔ [2037/2054] Built Mathlib.Topology.OpenPartialHomeomorph.Defs (1.0s)
✔ [2038/2054] Built Mathlib.Analysis.Normed.Operator.NNNorm (4.7s)
✔ [2039/2054] Built Mathlib.Topology.Algebra.Ring.Ideal (1.4s)
✔ [2040/2073] Built Mathlib.Analysis.Normed.Order.Lattice (3.2s)
✔ [2166/2186] Built Mathlib.Topology.OpenPartialHomeomorph.Basic (2.2s)
✔ [2167/2188] Built Mathlib.Topology.Algebra.Module.ContinuousLinearMap.Invertible (3.1s)
✔ [2168/2190] Built Mathlib.Topology.OpenPartialHomeomorph.Continuity (2.1s)
✔ [2169/2190] Built Mathlib.Analysis.Normed.Group.AddTorsor (3.2s)
✔ [2170/2190] Built Mathlib.Topology.MetricSpace.Gluing (4.3s)
✔ [2171/2190] Built Mathlib.LinearAlgebra.SesquilinearForm.Orthogonal (5.7s)
✔ [2172/2190] Built Mathlib.Topology.Metrizable.CompletelyMetrizable (2.7s)
✔ [2173/2193] Built Mathlib.Topology.Algebra.Module.ContinuousLinearMap.Idempotent (7.9s)
✔ [2174/2193] Built Mathlib.Topology.Baire.CompleteMetrizable (1.9s)
✔ [2175/2197] Built Mathlib.Analysis.Asymptotics.Lemmas (9.9s)
✔ [2176/2199] Built Mathlib.Analysis.Normed.Group.Lemmas (2.3s)
✔ [2177/2200] Built Mathlib.Analysis.Asymptotics.Theta (4.1s)
✔ [2178/2200] Built Mathlib.Analysis.Normed.Operator.Bilinear (20s)
✔ [2179/2200] Built Mathlib.Analysis.Asymptotics.AsymptoticEquivalent (5.3s)
✔ [2180/2201] Built Mathlib.Topology.Algebra.ContinuousAffineMap (12s)
✔ [2181/2201] Built Mathlib.Analysis.Normed.Module.Ball.Pointwise (6.4s)
✔ [2182/2201] Built Mathlib.Analysis.SpecificLimits.Normed (13s)
✔ [2183/2201] Built Mathlib.RingTheory.Finiteness.Cofinite (3.0s)
✔ [2184/2202] Built Mathlib.Topology.Algebra.ContinuousAffineEquiv (7.4s)
✔ [2185/2202] Built Mathlib.Analysis.Normed.Operator.NormedSpace (8.8s)
✔ [2187/2202] Built Mathlib.Analysis.Normed.Ring.Units (3.7s)
✔ [2188/2202] Built Mathlib.Topology.Algebra.AffineSubspace (2.7s)
✔ [2189/2202] Built Mathlib.Analysis.Normed.Module.RCLike.Basic (2.9s)
✔ [2190/2202] Built Mathlib.Analysis.Normed.Operator.Mul (10s)
✔ [2191/2252] Built Mathlib.Analysis.Normed.Module.RieszLemma (3.0s)
✔ [2241/2263] Built Mathlib.Analysis.Normed.Operator.Banach (14s)
✔ [2251/2264] Built Mathlib.Data.Fintype.Parity (1.2s)
✔ [2252/2266] Built Mathlib.Analysis.Normed.Affine.Isometry (15s)
✔ [2254/2266] Built Mathlib.LinearAlgebra.Matrix.Basis (3.9s)
✔ [2255/2268] Built Mathlib.LinearAlgebra.Matrix.Action (2.7s)
✔ [2256/2314] Built Mathlib.Analysis.Normed.Module.Multilinear.Basic (31s)
✔ [2257/2314] Built Mathlib.Algebra.Order.Ring.GeomSum (2.1s)
✔ [2258/2314] Built Mathlib.Data.Nat.Choose.Central (1.6s)
✔ [2297/2316] Built Mathlib.Algebra.Ring.AddAut (1.2s)
✔ [2298/2322] Built Mathlib.Algebra.Order.Hom.TypeTags (1.6s)
✔ [2299/2323] Built Mathlib.Data.Nat.Digits.Defs (3.5s)
✔ [2300/2323] Built Mathlib.Data.ZMod.Aut (2.1s)
✔ [2301/2325] Built Mathlib.Data.Nat.Factorization.LCM (2.0s)
✔ [2303/2325] Built Mathlib.GroupTheory.Subgroup.Simple (1.7s)
✔ [2304/2326] Built Mathlib.RingTheory.Localization.Integer (2.7s)
✔ [2305/2326] Built Mathlib.Data.Nat.Digits.Lemmas (4.1s)
✔ [2306/2338] Built Mathlib.Algebra.Ring.Action.ConjAct (990ms)
✔ [2318/2339] Built Mathlib.GroupTheory.Exponent (6.1s)
✔ [2319/2340] Built Mathlib.Data.Nat.Choose.Factorization (2.3s)
✔ [2320/2340] Built Mathlib.Analysis.Normed.Operator.BoundedLinearMaps (10s)
✔ [2321/2340] Built Mathlib.LinearAlgebra.GeneralLinearGroup.AlgEquiv (2.9s)
✔ [2322/2346] Built Mathlib.GroupTheory.Congruence.BigOperators (1.8s)
✔ [2323/2347] Built Mathlib.Data.Nat.Multiplicity (2.2s)
✔ [2324/2347] Built Mathlib.RingTheory.TwoSidedIdeal.Operations (3.8s)
✔ [2325/2347] Built Mathlib.Analysis.InnerProductSpace.Continuous (3.2s)
✔ [2326/2347] Built Mathlib.RingTheory.Jacobson.Radical (3.8s)
✔ [2327/2348] Built Mathlib.Algebra.CharP.Lemmas (2.0s)
✔ [2328/2349] Built Mathlib.GroupTheory.SpecificGroups.Cyclic (9.2s)
✔ [2329/2349] Built Mathlib.Topology.Algebra.Module.ModuleTopology (6.0s)
✔ [2330/2349] Built Mathlib.RingTheory.Jacobson.Ideal (3.5s)
✔ [2331/2349] Built Mathlib.Algebra.CharP.Frobenius (2.3s)
✔ [2332/2349] Built Mathlib.Order.Atoms.Finite (1.4s)
✔ [2333/2352] Built Mathlib.Order.CompactlyGenerated.Intervals (1.7s)
✔ [2334/2355] Built Mathlib.RingTheory.IntegralDomain (3.4s)
✔ [2335/2355] Built Mathlib.Algebra.CharP.Reduced (2.0s)
✔ [2336/2357] Built Mathlib.Control.Bifunctor (2.3s)
✔ [2337/2358] Built Mathlib.LinearAlgebra.Matrix.Ideal (4.8s)
✔ [2338/2358] Built Mathlib.Logic.Equiv.Functor (1.4s)
✔ [2339/2358] Built Mathlib.Analysis.InnerProductSpace.LinearMap (13s)
✔ [2340/2358] Built Mathlib.RingTheory.Ideal.Colon (5.1s)
✔ [2341/2361] Built Mathlib.Topology.Algebra.Module.ContinuousLinearMap.Quotient (2.6s)
✔ [2342/2361] Built Mathlib.RingTheory.RootsOfUnity.Basic (4.3s)
✔ [2343/2361] Built Mathlib.RingTheory.SimpleRing.Matrix (1.5s)
✔ [2344/2361] Built Mathlib.Topology.Algebra.SeparationQuotient.FiniteDimensional (1.5s)
✔ [2345/2361] Built Mathlib.Topology.Homeomorph.Quotient (1.7s)
✔ [2346/2367] Built Mathlib.Order.JordanHolder (4.6s)
✔ [2347/2367] Built Mathlib.Topology.Maps.Strict.Basic (1.7s)
✔ [2348/2369] Built Mathlib.Analysis.InnerProductSpace.Orthonormal (6.2s)
✔ [2351/2369] Built Mathlib.Topology.Algebra.Module.Complement (6.3s)
✔ [2352/2371] Built Mathlib.Topology.Instances.Matrix (4.4s)
✔ [2353/2372] Built Mathlib.Analysis.InnerProductSpace.Subspace (7.3s)
✔ [2354/2372] Built Mathlib.Algebra.DirectSum.Decomposition (5.8s)
✔ [2355/2372] Built Mathlib.RingTheory.SimpleModule.Basic (11s)
✔ [2356/2372] Built Mathlib.LinearAlgebra.Matrix.SpecialLinearGroup (15s)
✔ [2357/2374] Built Mathlib.Analysis.Convex.Slope (4.6s)
✔ [2358/2374] Built Mathlib.Topology.Algebra.Module.Simple (1.5s)
✔ [2359/2375] Built Mathlib.Algebra.Field.NegOnePow (1.3s)
✔ [2360/2377] Built Mathlib.Algebra.Field.Periodic (2.8s)
✔ [2361/2380] Built Mathlib.Analysis.Complex.Asymptotics (2.8s)
✔ [2362/2383] Built Mathlib.LinearAlgebra.Matrix.GeneralLinearGroup.Defs (6.5s)
✔ [2363/2383] Built Mathlib.Algebra.Order.CauSeq.BigOperators (4.8s)
✔ [2364/2383] Built Mathlib.Tactic.NormNum.NatFactorial (1.0s)
✔ [2365/2384] Built Mathlib.Analysis.InnerProductSpace.Orthogonal (10s)
✔ [2366/2384] Built Mathlib.Tactic.NormNum.BigOperators (5.6s)
✔ [2367/2384] Built Mathlib.LinearAlgebra.Matrix.ToLinearEquiv (4.3s)
✔ [2368/2384] Built Mathlib.Analysis.InnerProductSpace.Symmetric (5.8s)
✔ [2369/2386] Built Mathlib.Topology.Order.AtTopBotIxx (10s)
✔ [2370/2387] Built Mathlib.Analysis.Normed.Group.Quotient (9.0s)
✔ [2371/2389] Built Mathlib.Data.Int.SuccPred (1.9s)
✔ [2372/2390] Built Mathlib.Analysis.Complex.Exponential (7.0s)
✔ [2373/2390] Built Mathlib.Order.Circular (2.3s)
✔ [2374/2392] Built Mathlib.GroupTheory.QuotientGroup.ModEq (1.7s)
✔ [2375/2395] Built Mathlib.Algebra.Order.Interval.Set.Group (2.0s)
✔ [2376/2395] Built Mathlib.GroupTheory.Divisible (3.2s)
✔ [2377/2396] Built Mathlib.LinearAlgebra.Determinant (13s)
✔ [2378/2397] Built Mathlib.Analysis.Complex.Trigonometric (8.1s)
✔ [2379/2399] Built Mathlib.Topology.Algebra.Module.Determinant (2.0s)
✔ [2380/2399] Built Mathlib.Algebra.CharZero.Quotient (1.9s)
✔ [2381/2401] Built Mathlib.Topology.Algebra.OpenSubgroup (7.8s)
✔ [2382/2401] Built Mathlib.Topology.Instances.Sign (1.9s)
✔ [2383/2404] Built Mathlib.Analysis.SpecialFunctions.Exp (4.0s)
✔ [2384/2407] Built Mathlib.Algebra.Order.Ring.Interval (2.1s)
✔ [2385/2407] Built Mathlib.Topology.Instances.ZMultiples (2.3s)
✔ [2386/2407] Built Mathlib.Algebra.Order.ToIntervalMod (18s)
✔ [2387/2407] Built Mathlib.Data.Nat.NthRoot.Defs (929ms)
✔ [2388/2410] Built Mathlib.Analysis.SpecialFunctions.Log.Basic (8.4s)
✔ [2389/2413] Built Mathlib.Analysis.SpecialFunctions.Trigonometric.Basic (11s)
✔ [2390/2413] Built Mathlib.Tactic.Qify (2.1s)
✔ [2391/2417] Built Mathlib.Topology.Algebra.Module.FiniteDimension (17s)
✔ [2392/2417] Built Mathlib.Basic.ENNReal.Holder (2.0s)
✔ [2393/2417] Built Mathlib.Tactic.Rify (1.6s)
✔ [2394/2419] Built Mathlib.Analysis.SpecialFunctions.Trigonometric.Inverse (5.6s)
✔ [2396/2422] Built Mathlib.Analysis.Normed.Lp.WithLp (4.3s)
✔ [2397/2422] Built Mathlib.Topology.Instances.AddCircle.Defs (10s)
✔ [2398/2422] Built Mathlib.Basic.Real.ConjExponents (4.1s)
✔ [2399/2422] Built Mathlib.Data.Matrix.Reflection (2.5s)
✔ [2400/2422] Built Mathlib.Util.Superscript (2.5s)
✔ [2401/2422] Built Mathlib.Topology.Instances.AddCircle.Real (2.1s)
✔ [2402/2422] Built Mathlib.LinearAlgebra.UnitaryGroup (4.6s)
✔ [2403/2422] Built Mathlib.Analysis.Normed.Module.FiniteDimension (12s)
✔ [2404/2422] Built Mathlib.Analysis.Normed.Group.AddCircle (3.9s)
✔ [2405/2422] Built Mathlib.Analysis.RCLike.Lemmas (2.2s)
✔ [2406/2422] Built Mathlib.Analysis.SpecialFunctions.Trigonometric.Angle (7.1s)
✔ [2407/2422] Built Mathlib.Analysis.SpecialFunctions.Complex.Arg (4.4s)
✔ [2408/2422] Built Mathlib.Analysis.InnerProductSpace.Projection.Basic (11s)
✔ [2409/2422] Built Mathlib.Analysis.SpecialFunctions.Complex.Log (2.8s)
✔ [2410/2422] Built Mathlib.Analysis.InnerProductSpace.Projection.Reflection (4.9s)
✔ [2411/2422] Built Mathlib.Analysis.SpecialFunctions.Pow.Complex (3.2s)
✔ [2412/2422] Built Mathlib.Analysis.InnerProductSpace.Projection.Submodule (5.3s)
✔ [2413/2422] Built Mathlib.Analysis.SpecialFunctions.Pow.Real (6.1s)
✔ [2414/2422] Built Mathlib.Analysis.InnerProductSpace.Projection.FiniteDimensional (5.8s)
✔ [2415/2422] Built Mathlib.Analysis.Convex.SpecificFunctions.Basic (2.7s)
✔ [2416/2422] Built Mathlib.Analysis.SpecialFunctions.Pow.NNReal (5.8s)
✔ [2417/2422] Built Mathlib.Analysis.MeanInequalities (6.2s)
✔ [2418/2422] Built Mathlib.Analysis.Normed.Lp.ProdLp (8.9s)
✔ [2419/2422] Built Mathlib.Analysis.Normed.Lp.PiLp (11s)
✔ [2420/2422] Built Mathlib.Analysis.Normed.Lp.Matrix (3.0s)
✔ [2421/2422] Built Mathlib.Analysis.InnerProductSpace.PiL2 (17s)
⚠ [2422/2422] Built ComparatorChallenges.GrahamSpherical (2.2s)
warning: ComparatorChallenges/GrahamSpherical.lean:58:8: declaration uses `sorry`
Build completed successfully (2422 jobs).
Exporting #[Quot, Quot.mk, Quot.lift, Quot.ind, OAI.GrahamSpherical.full_main, propext, Quot.sound, Classical.choice, Nat.add, Nat.sub, Nat.mul, Nat.pow, Nat.gcd, Nat.div, Nat.mod, Nat.beq, Nat.ble, Nat.land, Nat.lor, Nat.xor, Nat.shiftLeft, Nat.shiftRight, String.ofList, Char.ofNat, List, eagerReduce, Nat, String, String.mk, Char, optParam, autoParam, semiOutParam, outParam] from ComparatorChallenges.GrahamSpherical
Building OAI.Combinatorics.SphericalRamsey.Main
✔ [2421/2435] Built Mathlib.Tactic.Positivity.Finset (2.9s)
✔ [2422/2435] Built OAI.Combinatorics.SphericalRamsey.Model (3.4s)
✔ [2423/2435] Built OAI.Combinatorics.SphericalRamsey.Coloring (4.0s)
✔ [2424/2438] Built Mathlib.Tactic.Positivity (1.0s)
✔ [2425/2438] Built Mathlib.Combinatorics.Matroid.Init (1.4s)
✔ [2426/2438] Built OAI.Combinatorics.SphericalRamsey.Specification (2.5s)
✔ [2427/2442] Built OAI.Combinatorics.SphericalRamsey.AffineCopyCore (4.3s)
✔ [2428/2442] Built Mathlib.Algebra.Polynomial.Derivative (9.5s)
✔ [2429/2449] Built OAI.Combinatorics.SphericalRamsey.Ramsey (3.2s)
✔ [2430/2451] Built Mathlib.Combinatorics.Matroid.Basic (6.5s)
✔ [2431/2451] Built Mathlib.FieldTheory.Finiteness (3.2s)
✔ [2432/2453] Built OAI.Combinatorics.SphericalRamsey.AffineCopy (6.8s)
✔ [2433/2453] Built Mathlib.RingTheory.IntegralClosure.IsIntegral.Defs (2.1s)
✔ [2434/2458] Built Mathlib.Combinatorics.Matroid.IndepAxioms (7.1s)
✔ [2435/2459] Built Mathlib.RingTheory.Derivation.Basic (10s)
✔ [2436/2459] Built Mathlib.Algebra.Polynomial.Expand (3.5s)
✔ [2437/2459] Built Mathlib.RingTheory.Finiteness.Bilinear (1.8s)
✔ [2438/2459] Built Mathlib.RingTheory.Polynomial.Tower (2.1s)
✔ [2439/2459] Built Mathlib.Combinatorics.Matroid.Dual (2.7s)
✔ [2440/2459] Built Mathlib.FieldTheory.Tower (2.1s)
✔ [2441/2459] Built OAI.Combinatorics.SphericalRamsey.DerivationCoordinates (2.7s)
✔ [2442/2463] Built Mathlib.RingTheory.Finiteness.Subalgebra (2.3s)
✔ [2443/2464] Built Mathlib.FieldTheory.IntermediateField.Basic (13s)
✔ [2444/2464] Built Mathlib.RingTheory.IntegralClosure.IsIntegral.Basic (3.2s)
✔ [2445/2464] Built Mathlib.Combinatorics.Matroid.Minor.Restrict (4.4s)
✔ [2446/2465] Built OAI.Combinatorics.SphericalRamsey.EnergyIdentity (4.6s)
✔ [2447/2465] Built Mathlib.LinearAlgebra.LinearIndependent.Algebra (1.4s)
✔ [2448/2465] Built Mathlib.FieldTheory.Minpoly.Basic (3.6s)
✔ [2449/2465] Built Mathlib.Combinatorics.Matroid.Constructions (3.4s)
✔ [2450/2466] Built OAI.Combinatorics.SphericalRamsey.MonochromaticObstruction (3.4s)
✔ [2451/2466] Built Mathlib.Combinatorics.Matroid.Map (4.8s)
✔ [2452/2466] Built Mathlib.FieldTheory.IntermediateField.Adjoin.Defs (14s)
✔ [2453/2466] Built OAI.Combinatorics.SphericalRamsey.CopyInvariant (3.3s)
✔ [2454/2473] Built Mathlib.GroupTheory.MonoidLocalization.Away (2.4s)
✔ [2455/2473] Built Mathlib.RingTheory.UniqueFactorizationDomain.Basic (4.1s)
✔ [2456/2474] Built Mathlib.Algebra.Module.LocalizedModule.Basic (22s)
✔ [2457/2474] Built Mathlib.RingTheory.OreLocalization.OreSet (976ms)
✔ [2458/2474] Built Mathlib.RingTheory.UniqueFactorizationDomain.NormalizedFactors (2.5s)
✔ [2459/2475] Built Mathlib.Algebra.Module.LocalizedModule.IsLocalization (3.0s)
✔ [2460/2475] Built Mathlib.RingTheory.Algebraic.Defs (2.3s)
✔ [2461/2475] Built Mathlib.RingTheory.UniqueFactorizationDomain.Multiplicity (2.1s)
✔ [2462/2476] Built Mathlib.Combinatorics.Matroid.Closure (12s)
✔ [2463/2479] Built Mathlib.Algebra.Polynomial.CancelLeads (2.8s)
✔ [2464/2479] Built Mathlib.RingTheory.IsTensorProduct (26s)
✔ [2465/2479] Built Mathlib.RingTheory.Localization.Module (6.3s)
✔ [2466/2480] Built Mathlib.Combinatorics.Matroid.Rank.Finite (2.6s)
✔ [2467/2480] Built Mathlib.Algebra.Polynomial.Eval.SMul (2.9s)
✔ [2468/2480] Built Mathlib.Combinatorics.Matroid.Circuit (6.2s)
✔ [2469/2480] Built Mathlib.RingTheory.EuclideanDomain (2.5s)
✔ [2470/2484] Built Mathlib.RingTheory.UniqueFactorizationDomain.Finite (1.5s)
✔ [2471/2484] Built Mathlib.RingTheory.Localization.Away.Basic (11s)
✔ [2472/2485] Built Mathlib.Combinatorics.Matroid.Loop (6.8s)
✔ [2473/2485] Built Mathlib.Algebra.Polynomial.FieldDivision (7.5s)
✔ [2474/2485] Built Mathlib.RingTheory.UniqueFactorizationDomain.FactorSet (5.1s)
✔ [2475/2485] Built Mathlib.Algebra.Ring.Int.Field (1.3s)
✔ [2476/2485] Built Mathlib.Algebra.Module.LocalizedModule.Submodule (11s)
✔ [2477/2486] Built Mathlib.RingTheory.UniqueFactorizationDomain.GCDMonoid (1.5s)
✔ [2478/2486] Built Mathlib.Combinatorics.Matroid.Rank.ENat (4.2s)
✔ [2479/2487] Built Mathlib.RingTheory.Polynomial.Content (4.5s)
✔ [2480/2490] Built Mathlib.Combinatorics.Matroid.Rank.Cardinal (3.6s)
✔ [2481/2491] Built Mathlib.RingTheory.Polynomial.UniqueFactorization (3.6s)
✔ [2482/2491] Built Mathlib.Algebra.Polynomial.Laurent (6.8s)
✔ [2483/2491] Built Mathlib.RingTheory.Localization.BaseChange (15s)
✔ [2484/2492] Built Mathlib.RingTheory.PolynomialAlgebra (5.1s)
✔ [2485/2492] Built Mathlib.RingTheory.MatrixAlgebra (8.0s)
✔ [2486/2494] Built Mathlib.LinearAlgebra.Matrix.SchurComplement (8.0s)
✔ [2487/2494] Built Mathlib.Algebra.Polynomial.Identities (2.6s)
✔ [2488/2504] Built Mathlib.LinearAlgebra.Dimension.Localization (6.9s)
✔ [2489/2505] Built Mathlib.RingTheory.MatrixPolynomialAlgebra (4.2s)
✔ [2490/2505] Built Mathlib.RingTheory.Algebraic.Basic (8.0s)
✔ [2491/2505] Built Mathlib.RingTheory.Nilpotent.Defs (2.0s)
✔ [2492/2505] Built Mathlib.RingTheory.IntegralClosure.Algebra.Defs (1.4s)
✔ [2493/2507] Built Mathlib.RingTheory.Finiteness.Ideal (1.9s)
✔ [2494/2507] Built Mathlib.RingTheory.IntegralClosure.IsIntegralClosure.Defs (1.4s)
✔ [2495/2509] Built Mathlib.RingTheory.Nilpotent.Basic (2.7s)
✔ [2496/2509] Built Mathlib.Algebra.Polynomial.Eval.Subring (2.1s)
✔ [2497/2515] Built Mathlib.LinearAlgebra.Matrix.Charpoly.Basic (5.1s)
✔ [2498/2515] Built Mathlib.Algebra.Module.SpanRank (4.8s)
✔ [2499/2521] Built Mathlib.Algebra.Polynomial.Lifts (2.7s)
✔ [2500/2522] Built Mathlib.Algebra.Squarefree.Basic (2.9s)
✔ [2501/2522] Built Mathlib.Data.Nat.Factorial.Cast (1.5s)
✔ [2502/2522] Built Mathlib.Data.Nat.Choose.Vandermonde (1.5s)
✔ [2503/2522] Built Mathlib.RingTheory.Polynomial.Subring (2.3s)
✔ [2504/2523] Built Mathlib.RingTheory.Radical.Basic (2.9s)
✔ [2505/2524] Built Mathlib.Data.Nat.Choose.Cast (1.3s)
✔ [2506/2524] Built Mathlib.RingTheory.Adjoin.Singleton (2.8s)
✔ [2507/2524] Built Mathlib.RingTheory.Nilpotent.Lemmas (2.1s)
✔ [2508/2530] Built Mathlib.Algebra.Polynomial.HasseDeriv (3.2s)
✔ [2509/2530] Built Mathlib.RingTheory.TensorProduct.MonoidAlgebra (7.4s)
✔ [2510/2530] Built Mathlib.Algebra.Polynomial.Taylor (3.8s)
✔ [2511/2530] Built Mathlib.RingTheory.Polynomial.Nilpotent (4.1s)
✔ [2512/2530] Built Mathlib.Algebra.Ring.Action.End (1.4s)
✔ [2513/2530] Built Mathlib.LinearAlgebra.TensorProduct.Quotient (11s)
✔ [2514/2530] Built Mathlib.LinearAlgebra.TensorProduct.RightExactness (9.6s)
✔ [2515/2532] Built Mathlib.RingTheory.TensorProduct.MvPolynomial (4.2s)
✔ [2516/2538] Built Mathlib.Algebra.Order.Group.PiLex (1.5s)
✔ [2517/2538] Built Mathlib.RingTheory.Ideal.Pointwise (4.4s)
✔ [2518/2539] Built Mathlib.Data.DFinsupp.NeLocus (2.6s)
✔ [2519/2540] Built Mathlib.Algebra.Polynomial.Splits (9.6s)
✔ [2520/2540] Built Mathlib.LinearAlgebra.Matrix.Charpoly.Coeff (7.5s)
✔ [2521/2546] Built Mathlib.Data.DFinsupp.Order (6.2s)
✔ [2522/2546] Built Mathlib.RingTheory.AlgebraicIndependent.Defs (3.4s)
✔ [2523/2546] Built Mathlib.RingTheory.Polynomial.ScaleRoots (4.0s)
✔ [2524/2549] Built Mathlib.RingTheory.Ideal.Over (4.9s)
✔ [2525/2549] Built Mathlib.LinearAlgebra.Matrix.Charpoly.LinearMap (4.4s)
✔ [2526/2549] Built Mathlib.Data.DFinsupp.Small (1.2s)
✔ [2527/2549] Built Mathlib.Data.DFinsupp.Lex (3.8s)
✔ [2528/2549] Built Mathlib.RingTheory.Polynomial.IntegralNormalization (3.4s)
✔ [2529/2549] Built Mathlib.RingTheory.MvPolynomial.Basic (4.3s)
✔ [2530/2550] Built Mathlib.RingTheory.IntegralClosure.Algebra.Basic (5.3s)
✔ [2531/2550] Built Mathlib.Data.Finsupp.Lex (3.4s)
✔ [2532/2552] Built Mathlib.RingTheory.Derivation.DifferentialRing (2.9s)
✔ [2533/2553] Built Mathlib.RingTheory.TensorProduct.Quotient (15s)
✔ [2534/2553] Built Mathlib.RingTheory.IntegralClosure.IsIntegralClosure.Basic (8.2s)
✔ [2535/2555] Built Mathlib.Algebra.MvPolynomial.Variables (2.9s)
✔ [2536/2555] Built Mathlib.Algebra.TrivSqZeroExt.Basic (16s)
✔ [2537/2555] Built Mathlib.RingTheory.EssentialFiniteness (4.2s)
✔ [2538/2559] Built Mathlib.Algebra.MvPolynomial.Monad (3.9s)
✔ [2539/2559] Built Mathlib.Algebra.MvPolynomial.Supported (2.0s)
✔ [2540/2559] Built Mathlib.RingTheory.Ideal.BigOperators (1.3s)
✔ [2541/2559] Built Mathlib.LinearAlgebra.SModEq.Basic (3.0s)
✔ [2542/2559] Built Mathlib.Algebra.Polynomial.Module.AEval (10s)
✔ [2543/2559] Built Mathlib.RingTheory.Algebraic.Integral (11s)
✔ [2544/2559] Built Mathlib.RingTheory.Algebraic.MvPolynomial (3.6s)
✔ [2545/2559] Built Mathlib.RingTheory.AlgebraicIndependent.Basic (4.8s)
✔ [2546/2560] Built Mathlib.Algebra.Polynomial.Derivation (4.3s)
✔ [2547/2560] Built Mathlib.FieldTheory.Minpoly.Field (4.3s)
✔ [2548/2561] Built Mathlib.FieldTheory.IntermediateField.Algebraic (5.7s)
✔ [2549/2561] Built Mathlib.Algebra.Algebra.Subalgebra.IsSimpleOrder (3.1s)
✔ [2550/2562] Built Mathlib.RingTheory.AlgebraicIndependent.Transcendental (5.4s)
✔ [2551/2563] Built Mathlib.Algebra.Polynomial.Module.Basic (10s)
✔ [2552/2563] Built Mathlib.Algebra.Polynomial.GroupRingAction (2.8s)
✔ [2553/2567] Built Mathlib.Algebra.Ring.Action.Field (1.0s)
✔ [2554/2567] Built Mathlib.RingTheory.PowerBasis (6.3s)
✔ [2555/2567] Built Mathlib.Algebra.Ring.Action.Invariant (1.7s)
✔ [2556/2567] Built Mathlib.FieldTheory.Galois.Notation (2.0s)
✔ [2557/2567] Built Mathlib.FieldTheory.IntermediateField.Adjoin.Algebra (6.9s)
✔ [2558/2569] Built Mathlib.LinearAlgebra.FreeModule.Finite.Matrix (3.4s)
✔ [2559/2570] Built Mathlib.FieldTheory.Separable (5.7s)
✔ [2560/2570] Built Mathlib.RingTheory.AlgebraicIndependent.Adjoin (4.2s)
✔ [2561/2570] Built Mathlib.FieldTheory.Normal.Defs (5.4s)
✔ [2562/2570] Built Mathlib.RingTheory.MvPolynomial.Tower (1.0s)
✔ [2563/2570] Built Mathlib.RingTheory.Ideal.Quotient.Noetherian (1.9s)
✔ [2564/2575] Built Mathlib.RingTheory.Derivation.MapCoeffs (6.5s)
✔ [2565/2575] Built Mathlib.RingTheory.AlgebraicIndependent.TranscendenceBasis (11s)
✔ [2566/2575] Built Mathlib.FieldTheory.Fixed (8.0s)
✔ [2567/2580] Built OAI.Combinatorics.SphericalRamsey.BasisDerivation (9.3s)
✔ [2568/2580] Built Mathlib.RingTheory.Polynomial.Ideal (3.2s)
✔ [2569/2580] Built OAI.Combinatorics.SphericalRamsey.RealTranscendenceBasis (2.4s)
✔ [2570/2583] Built Mathlib.RingTheory.FinitePresentation (5.0s)
✔ [2571/2583] Built Mathlib.Algebra.Group.Pointwise.Set.Card (2.2s)
✔ [2572/2590] Built Mathlib.RingTheory.Norm.Defs (2.5s)
✔ [2573/2590] Built Mathlib.RingTheory.TensorProduct.Finite (3.0s)
✔ [2574/2596] Built Mathlib.RingTheory.Adjoin.Dimension (2.5s)
✔ [2575/2597] Built Mathlib.RingTheory.Spectrum.Prime.Defs (1.3s)
✔ [2576/2597] Built Mathlib.RingTheory.IsPrimary (2.3s)
✔ [2577/2601] Built Mathlib.Algebra.CharP.Algebra (1.9s)
✔ [2578/2601] Built Mathlib.RingTheory.Polynomial.Quotient (5.5s)
✔ [2579/2603] Built Mathlib.RingTheory.Ideal.IsPrimary (1.6s)
✔ [2580/2607] Built Mathlib.Algebra.Polynomial.DenomsClearable (2.4s)
✔ [2581/2607] Built Mathlib.Analysis.Normed.Operator.Asymptotics (2.7s)
✔ [2582/2609] Built Mathlib.Analysis.Convex.EGauge (4.3s)
✔ [2583/2610] Built Mathlib.Analysis.Calculus.TangentCone.Defs (1.9s)
✔ [2584/2613] Built Mathlib.RingTheory.Localization.Ideal (5.1s)
✔ [2585/2615] Built Mathlib.Analysis.Calculus.TangentCone.Basic (3.6s)
✔ [2586/2615] Built Mathlib.Analysis.Calculus.TangentCone.DimOne (1.0s)
✔ [2587/2617] Built Mathlib.RingTheory.Localization.Algebra (5.0s)
✔ [2588/2624] Built Mathlib.Analysis.Calculus.TangentCone.Real (2.7s)
✔ [2589/2627] Built Mathlib.Data.Fintype.Sort (2.7s)
✔ [2590/2641] Built Mathlib.RingTheory.Localization.Integral (7.9s)
✔ [2591/2642] Built Mathlib.Analysis.Asymptotics.TVS (17s)
✔ [2592/2642] Built Mathlib.LinearAlgebra.Multilinear.Curry (6.6s)
✔ [2593/2642] Built Mathlib.RingTheory.AdjoinRoot (22s)
✔ [2594/2645] Built Mathlib.Analysis.Calculus.FDeriv.Defs (3.3s)
✔ [2595/2645] Built Mathlib.Topology.Algebra.GroupCompletion (3.4s)
✔ [2596/2645] Built Mathlib.FieldTheory.KummerPolynomial (2.8s)
✔ [2597/2647] Built Mathlib.Topology.Algebra.Module.Alternating.Basic (9.7s)
✔ [2598/2647] Built Mathlib.RingTheory.Adjoin.Field (4.4s)
✔ [2599/2647] Built Mathlib.Topology.Algebra.UniformRing (5.2s)
✔ [2600/2652] Built Mathlib.FieldTheory.Perfect (5.6s)
✔ [2601/2652] Built Mathlib.Topology.Algebra.Module.ContinuousLinearMap.Extend (2.6s)
✔ [2602/2652] Built Mathlib.Analysis.Calculus.FDeriv.Basic (14s)
✔ [2603/2652] Built Mathlib.FieldTheory.SplittingField.IsSplittingField (4.5s)
✔ [2604/2652] Built Mathlib.Analysis.Normed.Module.Multilinear.Curry (20s)
✔ [2605/2653] Built Mathlib.Topology.Algebra.Module.Alternating.Topology (10s)
✔ [2606/2653] Built Mathlib.Topology.MetricSpace.Completion (2.6s)
✔ [2607/2653] Built Mathlib.Topology.Algebra.UniformField (2.5s)
✔ [2608/2653] Built Mathlib.Topology.Algebra.LinearMapCompletion (3.8s)
✔ [2609/2653] Built Mathlib.Analysis.Calculus.FDeriv.Linear (2.0s)
✔ [2610/2653] Built Mathlib.Analysis.Calculus.FDeriv.RestrictScalars (3.6s)
✔ [2611/2653] Built Mathlib.Analysis.Calculus.FDeriv.Comp (5.8s)
✔ [2612/2653] Built Mathlib.Analysis.Calculus.FDeriv.Congr (4.9s)
✔ [2613/2656] Built Mathlib.FieldTheory.SplittingField.Construction (5.5s)
✔ [2614/2656] Built Mathlib.LinearAlgebra.AffineSpace.Slope (3.2s)
✔ [2615/2658] Built Mathlib.Analysis.Normed.Group.Completion (2.5s)
✔ [2616/2658] Built Mathlib.Analysis.Calculus.FDeriv.Const (6.2s)
✔ [2617/2658] Built Mathlib.Analysis.Calculus.FormalMultilinearSeries (12s)
✔ [2618/2658] Built Mathlib.Topology.Perfect (1.7s)
✔ [2619/2658] Built Mathlib.FieldTheory.IntermediateField.Adjoin.Basic (15s)
✔ [2620/2658] Built Mathlib.Analysis.Normed.Module.Completion (3.4s)
✔ [2621/2658] Built Mathlib.Topology.LocallyConstant.Basic (3.9s)
✔ [2622/2658] Built Mathlib.Analysis.Normed.Module.Alternating.Basic (16s)
✔ [2623/2658] Built Mathlib.Analysis.Calculus.Deriv.Basic (11s)
✔ [2624/2661] Built Mathlib.Topology.Algebra.Module.PerfectSpace (2.3s)
✔ [2625/2661] Built Mathlib.Analysis.Analytic.ConvergenceRadius (13s)
✔ [2626/2661] Built Mathlib.Analysis.Calculus.FDeriv.Add (19s)
✔ [2627/2661] Built Mathlib.Analysis.Calculus.FDeriv.Prod (23s)
✔ [2628/2662] Built Mathlib.Analysis.Calculus.Deriv.Support (2.8s)
✔ [2629/2662] Built Mathlib.Analysis.Calculus.Deriv.Linear (3.3s)
✔ [2630/2662] Built Mathlib.FieldTheory.Extension (10s)
✔ [2631/2662] Built Mathlib.Analysis.Analytic.OfScalars (6.4s)
✔ [2632/2662] Built Mathlib.Analysis.Calculus.Deriv.Comp (9.9s)
✔ [2633/2664] Built Mathlib.Analysis.Calculus.Deriv.Add (8.3s)
✔ [2634/2664] Built Mathlib.Data.Nat.Prime.Int (1.3s)
✔ [2635/2664] Built Mathlib.Analysis.Calculus.FDeriv.Bilinear (6.1s)
✔ [2636/2664] Built Mathlib.Analysis.Calculus.Deriv.Slope (5.5s)
✔ [2637/2664] Built Mathlib.Analysis.Calculus.FDeriv.Equiv (14s)
✔ [2638/2664] Built Mathlib.FieldTheory.IsAlgClosed.Basic (9.1s)
✔ [2639/2664] Built Mathlib.Analysis.Calculus.Deriv.AffineMap (3.1s)
✔ [2640/2666] Built Mathlib.Data.Rat.Sqrt (1.7s)
✔ [2641/2672] Built Mathlib.Analysis.Analytic.Basic (25s)
✔ [2642/2672] Built Mathlib.RingTheory.MvPolynomial.Symmetric.Defs (4.0s)
✔ [2643/2672] Built Mathlib.FieldTheory.PrimitiveElement (7.7s)
✔ [2644/2672] Built Mathlib.RingTheory.Polynomial.Vieta (2.9s)
✔ [2646/2675] Built Mathlib.NumberTheory.Real.Irrational (3.6s)
✔ [2647/2675] Built Mathlib.Topology.Compactness.CompactlyCoherentSpace (2.2s)
✔ [2648/2675] Built Mathlib.Topology.Maps.Proper.CompactlyGenerated (2.5s)
✔ [2649/2675] Built Mathlib.FieldTheory.Differential.Basic (4.0s)
✔ [2650/2675] Built Mathlib.Topology.Algebra.Polynomial (3.4s)
✔ [2651/2675] Built Mathlib.Analysis.Analytic.ChangeOrigin (8.8s)
✔ [2652/2675] Built OAI.Combinatorics.SphericalRamsey.AlgebraicExtension (6.4s)
✔ [2653/2675] Built Mathlib.Analysis.Calculus.FDeriv.CompCLM (20s)
✔ [2654/2675] Built OAI.Combinatorics.SphericalRamsey.RealDerivation (2.2s)
✔ [2655/2675] Built Mathlib.Analysis.Analytic.CPolynomialDef (8.5s)
✔ [2656/2675] Built Mathlib.Analysis.Analytic.Linear (5.0s)
✔ [2657/2675] Built Mathlib.Analysis.Calculus.ContDiff.FTaylorSeries (18s)
✔ [2658/2675] Built Mathlib.Analysis.Analytic.Composition (15s)
✔ [2659/2675] Built Mathlib.Analysis.Analytic.Inverse (8.9s)
✔ [2660/2675] Built Mathlib.Analysis.Analytic.Constructions (19s)
✔ [2661/2675] Built Mathlib.Analysis.Analytic.Within (2.6s)
✔ [2662/2675] Built Mathlib.Analysis.Analytic.CPolynomial (8.9s)
✔ [2663/2675] Built Mathlib.Analysis.Calculus.FDeriv.Analytic (13s)
✔ [2664/2675] Built Mathlib.Analysis.Calculus.FDeriv.Mul (26s)
✔ [2665/2675] Built Mathlib.Analysis.Calculus.FDeriv.Pow (5.5s)
✔ [2666/2675] Built Mathlib.Analysis.Calculus.Deriv.Pow (2.5s)
✔ [2667/2675] Built Mathlib.Analysis.Calculus.Deriv.Mul (11s)
✔ [2668/2675] Built Mathlib.Analysis.Calculus.Deriv.Polynomial (2.9s)
✔ [2669/2675] Built Mathlib.Analysis.Calculus.MeanValue (5.8s)
✔ [2670/2675] Built Mathlib.NumberTheory.Transcendental.Liouville.Basic (3.7s)
✔ [2671/2675] Built Mathlib.NumberTheory.Transcendental.Liouville.LiouvilleNumber (2.4s)
✔ [2672/2675] Built OAI.Combinatorics.SphericalRamsey.Parameter (2.4s)
✔ [2673/2675] Built OAI.Combinatorics.SphericalRamsey.WitnessScalars (2.7s)
✔ [2674/2675] Built OAI.Combinatorics.SphericalRamsey.WitnessCoordinates (17s)
✔ [2675/2675] Built OAI.Combinatorics.SphericalRamsey.Main (2.7s)
Build completed successfully (2675 jobs).
Exporting #[Quot, Quot.mk, Quot.lift, Quot.ind, OAI.GrahamSpherical.full_main, propext, Quot.sound, Classical.choice, Nat.add, Nat.sub, Nat.mul, Nat.pow, Nat.gcd, Nat.div, Nat.mod, Nat.beq, Nat.ble, Nat.land, Nat.lor, Nat.xor, Nat.shiftLeft, Nat.shiftRight, String.ofList, Char.ofNat, List, eagerReduce, Nat, String, String.mk, Char, optParam, autoParam, semiOutParam, outParam] from OAI.Combinatorics.SphericalRamsey.Main
Running Lean default kernel on solution.
Lean default kernel accepts the solution
Your solution is okay!
