Building ComparatorChallenges.ProjectionCounterexample
✔ [2429/2437] Built Mathlib.GroupTheory.GroupAction.IterateAct (1.3s)
✔ [2430/2441] Built Mathlib.Data.Prod.TProd (2.1s)
✔ [2431/2448] Built Mathlib.Data.Finset.Update (2.3s)
✔ [2432/2448] Built Mathlib.MeasureTheory.OuterMeasure.Defs (2.1s)
✔ [2433/2477] Built Mathlib.Order.SetDissipate (2.3s)
✔ [2435/2477] Built Mathlib.MeasureTheory.MeasurableSpace.Defs (3.6s)
✔ [2436/2478] Built Mathlib.Data.Set.MemPartition (1.7s)
✔ [2437/2478] Built Mathlib.Order.Filter.CountableSeparatingOn (1.8s)
✔ [2438/2478] Built Mathlib.MeasureTheory.OuterMeasure.Basic (2.0s)
✔ [2439/2478] Built Mathlib.MeasureTheory.MeasurableSpace.EventuallyMeasurable (1.2s)
✔ [2440/2478] Built Mathlib.MeasureTheory.MeasurableSpace.Instances (1.4s)
✔ [2441/2483] Built Mathlib.MeasureTheory.MeasurableSpace.Basic (3.1s)
✔ [2442/2483] Built Mathlib.MeasureTheory.PiSystem (3.9s)
✔ [2443/2484] Built Mathlib.Analysis.Normed.Operator.Extend (12s)
✔ [2444/2484] Built Mathlib.Topology.Separation.GDelta (1.7s)
✔ [2445/2484] Built Mathlib.MeasureTheory.OuterMeasure.AE (4.6s)
✔ [2446/2490] Built Mathlib.Topology.GDelta.MetrizableSpace (1.0s)
✔ [2447/2495] Built Mathlib.MeasureTheory.OuterMeasure.Operations (3.7s)
✔ [2448/2495] Built Mathlib.MeasureTheory.OuterMeasure.BorelCantelli (2.3s)
✔ [2449/2495] Built Mathlib.Topology.Metrizable.Real (2.5s)
✔ [2450/2495] Built Mathlib.MeasureTheory.MeasurableSpace.Constructions (6.2s)
✔ [2451/2495] Built Mathlib.Algebra.Order.Monoid.Canonical.Basic (4.3s)
✔ [2452/2498] Built Mathlib.Topology.IndicatorConstPointwise (2.5s)
✔ [2453/2501] Built Mathlib.MeasureTheory.OuterMeasure.OfFunction (5.0s)
✔ [2454/2509] Built Mathlib.MeasureTheory.MeasurableSpace.MeasurablyGenerated (3.1s)
✔ [2458/2511] Built Mathlib.Topology.Instances.Real.Lemmas (2.9s)
✔ [2459/2511] Built Mathlib.MeasureTheory.OuterMeasure.Caratheodory (3.4s)
✔ [2460/2511] Built Mathlib.Topology.MetricSpace.Polish (2.0s)
✔ [2461/2511] Built Mathlib.Topology.MetricSpace.CantorScheme (2.7s)
✔ [2462/2523] Built Mathlib.Topology.Separation.CountableSeparatingOn (1.5s)
✔ [2465/2526] Built Mathlib.MeasureTheory.MeasurableSpace.Embedding (6.0s)
✔ [2466/2526] Built Mathlib.SetTheory.Cardinal.ENNReal (1.8s)
✔ [2467/2528] Built Mathlib.Topology.MetricSpace.Perfect (2.7s)
✔ [2469/2529] Built Mathlib.MeasureTheory.MeasurableSpace.Prod (2.3s)
✔ [2470/2533] Built Mathlib.MeasureTheory.OuterMeasure.Induced (3.9s)
✔ [2471/2540] Built Mathlib.Dynamics.Minimal (2.2s)
✔ [2472/2541] Built Mathlib.MeasureTheory.MeasurableSpace.CountablyGenerated (3.9s)
✔ [2474/2544] Built Mathlib.Topology.ContinuousMap.CocompactMap (2.3s)
✔ [2475/2544] Built Mathlib.MeasureTheory.Measure.MeasureSpaceDef (5.1s)
✔ [2476/2548] Built Mathlib.GroupTheory.Complement (9.8s)
✔ [2477/2548] Built Mathlib.MeasureTheory.Measure.Doubling (4.0s)
✔ [2478/2549] Built Mathlib.Analysis.SpecialFunctions.Pow.Continuity (6.6s)
✔ [2481/2555] Built Mathlib.Order.Filter.Germ.Basic (6.7s)
✔ [2483/2561] Built Mathlib.MeasureTheory.Function.AEMeasurableSequence (2.5s)
✔ [2484/2561] Built Mathlib.MeasureTheory.Measure.AEDisjoint (2.5s)
✔ [2485/2574] Built Mathlib.Order.Filter.ENNReal (3.1s)
✔ [2486/2585] Built Mathlib.MeasureTheory.MeasurableSpace.Pi (1.0s)
✔ [2487/2604] Built Mathlib.Analysis.Normed.Group.Indicator (1.8s)
✔ [2498/2605] Built Mathlib.Order.Monotone.Monovary (1.0s)
✔ [2499/2605] Built Mathlib.Order.Filter.IndicatorFunction (1.8s)
✔ [2500/2607] Built Mathlib.MeasureTheory.Measure.NullMeasurable (3.1s)
✔ [2501/2622] Built Mathlib.Analysis.Normed.Operator.CompleteCodomain (4.8s)
✔ [2510/2626] Built Mathlib.Combinatorics.Enumerative.InclusionExclusion (4.4s)
✔ [2515/2626] Built Mathlib.MeasureTheory.Measure.Basic (4.5s)
✔ [2516/2627] Built Mathlib.Algebra.Order.Monovary (7.4s)
✔ [2517/2627] Built Mathlib.Topology.MetricSpace.ThickenedIndicator (4.1s)
✔ [2518/2627] Built Mathlib.Topology.Order.LeftRightLim (3.6s)
✔ [2519/2631] Built Mathlib.MeasureTheory.Measure.OuterMeasure (1.6s)
✔ [2520/2634] Built Mathlib.MeasureTheory.Measure.Continuity (2.7s)
✔ [2521/2634] Built Mathlib.Topology.Algebra.Group.Compact (1.0s)
✔ [2522/2634] Built Mathlib.MeasureTheory.Measure.Module (4.0s)
✔ [2523/2634] Built Mathlib.MeasureTheory.Measure.Interval (2.4s)
✔ [2524/2635] Built Mathlib.Analysis.Convex.Mul (7.2s)
✔ [2525/2635] Built Mathlib.Topology.ContinuousMap.ContinuousMapZero (10s)
✔ [2526/2640] Built Mathlib.MeasureTheory.Measure.CompleteLattice (3.1s)
✔ [2527/2640] Built Mathlib.MeasureTheory.Measure.Dirac.Def (1.0s)
✔ [2528/2641] Built Mathlib.MeasureTheory.Measure.Filter (3.4s)
✔ [2530/2641] Built Mathlib.Analysis.MeanInequalitiesPow (4.9s)
✔ [2531/2641] Built Mathlib.Analysis.Normed.Affine.AddTorsor (4.7s)
✔ [2532/2644] Built Mathlib.MeasureTheory.Measure.Sum (3.9s)
✔ [2533/2647] Built Mathlib.Topology.ContinuousMap.Ordered (1.9s)
✔ [2535/2651] Built Mathlib.MeasureTheory.Measure.Map (3.1s)
✔ [2537/2651] Built Mathlib.Topology.Algebra.IsUniformGroup.Order (2.2s)
✔ [2538/2651] Built Mathlib.MeasureTheory.Measure.AbsolutelyContinuous (3.9s)
✔ [2541/2655] Built Mathlib.MeasureTheory.Measure.Comap (3.5s)
✔ [2542/2656] Built Mathlib.LinearAlgebra.AffineSpace.Ordered (7.3s)
✔ [2543/2656] Built Mathlib.Analysis.Convex.NNReal (1.5s)
✔ [2544/2659] Built Mathlib.MeasureTheory.Measure.QuasiMeasurePreserving (2.8s)
✔ [2545/2659] Built Mathlib.LinearAlgebra.AffineSpace.Simplex.Centroid (7.2s)
✔ [2546/2659] Built Mathlib.Topology.MetricSpace.MetricSeparated (1.9s)
✔ [2547/2660] Built Mathlib.Topology.UrysohnsLemma (5.8s)
✔ [2548/2660] Built Mathlib.Topology.MetricSpace.Holder (5.3s)
✔ [2550/2664] Built Mathlib.Analysis.InnerProductSpace.GramSchmidtOrtho (6.5s)
✔ [2551/2664] Built Mathlib.MeasureTheory.Measure.Restrict (9.0s)
✔ [2552/2664] Built Mathlib.LinearAlgebra.Orientation (5.9s)
✔ [2553/2664] Built Mathlib.Topology.Metrizable.Urysohn (4.2s)
✔ [2554/2664] Built Mathlib.LinearAlgebra.AffineSpace.FiniteDimensional (7.3s)
✔ [2555/2664] Built Mathlib.MeasureTheory.Measure.Typeclasses.NullSingletonClass (2.4s)
✔ [2556/2664] Built Mathlib.MeasureTheory.Measure.MutuallySingular (3.4s)
✔ [2557/2664] Built Mathlib.MeasureTheory.Measure.Typeclasses.Finite (5.6s)
✔ [2558/2664] Built Mathlib.Analysis.InnerProductSpace.ProdL2 (9.2s)
✔ [2559/2664] Built Mathlib.Analysis.InnerProductSpace.Orientation (5.6s)
✔ [2560/2664] Built Mathlib.MeasureTheory.Topology (1.7s)
✔ [2561/2664] Built Mathlib.MeasureTheory.Measure.Typeclasses.Probability (2.7s)
✔ [2562/2664] Built Mathlib.MeasureTheory.Measure.Typeclasses.SFinite (4.7s)
✔ [2563/2664] Built Mathlib.Probability.ConditionalProbability (3.0s)
✔ [2564/2664] Built Mathlib.Analysis.Convex.Between (12s)
✔ [2565/2664] Built Mathlib.MeasureTheory.Measure.Real (4.7s)
✔ [2566/2664] Built Mathlib.MeasureTheory.Measure.Dirac.Basic (4.7s)
✔ [2567/2664] Built Mathlib.MeasureTheory.Measure.Decomposition.Exhaustion (3.4s)
✔ [2568/2664] Built Mathlib.MeasureTheory.Measure.Trim (2.3s)
✔ [2569/2664] Built Mathlib.MeasureTheory.Measure.Count (1.0s)
✔ [2570/2664] Built Mathlib.MeasureTheory.Measure.AEMeasurable (2.6s)
✔ [2571/2664] Built Mathlib.MeasureTheory.Order.Lattice (2.6s)
✔ [2572/2664] Built Mathlib.Dynamics.Ergodic.MeasurePreserving (2.6s)
✔ [2573/2664] Built Mathlib.MeasureTheory.Group.Arithmetic (6.8s)
✔ [2574/2664] Built Mathlib.MeasureTheory.Group.Pointwise (2.3s)
✔ [2575/2664] Built Mathlib.MeasureTheory.Group.Defs (2.7s)
✔ [2576/2664] Built Mathlib.MeasureTheory.Group.MeasurableEquiv (4.7s)
✔ [2577/2664] Built Mathlib.MeasureTheory.Constructions.BorelSpace.Basic (4.9s)
✔ [2578/2664] Built Mathlib.MeasureTheory.Constructions.BorelSpace.Complex (1.0s)
✔ [2579/2664] Built Mathlib.Analysis.Normed.Lp.MeasurableSpace (2.2s)
✔ [2580/2664] Built Mathlib.MeasureTheory.Measure.OpenPos (2.6s)
✔ [2581/2664] Built Mathlib.MeasureTheory.Constructions.BorelSpace.Metric (2.8s)
✔ [2582/2664] Built Mathlib.MeasureTheory.Measure.Regular (5.4s)
✔ [2583/2664] Built Mathlib.MeasureTheory.Constructions.BorelSpace.Order (6.7s)
✔ [2584/2664] Built Mathlib.MeasureTheory.Measure.Content (4.2s)
✔ [2585/2664] Built Mathlib.MeasureTheory.Group.Action (5.7s)
✔ [2586/2664] Built Mathlib.MeasureTheory.Constructions.BorelSpace.Real (4.1s)
✔ [2587/2664] Built Mathlib.MeasureTheory.Measure.Stieltjes (6.8s)
✔ [2588/2664] Built Mathlib.MeasureTheory.Constructions.BorelSpace.Metrizable (2.8s)
✔ [2589/2664] Built Mathlib.MeasureTheory.Function.SpecialFunctions.Basic (3.6s)
✔ [2590/2664] Built Mathlib.MeasureTheory.Function.SimpleFunc (10s)
✔ [2591/2664] Built Mathlib.MeasureTheory.Constructions.Polish.Basic (5.1s)
✔ [2592/2664] Built Mathlib.MeasureTheory.Function.SimpleFuncDense (2.5s)
✔ [2593/2664] Built Mathlib.MeasureTheory.Integral.Lebesgue.Basic (4.1s)
✔ [2594/2664] Built Mathlib.MeasureTheory.Integral.Lebesgue.Norm (2.0s)
✔ [2595/2664] Built Mathlib.MeasureTheory.Integral.Lebesgue.Add (4.5s)
✔ [2596/2664] Built Mathlib.MeasureTheory.Function.StronglyMeasurable.Basic (6.7s)
✔ [2597/2664] Built Mathlib.MeasureTheory.Integral.Lebesgue.Markov (2.4s)
✔ [2598/2664] Built Mathlib.MeasureTheory.Integral.Lebesgue.Map (2.3s)
✔ [2599/2664] Built Mathlib.MeasureTheory.Integral.Lebesgue.Sub (2.6s)
✔ [2600/2664] Built Mathlib.MeasureTheory.Function.Egorov (2.9s)
✔ [2601/2664] Built Mathlib.MeasureTheory.Integral.Lebesgue.Countable (4.1s)
✔ [2602/2664] Built Mathlib.MeasureTheory.Integral.Lebesgue.DominatedConvergence (3.2s)
✔ [2603/2664] Built Mathlib.MeasureTheory.Integral.MeanInequalities (5.1s)
✔ [2604/2664] Built Mathlib.MeasureTheory.Measure.GiryMonad (2.6s)
✔ [2605/2664] Built Mathlib.MeasureTheory.Function.StronglyMeasurable.AEStronglyMeasurable (7.1s)
✔ [2606/2664] Built Mathlib.MeasureTheory.Constructions.Polish.StronglyMeasurable (3.5s)
✔ [2607/2664] Built Mathlib.MeasureTheory.Measure.Prod (6.7s)
✔ [2608/2664] Built Mathlib.MeasureTheory.Function.AEEqFun (6.7s)
✔ [2609/2664] Built Mathlib.MeasureTheory.Group.Convolution (2.9s)
✔ [2610/2664] Built Mathlib.MeasureTheory.Group.Measure (7.8s)
✔ [2611/2664] Built Mathlib.MeasureTheory.Group.LIntegral (3.3s)
✔ [2612/2664] Built Mathlib.MeasureTheory.Measure.EverywherePos (4.3s)
✔ [2613/2664] Built Mathlib.MeasureTheory.Group.Prod (6.3s)
✔ [2614/2664] Built Mathlib.MeasureTheory.Constructions.Pi (6.6s)
✔ [2615/2664] Built Mathlib.Probability.UniformOn (3.0s)
✔ [2616/2664] Built Mathlib.Analysis.LConvolution (3.6s)
✔ [2617/2664] Built Mathlib.MeasureTheory.Integral.Marginal (3.9s)
✔ [2618/2664] Built Mathlib.MeasureTheory.Function.EssSup (3.6s)
✔ [2619/2664] Built Mathlib.MeasureTheory.Measure.Haar.Basic (7.3s)
✔ [2620/2664] Built Mathlib.MeasureTheory.Function.LpSeminorm.Defs (2.1s)
✔ [2621/2664] Built Mathlib.MeasureTheory.Measure.WithDensity (5.7s)
✔ [2622/2664] Built Mathlib.MeasureTheory.Function.StronglyMeasurable.Lemmas (4.4s)
✔ [2623/2664] Built Mathlib.MeasureTheory.Measure.Haar.OfBasis (7.1s)
✔ [2624/2664] Built Mathlib.MeasureTheory.Function.L1Space.HasFiniteIntegral (5.5s)
✔ [2625/2664] Built Mathlib.MeasureTheory.Function.LpSeminorm.Basic (7.7s)
✔ [2626/2664] Built Mathlib.MeasureTheory.Function.LpSeminorm.Prod (2.4s)
✔ [2627/2664] Built Mathlib.MeasureTheory.Measure.Lebesgue.Basic (6.1s)
✔ [2628/2664] Built Mathlib.MeasureTheory.Function.LpSeminorm.TriangleInequality (4.1s)
✔ [2629/2664] Built Mathlib.MeasureTheory.Function.LpSeminorm.Monotonicity (4.3s)
✔ [2630/2664] Built Mathlib.MeasureTheory.Function.LpSeminorm.Indicator (3.6s)
✔ [2631/2664] Built Mathlib.MeasureTheory.Function.LpSeminorm.ChebyshevMarkov (3.1s)
✔ [2632/2664] Built Mathlib.MeasureTheory.Function.LpSeminorm.SMul (4.3s)
✔ [2633/2664] Built Mathlib.MeasureTheory.Measure.Hausdorff (10s)
✔ [2634/2664] Built Mathlib.MeasureTheory.Measure.Lebesgue.EqHaar (10s)
✔ [2635/2664] Built Mathlib.MeasureTheory.Function.LpSeminorm.CompareExp (6.3s)
✔ [2636/2664] Built Mathlib.MeasureTheory.Measure.Haar.InnerProductSpace (5.7s)
✔ [2637/2664] Built Mathlib.MeasureTheory.Function.LpSpace.Basic (15s)
✔ [2638/2664] Built Mathlib.MeasureTheory.Function.LpSpace.Complete (3.6s)
✔ [2639/2664] Built Mathlib.MeasureTheory.Function.LpSpace.Indicator (4.4s)
✔ [2640/2664] Built Mathlib.MeasureTheory.Function.ConvergenceInMeasure (2.9s)
✔ [2641/2664] Built Mathlib.MeasureTheory.Function.LpOrder (3.0s)
✔ [2642/2664] Built Mathlib.MeasureTheory.Function.L1Space.Integrable (7.6s)
✔ [2643/2664] Built Mathlib.MeasureTheory.Function.L1Space.AEEqFun (3.4s)
✔ [2644/2664] Built Mathlib.MeasureTheory.Integral.IntegrableOn (5.2s)
✔ [2645/2664] Built Mathlib.MeasureTheory.Function.LocallyIntegrable (5.1s)
✔ [2646/2664] Built Mathlib.MeasureTheory.Function.SimpleFuncDenseLp (9.2s)
✔ [2647/2664] Built Mathlib.MeasureTheory.Integral.FinMeasAdditive (5.2s)
✔ [2648/2664] Built Mathlib.MeasureTheory.Integral.SetToL1.SimpleFunc (8.3s)
✔ [2649/2664] Built Mathlib.MeasureTheory.Integral.SetToL1.L1 (7.3s)
✔ [2650/2664] Built Mathlib.MeasureTheory.Integral.SetToL1.Function (6.4s)
✔ [2651/2664] Built Mathlib.MeasureTheory.Integral.Bochner.L1 (9.8s)
✔ [2652/2664] Built Mathlib.MeasureTheory.Integral.SetToL1.ChangeMeasure (4.5s)
✔ [2653/2664] Built Mathlib.MeasureTheory.Integral.SetToL1.DominatedConvergence (4.9s)
✔ [2654/2664] Built Mathlib.MeasureTheory.Integral.Bochner.Basic (9.0s)
✔ [2655/2664] Built Mathlib.MeasureTheory.Integral.Bochner.SumMeasure (2.6s)
✔ [2656/2664] Built Mathlib.MeasureTheory.Group.Integral (3.4s)
✔ [2657/2664] Built Mathlib.MeasureTheory.Integral.Bochner.Set (7.6s)
✔ [2658/2664] Built Mathlib.MeasureTheory.Integral.Bochner.ContinuousLinearMap (4.3s)
✔ [2659/2664] Built Mathlib.MeasureTheory.Integral.IntervalIntegral.Basic (8.3s)
✔ [2660/2664] Built Mathlib.MeasureTheory.Integral.Prod (6.8s)
✔ [2661/2664] Built Mathlib.MeasureTheory.Integral.DominatedConvergence (6.8s)
✔ [2662/2664] Built Mathlib.MeasureTheory.Measure.Haar.Unique (9.4s)
✔ [2663/2664] Built Mathlib.Geometry.Euclidean.Volume.Measure (6.4s)
⚠ [2664/2664] Built ComparatorChallenges.ProjectionCounterexample (2.6s)
warning: ComparatorChallenges/ProjectionCounterexample.lean:37:8: declaration uses `sorry`
Build completed successfully (2664 jobs).
Exporting #[Quot, Quot.mk, Quot.lift, Quot.ind, OAI.ProjectionCounterexample.universal_simplex_upper_bound_false, propext, Quot.sound, Classical.choice, Nat.add, Nat.sub, Nat.mul, Nat.pow, Nat.gcd, Nat.div, Nat.mod, Nat.beq, Nat.ble, Nat.land, Nat.lor, Nat.xor, Nat.shiftLeft, Nat.shiftRight, String.ofList, Char.ofNat, List, eagerReduce, Nat, String, String.mk, Char, optParam, autoParam, semiOutParam, outParam] from ComparatorChallenges.ProjectionCounterexample
Building OAI.Geometry.ProjectionBody.Counterexample
✔ [2429/2448] Built OAI.Geometry.Zonotope.Decomposition (2.4s)
✔ [2430/2448] Built OAI.Geometry.ProjectionBody.FacetCover (2.7s)
✔ [2431/2464] Built OAI.Geometry.ProjectionBody.GeometryDefinitions (3.2s)
✔ [2447/2464] Built Mathlib.Analysis.Normed.Affine.AddTorsorBases (3.6s)
✔ [2448/2477] Built OAI.Geometry.ProjectionBody.ProductFacetIndices (1.6s)
✔ [2458/2477] Built Mathlib.Algebra.Order.Ring.Star (1.4s)
✔ [2460/2478] Built OAI.Geometry.Zonotope.Support (2.4s)
✔ [2461/2478] Built Mathlib.LinearAlgebra.Matrix.Vec (3.1s)
✔ [2462/2478] Built OAI.Geometry.Zonotope.Body (3.2s)
✔ [2463/2479] Built OAI.Geometry.ProjectionBody.ConvexGeometry (4.7s)
✔ [2464/2479] Built OAI.Geometry.Zonotope.Halfspaces (2.6s)
✔ [2465/2479] Built Mathlib.Algebra.Order.Module.PositiveLinearMap (3.2s)
✔ [2466/2479] Built OAI.Geometry.ProjectionBody.FacetCoordinates (4.0s)
✔ [2467/2479] Built OAI.Geometry.ProjectionBody.SimplexFacets (3.5s)
✔ [2468/2479] Built Mathlib.Analysis.Complex.Spectrum (2.7s)
✔ [2469/2479] Built OAI.Geometry.Zonotope.Scaling (1.0s)
✔ [2470/2480] Built OAI.Geometry.Zonotope.Euclidean (3.6s)
✔ [2471/2481] Built OAI.Geometry.ProjectionBody.GraphChart (4.4s)
✔ [2473/2494] Built OAI.Geometry.ProjectionBody.ProductFacets (4.3s)
✔ [2487/2514] Built Mathlib.Algebra.Algebra.StrictPositivity (2.5s)
✔ [2506/2520] Built OAI.Geometry.Zonotope.Product (4.3s)
✔ [2509/2521] Built OAI.Geometry.ProjectionBody.SimplexFacetCharts (4.6s)
✔ [2510/2521] Built Mathlib.Basic.NNReal.Star (1.0s)
✔ [2511/2523] Built Mathlib.LinearAlgebra.QuadraticForm.Basic (19s)
✔ [2513/2524] Built Mathlib.Topology.Algebra.Star.Real (1.6s)
✔ [2515/2524] Built Mathlib.Topology.ContinuousMap.StarOrdered (3.6s)
✔ [2517/2542] Built Mathlib.Topology.ContinuousMap.Lattice (2.4s)
✔ [2524/2542] Built OAI.Geometry.ProjectionBody.ProductFacetCharts (8.5s)
✔ [2526/2543] Built Mathlib.Topology.ContinuousMap.Polynomial (5.1s)
✔ [2529/2545] Built Mathlib.Algebra.Order.Module.Basic (2.1s)
✔ [2531/2546] Built Mathlib.LinearAlgebra.Matrix.PosDef (9.8s)
✔ [2534/2548] Built Mathlib.Analysis.Real.Spectrum (5.2s)
✔ [2536/2558] Built OAI.Geometry.ProjectionBody.ProductFacetGraphs (8.5s)
✔ [2547/2558] Built Mathlib.Analysis.Normed.Algebra.Unitization (8.5s)
✔ [2548/2560] Built Mathlib.RingTheory.Polynomial.Bernstein (5.9s)
✔ [2550/2573] Built Mathlib.Analysis.Normed.Algebra.UnitizationL1 (6.1s)
✔ [2652/2667] Built Mathlib.Analysis.CStarAlgebra.ContinuousFunctionalCalculus.Unital (21s)
✔ [2654/2672] Built Mathlib.Topology.Algebra.Module.Spaces.WeakBilin (3.3s)
✔ [2656/2672] Built Mathlib.Analysis.CStarAlgebra.Unitization (8.4s)
✔ [2657/2672] Built Mathlib.Analysis.SpecialFunctions.Bernstein (6.5s)
✔ [2659/2672] Built Mathlib.Topology.Algebra.Module.Spaces.WeakDual (5.6s)
✔ [2660/2672] Built Mathlib.Topology.ContinuousMap.Weierstrass (4.1s)
✔ [2661/2672] Built Mathlib.Topology.Algebra.Module.Spaces.CharacterSpace (3.9s)
✔ [2662/2729] Built Mathlib.FieldTheory.IsAlgClosed.Spectrum (4.6s)
✔ [2715/2731] Built Mathlib.Topology.OpenPartialHomeomorph.Composition (2.6s)
✔ [2716/2731] Built Mathlib.Topology.Sets.VietorisTopology (15s)
✔ [2718/2731] Built Mathlib.Analysis.Calculus.ContDiff.WithLp (4.9s)
✔ [2719/2731] Built Mathlib.Topology.ContinuousMap.StoneWeierstrass (11s)
✔ [2720/2731] Built Mathlib.Analysis.Normed.Module.Ball.Homeomorph (5.4s)
✔ [2721/2736] Built Mathlib.Analysis.Calculus.FDeriv.WithLp (5.5s)
✔ [2722/2736] Built Mathlib.Analysis.CStarAlgebra.ContinuousFunctionalCalculus.NonUnital (26s)
✔ [2723/2736] Built Mathlib.Analysis.SpecialFunctions.Sqrt (3.2s)
✔ [2724/2738] Built Mathlib.Topology.UniformSpace.Closeds (13s)
✔ [2725/2738] Built Mathlib.Analysis.Calculus.InverseFunctionTheorem.ApproximatesLinearOn (11s)
✔ [2726/2739] Built Mathlib.LinearAlgebra.Eigenspace.Basic (13s)
✔ [2727/2739] Built Mathlib.Analysis.CStarAlgebra.ContinuousFunctionalCalculus.Unique (13s)
✔ [2728/2739] Built Mathlib.Topology.Semicontinuity.Hemicontinuity (4.1s)
✔ [2729/2739] Built Mathlib.Analysis.CStarAlgebra.ContinuousFunctionalCalculus.Restrict (10s)
✔ [2730/2739] Built Mathlib.Analysis.Normed.Operator.Compact.Basic (7.5s)
✔ [2731/2739] Built Mathlib.Analysis.InnerProductSpace.Calculus (11s)
✔ [2732/2742] Built Mathlib.Analysis.Calculus.InverseFunctionTheorem.FDeriv (5.6s)
✔ [2733/2742] Built Mathlib.Analysis.Normed.Operator.Compact.FiniteDimension (2.6s)
✔ [2734/2748] Built Mathlib.Analysis.Calculus.LagrangeMultipliers (4.3s)
✔ [2739/2750] Built Mathlib.LinearAlgebra.Charpoly.Basic (4.9s)
✔ [2740/2750] Built Mathlib.LinearAlgebra.Matrix.Charpoly.Eigs (2.4s)
✔ [2741/2752] Built Mathlib.Analysis.Normed.Operator.Compact.FredholmAlternative (8.8s)
✔ [2742/2753] Built Mathlib.LinearAlgebra.Eigenspace.ContinuousLinearMap (2.6s)
✔ [2743/2754] Built Mathlib.LinearAlgebra.Charpoly.ToMatrix (3.4s)
✔ [2744/2754] Built Mathlib.Analysis.Normed.Algebra.Spectrum (12s)
✔ [2745/2754] Built Mathlib.Data.Fin.Tuple.Sort (2.4s)
✔ [2746/2757] Built Mathlib.LinearAlgebra.Eigenspace.Minpoly (3.9s)
✔ [2747/2757] Built Mathlib.Analysis.Matrix.Hermitian (3.3s)
✔ [2748/2757] Built Mathlib.LinearAlgebra.Charpoly.BaseChange (2.8s)
✔ [2750/2762] Built Mathlib.LinearAlgebra.Eigenspace.Matrix (4.0s)
✔ [2753/2763] Built Mathlib.LinearAlgebra.Eigenspace.Charpoly (2.7s)
✔ [2754/2763] Built Mathlib.Topology.Algebra.Group.Units (2.9s)
✔ [2755/2764] Built Mathlib.Topology.ContinuousMap.Units (5.0s)
✔ [2756/2766] Built Mathlib.Analysis.InnerProductSpace.Rayleigh (12s)
✔ [2757/2766] Built Mathlib.Analysis.RCLike.Sqrt (7.7s)
✔ [2758/2770] Built Mathlib.Algebra.Order.Star.Prod (1.8s)
✔ [2759/2772] Built Mathlib.Algebra.Algebra.Spectrum.Pi (2.2s)
✔ [2760/2772] Built Mathlib.Algebra.Order.Star.Real (1.0s)
✔ [2761/2772] Built Mathlib.Analysis.CStarAlgebra.ContinuousFunctionalCalculus.Instances (15s)
✔ [2762/2777] Built Mathlib.Analysis.CStarAlgebra.ContinuousFunctionalCalculus.Pi (3.7s)
✔ [2763/2777] Built Mathlib.Topology.ContinuousMap.ContinuousSqrt (2.9s)
✔ [2764/2795] Built Mathlib.Analysis.CStarAlgebra.ContinuousFunctionalCalculus.Commute (4.6s)
✔ [2780/2795] Built Mathlib.Analysis.InnerProductSpace.Spectrum (9.8s)
✔ [2781/2795] Built Mathlib.LinearAlgebra.Eigenspace.Zero (5.0s)
✔ [2782/2795] Built Mathlib.Analysis.SpecialFunctions.ContinuousFunctionalCalculus.PosPart.Basic (14s)
✔ [2783/2796] Built Mathlib.Analysis.Matrix.Spectrum (7.5s)
✔ [2784/2796] Built Mathlib.Analysis.Matrix.PosDef (4.4s)
✔ [2785/2796] Built Mathlib.Analysis.InnerProductSpace.Positive (19s)
✔ [2787/2796] Built Mathlib.Analysis.CStarAlgebra.ContinuousFunctionalCalculus.Isometric (23s)
✔ [2788/2796] Built Mathlib.Analysis.Matrix.HermitianFunctionalCalculus (5.0s)
✔ [2994/3011] Built Mathlib.Analysis.InnerProductSpace.SingularValues (4.9s)
✔ [2997/3024] Built OAI.Geometry.ProjectionBody.Definitions (5.1s)
✔ [3017/3036] Built Mathlib.Analysis.Convex.Intrinsic (7.5s)
✔ [3019/3037] Built Mathlib.MeasureTheory.Constructions.BorelSpace.ContinuousLinearMap (3.8s)
✔ [3020/3037] Built Mathlib.Analysis.Convex.Deriv (8.7s)
✔ [3021/3040] Built Mathlib.Analysis.SpecialFunctions.ContinuousFunctionalCalculus.Rpow.Basic (29s)
✔ [3022/3040] Built Mathlib.MeasureTheory.Integral.Bochner.FundThmCalculus (2.8s)
✔ [3023/3040] Built Mathlib.Analysis.CStarAlgebra.ContinuousFunctionalCalculus.Continuity (22s)
✔ [3024/3040] Built Mathlib.Topology.MetricSpace.HausdorffDimension (6.6s)
✔ [3025/3041] Built Mathlib.Analysis.Calculus.TangentCone.Prod (3.2s)
✔ [3026/3042] Built Mathlib.Analysis.SpecialFunctions.Log.NegMulLog (5.6s)
✔ [3027/3043] Built Mathlib.MeasureTheory.Integral.Bochner.VitaliCaratheodory (6.5s)
✔ [3028/3043] Built Mathlib.Analysis.SpecialFunctions.ContinuousFunctionalCalculus.Rpow.Isometric (6.8s)
✔ [3029/3046] Built Mathlib.Analysis.Calculus.FDeriv.Measurable (13s)
✔ [3030/3046] Built Mathlib.Analysis.Calculus.Deriv.Prod (5.5s)
✔ [3031/3047] Built Mathlib.Analysis.Calculus.FDeriv.Extend (5.8s)
✔ [3032/3047] Built Mathlib.Analysis.Calculus.InverseFunctionTheorem.Deriv (2.4s)
✔ [3033/3053] Built Mathlib.Analysis.SpecialFunctions.Complex.LogDeriv (4.2s)
✔ [3034/3056] Built Mathlib.Analysis.SpecialFunctions.Trigonometric.Deriv (8.6s)
✔ [3035/3056] Built Mathlib.Analysis.Convex.SpecificFunctions.Deriv (5.2s)
✔ [3036/3056] Built Mathlib.MeasureTheory.Integral.IntervalIntegral.FundThmCalculus (13s)
✔ [3037/3056] Built Mathlib.Analysis.SpecialFunctions.ContinuousFunctionalCalculus.Abs (13s)
✔ [3038/3056] Built Mathlib.Analysis.SpecialFunctions.Trigonometric.Complex (6.9s)
✔ [3039/3056] Built Mathlib.Analysis.Calculus.DSlope (3.4s)
✔ [3040/3056] Built Mathlib.Analysis.SpecialFunctions.Log.InvLog (4.0s)
✔ [3041/3056] Built Mathlib.Analysis.SpecialFunctions.NonIntegrable (4.7s)
✔ [3042/3058] Built Mathlib.Analysis.SpecialFunctions.Trigonometric.ComplexDeriv (3.6s)
✔ [3043/3058] Built Mathlib.Analysis.SpecialFunctions.Pow.Deriv (11s)
✔ [3044/3059] Built Mathlib.MeasureTheory.Covering.VitaliFamily (4.3s)
✔ [3045/3059] Built Mathlib.Analysis.SpecialFunctions.Trigonometric.Arctan (7.7s)
✔ [3046/3060] Built Mathlib.MeasureTheory.Function.AEMeasurableOrder (4.2s)
✔ [3047/3060] Built Mathlib.Analysis.SpecialFunctions.Integrability.Basic (4.6s)
✔ [3048/3072] Built Mathlib.Analysis.Matrix.Order (10s)
✔ [3049/3072] Built Mathlib.Analysis.SpecialFunctions.Trigonometric.ArctanDeriv (3.5s)
✔ [3050/3072] Built Mathlib.MeasureTheory.Measure.Decomposition.Hahn (3.4s)
✔ [3051/3074] Built Mathlib.MeasureTheory.Function.StronglyMeasurable.ENNReal (2.5s)
✔ [3052/3074] Built Mathlib.MeasureTheory.Measure.Sub (2.1s)
✔ [3053/3074] Built Mathlib.Analysis.InnerProductSpace.GramMatrix (6.8s)
✔ [3054/3075] Built Mathlib.MeasureTheory.Function.AEEqOfLIntegral (2.5s)
✔ [3055/3077] Built Mathlib.MeasureTheory.Integral.Average (13s)
✔ [3056/3077] Built OAI.Geometry.ProjectionBody.NullHyperplane (3.1s)
✔ [3057/3079] Built Mathlib.Analysis.SpecialFunctions.Trigonometric.Bounds (4.0s)
✔ [3058/3079] Built OAI.Geometry.ProjectionBody.Arithmetic (2.4s)
✔ [3059/3081] Built OAI.Geometry.ProjectionBody.FacetMeasure (2.8s)
✔ [3060/3081] Built Mathlib.Analysis.SpecialFunctions.Trigonometric.Sinc (3.5s)
✔ [3061/3081] Built Mathlib.MeasureTheory.Measure.Decomposition.Lebesgue (7.6s)
✔ [3062/3084] Built OAI.Geometry.ProjectionBody.ProjectionKernel (4.4s)
✔ [3064/3089] Built OAI.Geometry.ProjectionBody.BrightnessSum (2.4s)
✔ [3065/3089] Built OAI.Geometry.ProjectionBody.UnitSupport (2.5s)
✔ [3066/3089] Built Mathlib.Analysis.InnerProductSpace.NormDet (12s)
✔ [3067/3089] Built OAI.Geometry.Zonotope.Determinant (2.6s)
✔ [3068/3089] Built Mathlib.MeasureTheory.Covering.Differentiation (6.6s)
✔ [3069/3089] Built OAI.Geometry.ProjectionBody.AffineChartMeasure (3.8s)
✔ [3070/3089] Built OAI.Geometry.ProjectionBody.ZonotopeBridge (4.3s)
✔ [3071/3089] Built OAI.Geometry.Zonotope.Shear (2.3s)
✔ [3072/3089] Built OAI.Geometry.ProjectionBody.GraphJacobian (2.9s)
✔ [3073/3089] Built OAI.Geometry.ProjectionBody.HyperplaneJacobian (5.7s)
✔ [3074/3089] Built OAI.Geometry.ProjectionBody.ProductZonotopeBridge (5.8s)
✔ [3075/3089] Built OAI.Geometry.Zonotope.Volume (5.5s)
✔ [3076/3089] Built Mathlib.MeasureTheory.Covering.Besicovitch (8.9s)
✔ [3077/3089] Built OAI.Geometry.ProjectionBody.GraphProjection (6.4s)
✔ [3078/3089] Built OAI.Geometry.Zonotope.EuclideanVolume (4.0s)
✔ [3079/3089] Built OAI.Geometry.ProjectionBody.ProductFacetProjection (3.5s)
✔ [3080/3089] Built Mathlib.MeasureTheory.Covering.BesicovitchVectorSpace (5.5s)
✔ [3081/3089] Built Mathlib.MeasureTheory.Function.Jacobian (7.6s)
✔ [3082/3089] Built Mathlib.MeasureTheory.Function.JacobianOneDim (4.6s)
✔ [3083/3089] Built Mathlib.MeasureTheory.Integral.IntervalIntegral.IntegrationByParts (5.3s)
✔ [3084/3089] Built Mathlib.Analysis.SpecialFunctions.Integrals.Basic (5.1s)
✔ [3085/3089] Built OAI.Geometry.ProjectionBody.SimplexVolume (3.0s)
✔ [3086/3089] Built OAI.Geometry.ProjectionBody.ProductVolumes (2.8s)
✔ [3087/3089] Built OAI.Geometry.ProjectionBody.SimplexBrightness (3.5s)
✔ [3088/3089] Built OAI.Geometry.ProjectionBody.ProductBrightness (3.0s)
✔ [3089/3089] Built OAI.Geometry.ProjectionBody.Counterexample (2.8s)
Build completed successfully (3089 jobs).
Exporting #[Quot, Quot.mk, Quot.lift, Quot.ind, OAI.ProjectionCounterexample.universal_simplex_upper_bound_false, propext, Quot.sound, Classical.choice, Nat.add, Nat.sub, Nat.mul, Nat.pow, Nat.gcd, Nat.div, Nat.mod, Nat.beq, Nat.ble, Nat.land, Nat.lor, Nat.xor, Nat.shiftLeft, Nat.shiftRight, String.ofList, Char.ofNat, List, eagerReduce, Nat, String, String.mk, Char, optParam, autoParam, semiOutParam, outParam] from OAI.Geometry.ProjectionBody.Counterexample
Running Lean default kernel on solution.
Lean default kernel accepts the solution
Your solution is okay!
