Building ComparatorChallenges.GotsmanLinial
⚠ [1640/1640] Built ComparatorChallenges.GotsmanLinial (2.2s)
warning: ComparatorChallenges/GotsmanLinial.lean:49:8: declaration uses `sorry`
Build completed successfully (1640 jobs).
Exporting #[Quot, Quot.mk, Quot.lift, Quot.ind, OAI.LeanBlast.GotsmanLinial.gotsmanLinialStatement, propext, Quot.sound, Classical.choice, Nat.add, Nat.sub, Nat.mul, Nat.pow, Nat.gcd, Nat.div, Nat.mod, Nat.beq, Nat.ble, Nat.land, Nat.lor, Nat.xor, Nat.shiftLeft, Nat.shiftRight, String.ofList, Char.ofNat, List, eagerReduce, Nat, String, String.mk, Char, optParam, autoParam, semiOutParam, outParam] from ComparatorChallenges.GotsmanLinial
Building OAI.Combinatorics.GotsmanLinial.Main
✔ [1911/1917] Built OAI.Combinatorics.GotsmanLinial.Model (2.8s)
✔ [1912/1921] Built OAI.Combinatorics.GotsmanLinial.BinomialMoments (3.0s)
✔ [1913/1921] Built OAI.Combinatorics.GotsmanLinial.HilbertSchmidt (3.6s)
✔ [1914/1921] Built OAI.Combinatorics.GotsmanLinial.ScalarIncrements (4.0s)
✔ [1915/1925] Built OAI.Combinatorics.GotsmanLinial.Statement (2.8s)
✔ [1916/2053] Built OAI.Combinatorics.GotsmanLinial.FiniteCoupling (2.5s)
✔ [2426/2437] Built Mathlib.Topology.Algebra.NonUnitalAlgebra (3.0s)
✔ [2427/2437] Built Mathlib.Algebra.Central.Defs (1.7s)
✔ [2429/2437] Built Mathlib.Analysis.Normed.Group.NullSubmodule (2.2s)
✔ [2430/2441] Built Mathlib.Topology.Algebra.StarSubalgebra (5.6s)
✔ [2431/2442] Built Mathlib.Topology.Algebra.Module.PerfectPairing (2.6s)
✔ [2432/2446] Built Mathlib.Algebra.Central.Basic (1.6s)
✔ [2433/2446] Built Mathlib.Algebra.Group.Submonoid.Support (2.4s)
✔ [2434/2447] Built Mathlib.Topology.Algebra.NonUnitalStarAlgebra (4.7s)
✔ [2435/2447] Built Mathlib.Algebra.Star.UnitaryStarAlgAut (4.0s)
✔ [2436/2449] Built Mathlib.Geometry.Convex.Cone.Basic (7.3s)
✔ [2437/2449] Built Mathlib.Analysis.InnerProductSpace.Dual (6.7s)
✔ [2438/2449] Built Mathlib.Analysis.Convex.Gauge (8.9s)
✔ [2439/2449] Built Mathlib.Analysis.RCLike.Extend (5.8s)
✔ [2440/2477] Built Mathlib.Topology.UniformSpace.Matrix (2.3s)
✔ [3177/3194] Built Mathlib.Analysis.Matrix.Normed (8.1s)
✔ [3178/3194] Built Mathlib.Geometry.Convex.Cone.Pointed (6.6s)
✔ [3179/3194] Built Mathlib.LinearAlgebra.Matrix.Hadamard (2.6s)
✔ [3180/3198] Built Mathlib.LinearAlgebra.Matrix.ZPow (3.7s)
✔ [3181/3198] Built Mathlib.Analysis.CStarAlgebra.Classes (13s)
✔ [3182/3198] Built Mathlib.Analysis.Convex.Cone.Extension (3.5s)
✔ [3183/3199] Built Mathlib.InformationTheory.Hamming (3.8s)
✔ [3185/3205] Built Mathlib.LinearAlgebra.Matrix.Hermitian (4.4s)
✔ [3186/3205] Built OAI.Combinatorics.GotsmanLinial.Walsh (3.3s)
✔ [3187/3205] Built Mathlib.Analysis.LocallyConvex.Separation (5.5s)
✔ [3188/3205] Built OAI.Combinatorics.GotsmanLinial.WalshDimensions (3.1s)
✔ [3189/3205] Built OAI.Combinatorics.GotsmanLinial.PolynomialDegree (3.6s)
✔ [3190/3205] Built OAI.Combinatorics.GotsmanLinial.SignParity (3.8s)
✔ [3191/3205] Built Mathlib.Analysis.LocallyConvex.SeparatingDual (5.7s)
✔ [3192/3205] Built OAI.Combinatorics.GotsmanLinial.EdgeRecovery (3.0s)
✔ [3193/3205] Built Mathlib.Analysis.InnerProductSpace.Adjoint (28s)
✔ [3194/3205] Built OAI.Combinatorics.GotsmanLinial.ProjectionTrace (2.8s)
✔ [3195/3205] Built Mathlib.Analysis.CStarAlgebra.Matrix (8.5s)
✔ [3196/3205] Built OAI.Combinatorics.GotsmanLinial.CoordinateMultipliers (4.1s)
✔ [3197/3205] Built OAI.Combinatorics.GotsmanLinial.ProjectionBlocks (4.8s)
✔ [3198/3205] Built OAI.Combinatorics.GotsmanLinial.CoordinateDegree (2.6s)
✔ [3199/3205] Built OAI.Combinatorics.GotsmanLinial.CubeOperators (3.4s)
✔ [3200/3205] Built OAI.Combinatorics.GotsmanLinial.BlockCoupling (4.2s)
✔ [3201/3205] Built OAI.Combinatorics.GotsmanLinial.Commutator (4.5s)
✔ [3202/3205] Built OAI.Combinatorics.GotsmanLinial.WeightedGrading (5.2s)
✔ [3203/3205] Built OAI.Combinatorics.GotsmanLinial.GradingShift (3.0s)
✔ [3204/3205] Built OAI.Combinatorics.GotsmanLinial.BlockVanishing (4.2s)
✔ [3205/3205] Built OAI.Combinatorics.GotsmanLinial.Main (3.4s)
Build completed successfully (3205 jobs).
Exporting #[Quot, Quot.mk, Quot.lift, Quot.ind, OAI.LeanBlast.GotsmanLinial.gotsmanLinialStatement, propext, Quot.sound, Classical.choice, Nat.add, Nat.sub, Nat.mul, Nat.pow, Nat.gcd, Nat.div, Nat.mod, Nat.beq, Nat.ble, Nat.land, Nat.lor, Nat.xor, Nat.shiftLeft, Nat.shiftRight, String.ofList, Char.ofNat, List, eagerReduce, Nat, String, String.mk, Char, optParam, autoParam, semiOutParam, outParam] from OAI.Combinatorics.GotsmanLinial.Main
Running Lean default kernel on solution.
Lean default kernel accepts the solution
Your solution is okay!
